          ============================================================
          |                                                          |
          |            Crystallography & NMR System (CNS)            |
          |                         CNSsolve                         |
          |                                                          |
          ============================================================
           Version: 1.3
           Status: General release
          ============================================================
           Written by: A.T.Brunger, P.D.Adams, G.M.Clore, W.L.DeLano,
                       P.Gros, R.W.Grosse-Kunstleve,J.-S.Jiang,J.M.Krahn,
                       J.Kuszewski, M.Nilges, N.S.Pannu, R.J.Read,
                       L.M.Rice, G.F.Schroeder, T.Simonson, G.L.Warren.
           Copyright (c) 1997-2010 Yale University
          ============================================================
           Running on machine: lewis4-r710-login-node223 (x86_64/Linux,64-bit)
                               with 16 threads
           Program started by: oeow39
           Program started at: 16:07:57 on 05-Jul-2018
          ============================================================

 FFT3C: Using FFTPACK4.1

 CNSsolve>remarks  file cv_dihed_test.inp Alexandre Bonvin, Jan 1996 
 CNSsolve>remarks  test complete cross-validation on dihedral angle restraints 
 CNSsolve> 
 CNSsolve>set seed=739591 end 
 CNSsolve> 
 CNSsolve>parameter                                           { set energy parameters } 
 PARRDR>    @CNS_TOPPAR:protein-allhdg5-4.param 
 ASSFIL: file protein-allhdg5-4.param opened.
 PARRDR>remarks file toppar/protein-allhdg5-4.param 
 PARRDR>remark 
 PARRDR>remark   for file protein-allhdg-ucl.top  version UCL  date 14-MAR-00 
 PARRDR>remark   for file protein-allhdg-dih-ucl.top  version UCL  date 07-JUL-01 
 PARRDR>remark   Geometric energy function parameters for distance geometry and 
 PARRDR>remark   simulated annealing. 
 PARRDR>remark   Original author: Michael Nilges, EMBL Heidelberg 
 PARRDR>remark   Modifications: Mark A. Williams, UCL London 
 PARRDR>remark   Several modifications for HADDOCK: Alexandre Bonvin, Utrecht Uni 
 PARRDR>remark   Last modification 8-19-2011 
 PARRDR> 
 PARRDR>set message ? end eval ($old_message=$result) set echo ? end eval ($old_echo=$result) 
 MESSage=NORM
 EVALUATE: symbol $OLD_MESSAGE set to "NORM" (string)
 ECHO=TRUE {ON}
 EVALUATE: symbol $OLD_ECHO set to TRUE (logical)
 PARRDR>set message=off echo=off end 
 PARRDR> 
 PARRDR>    nbonds 
 NBDSET>        atom  nbxmod -3  tolerance 0.5 
 NBDSET>        repel 0.75  rcon 4.0  rexp 2  cutnb 4.5 
 NBDSET>    end 
 PARRDR>end 
 %PARRDR-info: duplication of bond HC   NC2 
 %PARRDR-info: duplication of angle CH2P CH2E HA  
 CNSsolve>flags include cdih end                 { include the dihedral angle restraint 
 CNSsolve>                                         energy term } 
 CNSsolve> 
 CNSsolve>topology @CNS_TOPPAR:protein-allhdg5-4.top end 
 ASSFIL: file protein-allhdg5-4.top opened.
 RTFRDR>remarks file toppar/protein-allhdg5-4.top 
 RTFRDR>remarks 
 RTFRDR>remarks   file topallhdg.pro  version 5.4  date 07-July-10 
 RTFRDR>remarks      for file parallhdg.pro version 5.4 date 07-July-10 or later 
 RTFRDR>remarks   Geometric energy function parameters for distance geometry and 
 RTFRDR>remarks      simulated annealing. 
 RTFRDR>remarks   Author: Michael Nilges, EMBL Heidelberg; Institut Pasteur, Paris 
 RTFRDR>remarks   This file contains modifications from M. Williams, UCL London 
 RTFRDR>remarks   and multiple modifications for HADDOCK from A. Bonvin, Utrecht University 
 RTFRDR>remarks   Last modification 10-01-2012 
 RTFRDR> 
 RTFRDR>set message ? end eval ($old_message=$result) set echo ? end eval ($old_echo=$result) 
 MESSage=NORM
 EVALUATE: symbol $OLD_MESSAGE set to "NORM" (string)
 ECHO=TRUE {ON}
 EVALUATE: symbol $OLD_ECHO set to TRUE (logical)
 RTFRDR>set message=off echo=off end 
 RTFRDR> 
 RTFRDR> end 
 CNSsolve> 
 CNSsolve>segment 
 SEGMENT>  name="    " 
 SEGMENT>  chain 
 CHAIN>    @CNS_TOPPAR:protein-allhdg5-4.link 
 ASSFIL: file protein-allhdg5-4.link opened.
 CHAIN>remarks file toppar/protein-allhdg5-4.link 
 CHAIN>remarks 
 CHAIN>remarks this is a macro to define standard protein peptide bonds 
 CHAIN>remarks and termini to generate a protein sequence. 
 CHAIN> 
 CHAIN>!added links for MSE (8-19-2011, ATB) 
 CHAIN> 
 CHAIN>set message ? end eval ($old_message=$result) set echo ? end eval ($old_echo=$result) 
 MESSage=NORM
 EVALUATE: symbol $OLD_MESSAGE set to "NORM" (string)
 ECHO=TRUE {ON}
 EVALUATE: symbol $OLD_ECHO set to TRUE (logical)
 CHAIN>set message=off echo=off end 
 CHAIN> 
 CHAIN>    coordinates 
 COOR>ATOM      1  CA  MET     1     -13.296   0.028   3.924  1.00  0.43 
 SEGMNT-info: chain termination due to END keyword.     6 residues were inserted into segid "    "
 CHAIN>  end 
 SEGMENT>end 
 Status of internal molecular topology database:
 -> NATOM=        115(MAXA=     1000000)  NBOND=        115(MAXB=     1000000)
 -> NTHETA=       210(MAXT=     2000000)  NGRP=           8(MAXGRP=   1000000)
 -> NPHI=         144(MAXP=     2000000)  NIMPHI=        54(MAXIMP=   1000000)
 -> NNB=           72(MAXNB=    1000000) 
 CNSsolve> 
 CNSsolve>coordinates 
 COOR>ATOM      1  CA  MET     1     -13.296   0.028   3.924  1.00  0.43 
 COOR>ATOM      2  HA  MET     1     -13.502  -0.985   4.229  1.00  0.80 
 %READC-WRN: still      1 missing coordinates (in selected subset)
 CNSsolve> 
 CNSsolve>delete sele=(not(known)) end 
 SELRPN:      1 atoms have been selected out of    115
 Status of internal molecular topology database:
 -> NATOM=        114(MAXA=     1000000)  NBOND=        114(MAXB=     1000000)
 -> NTHETA=       208(MAXT=     2000000)  NGRP=           8(MAXGRP=   1000000)
 -> NPHI=         144(MAXP=     2000000)  NIMPHI=        53(MAXIMP=   1000000)
 -> NNB=           72(MAXNB=    1000000) 
 CNSsolve> 
 CNSsolve>{====>}                                 {* set up dihed. angle restraints   *} 
 CNSsolve>restraints dihed reset end 
 CNSsolve>restraints dihed 
 DIHEDRAL> scale 200.0 
 DIHEDRAL> assign (resid   1 and name c )   (resid   2 and name n ) 
 SELRPN:      1 atoms have been selected out of    114
 SELRPN:      1 atoms have been selected out of    114
 SELRPN>        (resid   2 and name ca)   (resid   2 and name c )  1.0 -129.018 00.0 2 
 SELRPN:      1 atoms have been selected out of    114
 SELRPN:      1 atoms have been selected out of    114
 DIHEDRAL> assign (resid   2 and name c )   (resid   3 and name n ) 
 SELRPN:      1 atoms have been selected out of    114
 SELRPN:      1 atoms have been selected out of    114
 SELRPN>        (resid   3 and name ca)   (resid   3 and name c )  1.0 -91.804 00.0 2 
 SELRPN:      1 atoms have been selected out of    114
 SELRPN:      1 atoms have been selected out of    114
 DIHEDRAL> assign (resid   3 and name c )   (resid   4 and name n ) 
 SELRPN:      1 atoms have been selected out of    114
 SELRPN:      1 atoms have been selected out of    114
 SELRPN>        (resid   4 and name ca)   (resid   4 and name c )  1.0 -91.804 00.0 2 
 SELRPN:      1 atoms have been selected out of    114
 SELRPN:      1 atoms have been selected out of    114
 DIHEDRAL> assign (resid   4 and name c )   (resid   5 and name n ) 
 SELRPN:      1 atoms have been selected out of    114
 SELRPN:      1 atoms have been selected out of    114
 SELRPN>        (resid   5 and name ca)   (resid   5 and name c )  1.0 -87.002 00.0 2 
 SELRPN:      1 atoms have been selected out of    114
 SELRPN:      1 atoms have been selected out of    114
 DIHEDRAL> assign (resid   5 and name c )   (resid   6 and name n ) 
 SELRPN:      1 atoms have been selected out of    114
 SELRPN:      1 atoms have been selected out of    114
 SELRPN>        (resid   6 and name ca)   (resid   6 and name c )  1.0 -125.181 00.0 2 
 SELRPN:      1 atoms have been selected out of    114
 SELRPN:      1 atoms have been selected out of    114
 DIHEDRAL> part=2				{* partition DIH restraints         *} 
 For set   1 there are     3 dihedral angle restraints.
 For set   2 there are     2 dihedral angle restraints.
 DIHEDRAL>end 
 CNSsolve> 
 CNSsolve>restraint dihedral ? end 
 Total number of dihedral angle restraints=     5
  overall scale =  200.0000
 ========================================
      1    MET  C   
      2    THR  N   
      2    THR  CA  
      2    THR  C   
 Dihedral= -129.018  Energy=    0.000 C=    1.000 Equil= -129.018 Delta=    0.000
 Range=   0.000 Exponent=  2
 ========================================
      2    THR  C   
      3    TYR  N   
      3    TYR  CA  
      3    TYR  C   
 Dihedral=  -91.804  Energy=    0.000 C=    1.000 Equil=  -91.804 Delta=    0.000
 Range=   0.000 Exponent=  2
 ========================================
      3    TYR  C   
      4    LYS  N   
      4    LYS  CA  
      4    LYS  C   
 Dihedral= -111.119  Energy=    0.114 C=    1.000 Equil=  -91.804 Delta=   19.315
 Range=   0.000 Exponent=  2
 ========================================
      4    LYS  C   
      5    LEU  N   
      5    LEU  CA  
      5    LEU  C   
 Dihedral=  -87.002  Energy=    0.000 C=    1.000 Equil=  -87.002 Delta=    0.000
 Range=   0.000 Exponent=  2
 ========================================
      5    LEU  C   
      6    ILE  N   
      6    ILE  CA  
      6    ILE  C   
 Dihedral= -125.181  Energy=    0.000 C=    1.000 Equil= -125.181 Delta=    0.000
 Range=   0.000 Exponent=  2
 Number of dihedral angle restraints=    5
 RMS deviation=   8.638
 CNSsolve>energy end 
 NBONDS: generating intra-molecular exclusion list with mode=-3
 MAKINB: mode  -3 found    322 exclusions and      0 interactions(1-4)
 NBONDS: found      814 intra-atom interactions
 --------------- cycle=     1 --------------------------------------------------
 | Etotal =270.783    grad(E)=53.720     E(BOND)=17.160     E(ANGL)=58.916     |
 | E(DIHE)=42.370     E(IMPR)=3.059      E(VDW )=126.548    E(ELEC)=0.000      |
 | E(CDIH)=22.729                                                              |
 -------------------------------------------------------------------------------
 CNSsolve> 
 CNSsolve>restraint dihedral cv=1 ? end 
 Working set   1 containing     2 dihedral angle restraints.
 Total number of dihedral angle restraints=     5
  overall scale =  200.0000
 $$$$$$$$$$$$$$$$$$ working set $$$$$$$$$$$$$$$$$$$$$$$$$$$$$$
 ========================================
      2    THR  C   
      3    TYR  N   
      3    TYR  CA  
      3    TYR  C   
 Dihedral=  -91.804  Energy=    0.000 C=    1.000 Equil=  -91.804 Delta=    0.000
 Range=   0.000 Exponent=  2
 ========================================
      4    LYS  C   
      5    LEU  N   
      5    LEU  CA  
      5    LEU  C   
 Dihedral=  -87.002  Energy=    0.000 C=    1.000 Equil=  -87.002 Delta=    0.000
 Range=   0.000 Exponent=  2
 Number of dihedral angle restraints=    2
 RMS deviation=   0.000
 Total number of dihedral angle restraints=     5
  overall scale =  200.0000
 $$$$$$$$$$$$$$$$$$$$ test set (TEST=    1)  $$$$$$$$$$$$$$$$$$$$$$
 ========================================
      1    MET  C   
      2    THR  N   
      2    THR  CA  
      2    THR  C   
 Dihedral= -129.018  Energy=    0.000 C=    1.000 Equil= -129.018 Delta=    0.000
 Range=   0.000 Exponent=  2
 ========================================
      3    TYR  C   
      4    LYS  N   
      4    LYS  CA  
      4    LYS  C   
 Dihedral= -111.119  Energy=    0.114 C=    1.000 Equil=  -91.804 Delta=   19.315
 Range=   0.000 Exponent=  2
 ========================================
      5    LEU  C   
      6    ILE  N   
      6    ILE  CA  
      6    ILE  C   
 Dihedral= -125.181  Energy=    0.000 C=    1.000 Equil= -125.181 Delta=    0.000
 Range=   0.000 Exponent=  2
 Number of dihedral angle restraints=    3
 RMS deviation=  11.152
 CNSsolve>energy end 
 --------------- cycle=     2 --------------------------------------------------
 | Etotal =248.054    grad(E)=50.725     E(BOND)=17.160     E(ANGL)=58.916     |
 | E(DIHE)=42.370     E(IMPR)=3.059      E(VDW )=126.548    E(ELEC)=0.000      |
 | E(CDIH)=0.000                                                               |
 -------------------------------------------------------------------------------
 CNSsolve> 
 CNSsolve>minimize powells nstep=10 nprin=20 end 
 POWELL: number of degrees of freedom=   342
 POWELL: STEP number limit. Normal termination
 POWELL: Current coordinates set to last minimum
 CNSsolve>energy end 
 --------------- cycle=     3 --------------------------------------------------
 | Etotal =152.011    grad(E)=8.739      E(BOND)=12.089     E(ANGL)=17.329     |
 | E(DIHE)=42.696     E(IMPR)=4.804      E(VDW )=75.038     E(ELEC)=0.000      |
 | E(CDIH)=0.055                                                               |
 -------------------------------------------------------------------------------
 CNSsolve>print threshold=1.0 cdih 
 Total number of dihedral angle restraints=     5
  overall scale =  200.0000
 $$$$$$$$$$$$$$$$$$ working set $$$$$$$$$$$$$$$$$$$$$$$$$$$$$$
 Number of dihedral angle restraints=    2
 Number of violations greater than    1.000:     0
 RMS deviation=   0.672
 Total number of dihedral angle restraints=     5
  overall scale =  200.0000
 $$$$$$$$$$$$$$$$$$$$ test set (TEST=    1)  $$$$$$$$$$$$$$$$$$$$$$
 ========================================
      3    TYR  C   
      4    LYS  N   
      4    LYS  CA  
      4    LYS  C   
 Dihedral= -110.355  Energy=    0.105 C=    1.000 Equil=  -91.804 Delta=   18.551
 Range=   0.000 Exponent=  2
 ========================================
      5    LEU  C   
      6    ILE  N   
      6    ILE  CA  
      6    ILE  C   
 Dihedral= -124.053  Energy=    0.000 C=    1.000 Equil= -125.181 Delta=   -1.128
 Range=   0.000 Exponent=  2
 Number of dihedral angle restraints=    3
 Number of violations greater than    1.000:     2
 RMS deviation=  10.737
 CNSsolve>display $rms $violations $test_rms $test_violations 
0.67155 0 10.7374 2
 CNSsolve> 
 CNSsolve>restraint dihedral cv=2 end 
 Working set   2 containing     3 dihedral angle restraints.
 CNSsolve>minimize powells nstep=10 nprin=20 end 
 POWELL: number of degrees of freedom=   342
 POWELL: STEP number limit. Normal termination
 POWELL: Current coordinates set to last minimum
 CNSsolve>energy end 
 --------------- cycle=     4 --------------------------------------------------
 | Etotal =150.455    grad(E)=9.579      E(BOND)=12.733     E(ANGL)=14.494     |
 | E(DIHE)=42.871     E(IMPR)=4.601      E(VDW )=67.160     E(ELEC)=0.000      |
 | E(CDIH)=8.597                                                               |
 -------------------------------------------------------------------------------
 CNSsolve>print threshold=1.0 cdih 
 Total number of dihedral angle restraints=     5
  overall scale =  200.0000
 $$$$$$$$$$$$$$$$$$ working set $$$$$$$$$$$$$$$$$$$$$$$$$$$$$$
 ========================================
      3    TYR  C   
      4    LYS  N   
      4    LYS  CA  
      4    LYS  C   
 Dihedral= -103.634  Energy=    0.043 C=    1.000 Equil=  -91.804 Delta=   11.830
 Range=   0.000 Exponent=  2
 Number of dihedral angle restraints=    3
 Number of violations greater than    1.000:     1
 RMS deviation=   6.858
 Total number of dihedral angle restraints=     5
  overall scale =  200.0000
 $$$$$$$$$$$$$$$$$$$$ test set (TEST=    2)  $$$$$$$$$$$$$$$$$$$$$$
 ========================================
      2    THR  C   
      3    TYR  N   
      3    TYR  CA  
      3    TYR  C   
 Dihedral=  -93.576  Energy=    0.001 C=    1.000 Equil=  -91.804 Delta=    1.772
 Range=   0.000 Exponent=  2
 Number of dihedral angle restraints=    2
 Number of violations greater than    1.000:     1
 RMS deviation=   1.260
 CNSsolve>display $rms $violations $test_rms $test_violations 
6.85819 1 1.25988 1
 CNSsolve> 
 CNSsolve>stop 
          ============================================================
           Maximum dynamic memory allocation:     8287744 bytes
           Maximum dynamic memory overhead:          1136 bytes
           Program started at: 16:07:57 on 05-Jul-2018
           Program stopped at: 16:07:57 on 05-Jul-2018
           CPU time used:       0.0493 seconds
          ============================================================
