          ============================================================
          |                                                          |
          |            Crystallography & NMR System (CNS)            |
          |                         CNSsolve                         |
          |                                                          |
          ============================================================
           Version: 1.3
           Status: General release
          ============================================================
           Written by: A.T.Brunger, P.D.Adams, G.M.Clore, W.L.DeLano,
                       P.Gros, R.W.Grosse-Kunstleve,J.-S.Jiang,J.M.Krahn,
                       J.Kuszewski, M.Nilges, N.S.Pannu, R.J.Read,
                       L.M.Rice, G.F.Schroeder, T.Simonson, G.L.Warren.
           Copyright (c) 1997-2010 Yale University
          ============================================================
           Running on machine: lewis4-r710-login-node223 (x86_64/Linux,64-bit)
                               with 16 threads
           Program started by: oeow39
           Program started at: 16:08:00 on 05-Jul-2018
          ============================================================

 FFT3C: Using FFTPACK4.1

 CNSsolve>remarks dsele.inp 
 CNSsolve>remarks test double selection facilities 
 CNSsolve>remarks Thomas Simonson 
 CNSsolve>remarks ================ 
 CNSsolve> 
 CNSsolve>topology  @CNS_TOPPAR:protein.top end 
 ASSFIL: file protein.top opened.
 RTFRDR>remarks file toppar/protein.top 
 RTFRDR>remarks   protein topology with polar hydrogens 
 RTFRDR> 
 RTFRDR>! 
 RTFRDR>! Please cite the following reference when using these parameters: 
 RTFRDR>! Engh, R.A. and  Huber, R. (1991). Accurate Bond and 
 RTFRDR>!  Angle Parameters for X-ray Protein-Structure Refinement, 
 RTFRDR>!  Acta Cryst. A47, 392-400. 
 RTFRDR>! 
 RTFRDR>! 
 RTFRDR> 
 RTFRDR>set message ? end eval ($old_message=$result) set echo ? end eval ($old_echo=$result) 
 MESSage=NORM
 EVALUATE: symbol $OLD_MESSAGE set to "NORM" (string)
 ECHO=TRUE {ON}
 EVALUATE: symbol $OLD_ECHO set to TRUE (logical)
 RTFRDR>set message=off echo=off end 
 RTFRDR> 
 RTFRDR> 
 RTFRDR> end 
 CNSsolve>parameter @CNS_TOPPAR:protein.param end 
 ASSFIL: file protein.param opened.
 PARRDR>remarks file toppar/protein.param 
 PARRDR>remarks   protein parameters with Lennard-Jones van der Waals parameters 
 PARRDR>remarks   for crystallographic structure determination 
 PARRDR> 
 PARRDR>! 
 PARRDR>! Please cite the following reference when using these parameters: 
 PARRDR>! Engh, R.A. and  Huber, R. (1991). Accurate Bond and 
 PARRDR>!  Angle Parameters for X-ray Protein-Structure Refinement, 
 PARRDR>!  Acta Cryst. A47, 392-400. 
 PARRDR>! 
 PARRDR>! 
 PARRDR> 
 PARRDR>set message ? end eval ($old_message=$result) set echo ? end eval ($old_echo=$result) 
 MESSage=NORM
 EVALUATE: symbol $OLD_MESSAGE set to "NORM" (string)
 ECHO=TRUE {ON}
 EVALUATE: symbol $OLD_ECHO set to TRUE (logical)
 PARRDR>set message=off echo=off end 
 PARRDR> 
 PARRDR> end 
 CNSsolve>parameter 
 PARRDR>  nbonds 
 NBDSET>     atom cdie shift eps=1.0 
 NBDSET>     cutnb=100.0 
 NBDSET>     nbxmod=5 vswitch 
 NBDSET>  end 
 PARRDR>end 
 CNSsolve> 
 CNSsolve>segment 
 SEGMENT>  name=tryp 
 SEGMENT>  chain 
 CHAIN>     @CNS_TOPPAR:protein.link 
 ASSFIL: file protein.link opened.
 CHAIN>remarks file toppar/protein.link 
 CHAIN>remarks 
 CHAIN>remarks this is a macro to define standard protein peptide bonds 
 CHAIN>remarks and termini to generate a protein sequence. 
 CHAIN> 
 CHAIN>set message ? end eval ($old_message=$result) set echo ? end eval ($old_echo=$result) 
 MESSage=NORM
 EVALUATE: symbol $OLD_MESSAGE set to "NORM" (string)
 ECHO=TRUE {ON}
 EVALUATE: symbol $OLD_ECHO set to TRUE (logical)
 CHAIN>set message=off echo=off end 
 CHAIN>     sequence 
 SEQUENCE>        TRP 
 SEQUence-element (terminate with END) =     end 
 SEGMNT:     1 residues were inserted into segment "TRYP"
 CHAIN>  end 
 SEGMENT>end 
 Status of internal molecular topology database:
 -> NATOM=         19(MAXA=     1000000)  NBOND=         20(MAXB=     1000000)
 -> NTHETA=        30(MAXT=     2000000)  NGRP=           3(MAXGRP=   1000000)
 -> NPHI=          10(MAXP=     2000000)  NIMPHI=        15(MAXIMP=   1000000)
 -> NNB=            0(MAXNB=    1000000) 
 CNSsolve> 
 CNSsolve>coor 
 COOR>ATOM      1  HT1 TRP     1       0.101   0.574  -1.385  1.00  0.00      TRYP 
 COOR>ATOM      2  HT2 TRP     1       1.711   0.436  -1.904  1.00  0.00      TRYP 
 CNSsolve> 
 CNSsolve>energy end 
 NBONDS: generating intra-molecular exclusion list with mode= 5
 MAKINB: mode   5 found     50 exclusions and     29 interactions(1-4)
 NBONDS: found       92 intra-atom interactions
 --------------- cycle=     1 --------------------------------------------------
 | Etotal =77.632     grad(E)=216.893    E(BOND)=40.681     E(ANGL)=55.851     |
 | E(DIHE)=10.798     E(IMPR)=20.775     E(VDW )=6.841      E(ELEC)=-57.313    |
 -------------------------------------------------------------------------------
 CNSsolve>pick bond (name CA) (name CB) energy 
 SELRPN:      1 atoms have been selected out of     19
 SELRPN:      1 atoms have been selected out of     19
 ENER=      0.006776
 CNSsolve>pick angle (name CA) (name CB) (name CG) energy 
 SELRPN:      1 atoms have been selected out of     19
 SELRPN:      1 atoms have been selected out of     19
 SELRPN:      1 atoms have been selected out of     19
 ENER=      0.085412
 CNSsolve>pick angle (name CA) (name CB) (name CG) geometry 
 SELRPN:      1 atoms have been selected out of     19
 SELRPN:      1 atoms have been selected out of     19
 SELRPN:      1 atoms have been selected out of     19
 GEOM=    112.878307
 CNSsolve>print threshold=3. angles 
 (atom-i        |atom-j        |atom-k        )  angle    equil.     delta    energy  const. 

 (TRYP 1    N   |TRYP 1    CA  |TRYP 1    C   )  106.637  111.200   -4.563    1.572  247.886
 (TRYP 1    CB  |TRYP 1    CG  |TRYP 1    CD1 )  121.800  126.900   -5.100    6.845  863.744
 (TRYP 1    CD1 |TRYP 1    CG  |TRYP 1    CD2 )  110.313  106.300    4.013    3.724  759.150
 (TRYP 1    CG  |TRYP 1    CD1 |TRYP 1    NE1 )  106.364  110.200   -3.836    5.154 1149.956
 (TRYP 1    CG  |TRYP 1    CD2 |TRYP 1    CE2 )  102.840  107.200   -4.360    7.815 1349.600
 (TRYP 1    CD2 |TRYP 1    CE2 |TRYP 1    NE1 )  112.191  107.400    4.791    8.041 1149.956
 (TRYP 1    CE2 |TRYP 1    CD2 |TRYP 1    CE3 )  123.453  118.800    4.653   12.816 1943.424
 (TRYP 1    NE1 |TRYP 1    CE2 |TRYP 1    CZ2 )  125.666  130.100   -4.434    5.174  863.744
 Number of violations greater    3.000:     8
 RMS deviation=   2.459
 CNSsolve> 
 CNSsolve>{* subdivide molecule into two parts *} 
 CNSsolve>{=====================================} 
 CNSsolve> 
 CNSsolve>igroup 
 IGROup> interaction       (name HT* or name N or name CA or name C or name O*) 
 SELRPN:      8 atoms have been selected out of     19
 SELRPN>                   (prev) 
 SELRPN:      8 atoms have been selected out of     19
 IGROup> weights bond 0.10 angle 0.20 dihe 0.30 impr 0.40 vdw 0.50 elec 0.60 end 
 IGROup> interaction       (name HT* or name N or name CA or name C or name O*) 
 SELRPN:      8 atoms have been selected out of     19
 SELRPN>                   (prev) 
 SELRPN:      8 atoms have been selected out of     19
 IGROup> weights  bond 0.90 angle 0.80 dihe 0.70 impr 0.60 vdw 0.50 elec 0.40 end 
 IGROup> interaction       (name HT* or name N or name CA or name C or name O*) 
 SELRPN:      8 atoms have been selected out of     19
 SELRPN>                   (not (prev)) 
 SELRPN:     11 atoms have been selected out of     19
 IGROup> interaction       (not (name HT* or name N or name CA or name C or name O*)) 
 SELRPN:     11 atoms have been selected out of     19
 SELRPN>                   (prev) 
 SELRPN:     11 atoms have been selected out of     19
 IGROup> ? 
 INTE:   4 active pairs of interacting groups
 ---------- Interacting Groups: pair      1 ------------------------------------
 | WEIGhts :                                                                   |
 | E(BOND)=0.100      E(ANGL)=0.200      E(DIHE)=0.300      E(IMPR)=0.400      |
 | E(VDW )=0.500      E(ELEC)=0.600                                            |
 -------------------------------------------------------------------------------
 ---------- Interacting Groups: pair      2 ------------------------------------
 | WEIGhts :                                                                   |
 | E(BOND)=0.900      E(ANGL)=0.800      E(DIHE)=0.700      E(IMPR)=0.600      |
 | E(VDW )=0.500      E(ELEC)=0.400                                            |
 -------------------------------------------------------------------------------
 ---------- Interacting Groups: pair      3 ------------------------------------
 | WEIGhts :                                                                   |
 | E(BOND)=1.000      E(ANGL)=1.000      E(DIHE)=1.000      E(IMPR)=1.000      |
 | E(VDW )=1.000      E(ELEC)=1.000                                            |
 -------------------------------------------------------------------------------
 ---------- Interacting Groups: pair      4 ------------------------------------
 | WEIGhts :                                                                   |
 | E(BOND)=1.000      E(ANGL)=1.000      E(DIHE)=1.000      E(IMPR)=1.000      |
 | E(VDW )=1.000      E(ELEC)=1.000                                            |
 -------------------------------------------------------------------------------
 IGROup>end 
 CNSsolve> 
 CNSsolve>energy end 
 NBONDS: generating intra-molecular exclusion list with mode= 5
 MAKINB: mode   5 found     17 exclusions and      5 interactions(1-4)
 NBONDS: found        6 intra-atom interactions
 NBONDS: generating intra-molecular exclusion list with mode= 5
 MAKINB: mode   5 found     17 exclusions and      5 interactions(1-4)
 NBONDS: found        6 intra-atom interactions
 NBONDS: generating intra-molecular exclusion list with mode= 5
 MAKINB: mode   5 found      4 exclusions and      9 interactions(1-4)
 NBONDS: found       75 intra-atom interactions
 NBONDS: generating intra-molecular exclusion list with mode= 5
 MAKINB: mode   5 found     29 exclusions and     15 interactions(1-4)
 NBONDS: found       11 intra-atom interactions
 --------------- cycle=     2 --------------------------------------------------
 | Etotal =77.632     grad(E)=216.893    E(BOND)=40.681     E(ANGL)=55.851     |
 | E(DIHE)=10.798     E(IMPR)=20.775     E(VDW )=6.841      E(ELEC)=-57.313    |
 -------------------------------------------------------------------------------
 CNSsolve>pick bond (name CA) (name CB) energy 
 SELRPN:      1 atoms have been selected out of     19
 SELRPN:      1 atoms have been selected out of     19
 ENER=      0.006776
 CNSsolve>pick angle (name CA) (name CB) (name CG) energy 
 SELRPN:      1 atoms have been selected out of     19
 SELRPN:      1 atoms have been selected out of     19
 SELRPN:      1 atoms have been selected out of     19
 ENER=      0.085412
 CNSsolve>pick angle (name CA) (name CB) (name CG) geometry 
 SELRPN:      1 atoms have been selected out of     19
 SELRPN:      1 atoms have been selected out of     19
 SELRPN:      1 atoms have been selected out of     19
 GEOM=    112.878307
 CNSsolve>print threshold=3. angles 
 (atom-i        |atom-j        |atom-k        )  angle    equil.     delta    energy  const. 

 (TRYP 1    N   |TRYP 1    CA  |TRYP 1    C   )  106.637  111.200   -4.563    1.572  247.886
 (atom-i        |atom-j        |atom-k        )  angle    equil.     delta    energy  const. 

 (TRYP 1    N   |TRYP 1    CA  |TRYP 1    C   )  106.637  111.200   -4.563    1.572  247.886
 (atom-i        |atom-j        |atom-k        )  angle    equil.     delta    energy  const. 

 (atom-i        |atom-j        |atom-k        )  angle    equil.     delta    energy  const. 

 (TRYP 1    CB  |TRYP 1    CG  |TRYP 1    CD1 )  121.800  126.900   -5.100    6.845  863.744
 (TRYP 1    CD1 |TRYP 1    CG  |TRYP 1    CD2 )  110.313  106.300    4.013    3.724  759.150
 (TRYP 1    CG  |TRYP 1    CD1 |TRYP 1    NE1 )  106.364  110.200   -3.836    5.154 1149.956
 (TRYP 1    CG  |TRYP 1    CD2 |TRYP 1    CE2 )  102.840  107.200   -4.360    7.815 1349.600
 (TRYP 1    CD2 |TRYP 1    CE2 |TRYP 1    NE1 )  112.191  107.400    4.791    8.041 1149.956
 (TRYP 1    CE2 |TRYP 1    CD2 |TRYP 1    CE3 )  123.453  118.800    4.653   12.816 1943.424
 (TRYP 1    NE1 |TRYP 1    CE2 |TRYP 1    CZ2 )  125.666  130.100   -4.434    5.174  863.744
 Number of violations greater    3.000:     9
 RMS deviation=   2.286
 CNSsolve>show element (DX) (all) 
 SELRPN:     19 atoms have been selected out of     19
 ( TRYP TRP  1    CB   )    16.645    
 ( TRYP TRP  1    CG   )    642.78    
 ( TRYP TRP  1    CD2  )    352.48    
 ( TRYP TRP  1    CE2  )   -728.58    
 ( TRYP TRP  1    CE3  )   -554.86    
 ( TRYP TRP  1    CD1  )   -118.93    
 ( TRYP TRP  1    NE1  )    157.59    
 ( TRYP TRP  1    HE1  )   -42.700    
 ( TRYP TRP  1    CZ2  )    209.22    
 ( TRYP TRP  1    CZ3  )    135.84    
 ( TRYP TRP  1    CH2  )   -104.66    
 ( TRYP TRP  1    C    )   -7.0048    
 ( TRYP TRP  1    O    )   -12.989    
 ( TRYP TRP  1    OXT  )   -23.059    
 ( TRYP TRP  1    HT1  )    2.8632    
 ( TRYP TRP  1    HT2  )    4.8449    
 ( TRYP TRP  1    N    )   -80.560    
 ( TRYP TRP  1    HT3  )    4.2488    
 ( TRYP TRP  1    CA   )    146.83    
 CNSsolve>show element (DY) (all) 
 SELRPN:     19 atoms have been selected out of     19
 ( TRYP TRP  1    CB   )    83.093    
 ( TRYP TRP  1    CG   )   -604.04    
 ( TRYP TRP  1    CD2  )   -506.77    
 ( TRYP TRP  1    CE2  )    728.86    
 ( TRYP TRP  1    CE3  )    420.46    
 ( TRYP TRP  1    CD1  )    147.43    
 ( TRYP TRP  1    NE1  )   -115.83    
 ( TRYP TRP  1    HE1  )   -31.062    
 ( TRYP TRP  1    CZ2  )   -91.514    
 ( TRYP TRP  1    CZ3  )   -63.161    
 ( TRYP TRP  1    CH2  )    62.921    
 ( TRYP TRP  1    C    )    77.305    
 ( TRYP TRP  1    O    )   -30.005    
 ( TRYP TRP  1    OXT  )   -18.766    
 ( TRYP TRP  1    HT1  )   -10.992    
 ( TRYP TRP  1    HT2  )   -4.7103    
 ( TRYP TRP  1    N    )    26.748    
 ( TRYP TRP  1    HT3  )   -8.9165    
 ( TRYP TRP  1    CA   )   -61.049    
 CNSsolve>show element (DZ) (all) 
 SELRPN:     19 atoms have been selected out of     19
 ( TRYP TRP  1    CB   )    265.14    
 ( TRYP TRP  1    CG   )   -753.14    
 ( TRYP TRP  1    CD2  )   -1260.6    
 ( TRYP TRP  1    CE2  )    1344.7    
 ( TRYP TRP  1    CE3  )    221.59    
 ( TRYP TRP  1    CD1  )    554.13    
 ( TRYP TRP  1    NE1  )   -718.89    
 ( TRYP TRP  1    HE1  )  -0.60516E-01
 ( TRYP TRP  1    CZ2  )    253.74    
 ( TRYP TRP  1    CZ3  )    143.94    
 ( TRYP TRP  1    CH2  )   -27.594    
 ( TRYP TRP  1    C    )   -38.281    
 ( TRYP TRP  1    O    )    104.53    
 ( TRYP TRP  1    OXT  )   -110.08    
 ( TRYP TRP  1    HT1  )   -8.6377    
 ( TRYP TRP  1    HT2  )   -6.8888    
 ( TRYP TRP  1    N    )    2.3648    
 ( TRYP TRP  1    HT3  )   -2.6055    
 ( TRYP TRP  1    CA   )    36.654    
 CNSsolve> 
 CNSsolve> 
 CNSsolve>{* Create a perturbation by placing an additional charge on HT1 *} 
 CNSsolve>{================================================================} 
 CNSsolve> 
 CNSsolve>igroup 
 IGROup>   interaction (name HT1) (not name HT1) 
 SELRPN:      1 atoms have been selected out of     19
 SELRPN:     18 atoms have been selected out of     19
 IGROup>   interaction (not name HT1) (not name HT1) 
 SELRPN:     18 atoms have been selected out of     19
 SELRPN:     18 atoms have been selected out of     19
 IGROup>end 
 CNSsolve> 
 CNSsolve>set seed=271828. end 
 CNSsolve>do (fbeta=100.) ( all ) 
 SELRPN:     19 atoms have been selected out of     19
 CNSsolve>do (vx=maxwell(298./2000)) ( all ) 
 SELRPN:     19 atoms have been selected out of     19
 CNSsolve>do (vy=maxwell(298./2000)) ( all ) 
 SELRPN:     19 atoms have been selected out of     19
 CNSsolve>do (vz=maxwell(298./2000)) ( all ) 
 SELRPN:     19 atoms have been selected out of     19
 CNSsolve> 
 CNSsolve>dyna tors 
 Torsion Dynamics>   nstep=10 
 Torsion Dynamics>   cmremove=false 
 Torsion Dynamics>   topology 
 Torsion Topology>      maxchn=300 
 Torsion Topology>      kdihmax=10. 
 Torsion Topology>   end 
 Torsion Dynamics>   timestep=0.003 
 Torsion Dynamics>   tcoupling=true   temperature=298. 
 TORMD: temperature coupling (TCOUpl) enabled
 Torsion Dynamics>   trajectory=coor.dat nsavc=1 
 Torsion Dynamics>end 
 ASSFIL: file coor.dat opened.
 DTOREST2: total number of groups          5
 DTOREST2: total number of joints          4
 DTOREST2: total number of closed loops          0
 DTOREST2: total number of distinct bodies          1
 DTOREST2: total number of chains          3
 DTOREST2: maximum number of chains (per distinct body)          3
 DTOREST2: maximum unbranched chain length          2
 DTOREST2: adj. max. number of chains (per distinct body)          5
 DTOREST2: adj. maximum unbranched chain length          4
 TOPOLOGY: number of distinct bodies          1
 TOPOLOGY: maximum number of chains (per distinct body)          3
 TOPOLOGY: maximum unbranched chain length          3
 -------------------------- Torsion Angle Dynamics -----------------------------
 WARNING: Current Velocities Taken 
          Bad Initial Velocities May Result 
 -------------------------------------------------------------------------------
 NBONDS: generating intra-molecular exclusion list with mode= 5
 MAKINB: mode   5 found      4 exclusions and      2 interactions(1-4)
 NBONDS: found       12 intra-atom interactions
 NBONDS: generating intra-molecular exclusion list with mode= 5
 MAKINB: mode   5 found     46 exclusions and     27 interactions(1-4)
 NBONDS: found       80 intra-atom interactions
 TORMD3: number of degrees of freedom=      10
 -------------------------- Initial Conditions ---------------------------------
 | E(kin)+E(total)=77.645          E(kin)=0.012         temperature=1.257      |
 | Etotal =77.632     grad(E)=216.893    E(BOND)=40.681     E(ANGL)=55.851     |
 | E(DIHE)=10.798     E(IMPR)=20.775     E(VDW )=6.841      E(ELEC)=-57.313    |
 -------------------------------------------------------------------------------
 WRITEC: CORD sets starting from step        1 are written every     1  steps
 WRITEC: where       19 atoms are "free"
 --------------- step=        1 at      0.00300 ps -----------------------------
 | E(kin)+E(total)=77.803          E(kin)=0.180         temperature=18.081     |
 | Etotal =77.623     grad(E)=216.901    E(BOND)=40.681     E(ANGL)=55.851     |
 | E(DIHE)=10.789     E(IMPR)=20.775     E(VDW )=6.864      E(ELEC)=-57.336    |
 -------------------------------------------------------------------------------
 --------------- step=        2 at      0.00600 ps -----------------------------
 | E(kin)+E(total)=79.313          E(kin)=1.733         temperature=174.448    |
 | Etotal =77.579     grad(E)=216.886    E(BOND)=40.681     E(ANGL)=55.851     |
 | E(DIHE)=10.791     E(IMPR)=20.775     E(VDW )=6.822      E(ELEC)=-57.340    |
 -------------------------------------------------------------------------------
 --------------- step=        3 at      0.00900 ps -----------------------------
 | E(kin)+E(total)=79.858          E(kin)=2.339         temperature=235.438    |
 | Etotal =77.518     grad(E)=216.884    E(BOND)=40.681     E(ANGL)=55.851     |
 | E(DIHE)=10.768     E(IMPR)=20.775     E(VDW )=6.817      E(ELEC)=-57.374    |
 -------------------------------------------------------------------------------
 --------------- step=        4 at      0.01200 ps -----------------------------
 | E(kin)+E(total)=80.112          E(kin)=2.703         temperature=272.077    |
 | Etotal =77.409     grad(E)=216.882    E(BOND)=40.681     E(ANGL)=55.851     |
 | E(DIHE)=10.709     E(IMPR)=20.775     E(VDW )=6.815      E(ELEC)=-57.421    |
 -------------------------------------------------------------------------------
 --------------- step=        5 at      0.01500 ps -----------------------------
 | E(kin)+E(total)=80.189          E(kin)=2.949         temperature=296.771    |
 | Etotal =77.240     grad(E)=216.883    E(BOND)=40.681     E(ANGL)=55.851     |
 | E(DIHE)=10.592     E(IMPR)=20.775     E(VDW )=6.814      E(ELEC)=-57.473    |
 -------------------------------------------------------------------------------
 --------------- step=        6 at      0.01800 ps -----------------------------
 | E(kin)+E(total)=80.135          E(kin)=3.150         temperature=317.028    |
 | Etotal =76.985     grad(E)=216.885    E(BOND)=40.681     E(ANGL)=55.851     |
 | E(DIHE)=10.385     E(IMPR)=20.775     E(VDW )=6.815      E(ELEC)=-57.522    |
 -------------------------------------------------------------------------------
 --------------- step=        7 at      0.02100 ps -----------------------------
 | E(kin)+E(total)=79.961          E(kin)=3.355         temperature=337.673    |
 | Etotal =76.605     grad(E)=216.890    E(BOND)=40.681     E(ANGL)=55.851     |
 | E(DIHE)=10.043     E(IMPR)=20.775     E(VDW )=6.815      E(ELEC)=-57.559    |
 -------------------------------------------------------------------------------
 --------------- step=        8 at      0.02400 ps -----------------------------
 | E(kin)+E(total)=79.654          E(kin)=3.595         temperature=361.822    |
 | Etotal =76.059     grad(E)=216.896    E(BOND)=40.681     E(ANGL)=55.851     |
 | E(DIHE)=9.511      E(IMPR)=20.775     E(VDW )=6.813      E(ELEC)=-57.572    |
 -------------------------------------------------------------------------------
 --------------- step=        9 at      0.02700 ps -----------------------------
 | E(kin)+E(total)=79.190          E(kin)=3.884         temperature=390.921    |
 | Etotal =75.305     grad(E)=216.904    E(BOND)=40.681     E(ANGL)=55.851     |
 | E(DIHE)=8.735      E(IMPR)=20.775     E(VDW )=6.805      E(ELEC)=-57.540    |
 -------------------------------------------------------------------------------
 --------------- step=       10 at      0.03000 ps -----------------------------
 | E(kin)+E(total)=78.539          E(kin)=4.214         temperature=424.106    |
 | Etotal =74.325     grad(E)=216.911    E(BOND)=40.681     E(ANGL)=55.851     |
 | E(DIHE)=7.676      E(IMPR)=20.775     E(VDW )=6.787      E(ELEC)=-57.445    |
 -------------------------------------------------------------------------------
 CNSsolve> 
 CNSsolve> 
 CNSsolve>{now calculate the free energy change "by hand" through the command language} 
 CNSsolve>igroup interaction (name HT1) (not name HT1) end 
 SELRPN:      1 atoms have been selected out of     19
 SELRPN:     18 atoms have been selected out of     19
 CNSsolve>energy accum=reset end 
 CNSsolve>flags 
 FLAGS>  exclude * 
 FLAGS>  include elec 
 FLAGS>end 
 CNSsolve> 
 CNSsolve>{initializations for post-averaging of exp(-V/kT)} 
 CNSsolve>read trajectory begin=1 skip=1 stop=10 
 READ-TRAJectory>     input=coor.dat 
 ASSFIL: file coor.dat opened.
 READ-TRAJectory>end 
 REMARKS FILENAME="coor.dat"
 REMARKS file toppar/protein.link
 REMARKS
 REMARKS this is a macro to define standard protein peptide bonds
 REMARKS and termini to generate a protein sequence.
 REMARKS DATE:05-Jul-2018  16:08:00       created by user: oeow39
 REMARKS VERSION:1.3
 READC: reading file=   1   ISTART=       1
 READC:       19 atoms were "free"
 READC: NUNIt=   1
 READC: BEGIn=       1  SKIP=       1  STOP=      10
 READC: TIMEstep=  0.00300000 ps    header= CORD
 READ-TRAJectory: frame #        1 has been copied to the main coordinate set.
 CNSsolve>energy end 
 NBONDS: generating intra-molecular exclusion list with mode= 5
 MAKINB: mode   5 found      4 exclusions and      2 interactions(1-4)
 NBONDS: found       12 intra-atom interactions
 --------------- cycle=     1 --------------------------------------------------
 | Etotal =-34.133    grad(E)=3.973      E(ELEC)=-34.133                       |
 -------------------------------------------------------------------------------
 CNSsolve>evaluate ( $N=1) 
 EVALUATE: symbol $N set to    1.00000     (real)
 CNSsolve>evaluate ( $V =-$ELEC/(298.*$KBOLTZ) ) 
 EVALUATE: symbol $V set to    57.6385     (real)
 CNSsolve>evaluate ( $E = exp($V) ) 
 EVALUATE: symbol $E set to   0.107670E+26 (real)
 CNSsolve> 
 CNSsolve>{loop for post-averaging} 
 CNSsolve> 
 CNSsolve>while ($N < 10) loop main 
 NEXTCD: condition evaluated as true
 CNSsolve>   read trajectory next end 
 READCP: trajectory number        2 has been copied to the main coordinate set
 CNSsolve>   energy end 
 --------------- cycle=     2 --------------------------------------------------
 | Etotal =-34.167    grad(E)=3.981      E(ELEC)=-34.167                       |
 -------------------------------------------------------------------------------
 CNSsolve>   evaluate ( $V =-$ELEC/(298.*$KBOLTZ) ) 
 EVALUATE: symbol $V set to    57.6970     (real)
 CNSsolve>   evaluate ( $E = $E + exp($V) ) 
 EVALUATE: symbol $E set to   0.221825E+26 (real)
 CNSsolve>   evaluate ( $N = $N+1.) 
 EVALUATE: symbol $N set to    2.00000     (real)
 CNSsolve>end loop main 
 CNSsolve>while ($N < 10) loop main 
 NEXTCD: condition evaluated as true
 CNSsolve>   read trajectory next end 
 READCP: trajectory number        3 has been copied to the main coordinate set
 CNSsolve>   energy end 
 --------------- cycle=     3 --------------------------------------------------
 | Etotal =-34.220    grad(E)=3.994      E(ELEC)=-34.220                       |
 -------------------------------------------------------------------------------
 CNSsolve>   evaluate ( $V =-$ELEC/(298.*$KBOLTZ) ) 
 EVALUATE: symbol $V set to    57.7861     (real)
 CNSsolve>   evaluate ( $E = $E + exp($V) ) 
 EVALUATE: symbol $E set to   0.346618E+26 (real)
 CNSsolve>   evaluate ( $N = $N+1.) 
 EVALUATE: symbol $N set to    3.00000     (real)
 CNSsolve>end loop main 
 CNSsolve>while ($N < 10) loop main 
 NEXTCD: condition evaluated as true
 CNSsolve>   read trajectory next end 
 READCP: trajectory number        4 has been copied to the main coordinate set
 CNSsolve>   energy end 
 --------------- cycle=     4 --------------------------------------------------
 | Etotal =-34.278    grad(E)=4.009      E(ELEC)=-34.278                       |
 -------------------------------------------------------------------------------
 CNSsolve>   evaluate ( $V =-$ELEC/(298.*$KBOLTZ) ) 
 EVALUATE: symbol $V set to    57.8841     (real)
 CNSsolve>   evaluate ( $E = $E + exp($V) ) 
 EVALUATE: symbol $E set to   0.484253E+26 (real)
 CNSsolve>   evaluate ( $N = $N+1.) 
 EVALUATE: symbol $N set to    4.00000     (real)
 CNSsolve>end loop main 
 CNSsolve>while ($N < 10) loop main 
 NEXTCD: condition evaluated as true
 CNSsolve>   read trajectory next end 
 READCP: trajectory number        5 has been copied to the main coordinate set
 CNSsolve>   energy end 
 --------------- cycle=     5 --------------------------------------------------
 | Etotal =-34.331    grad(E)=4.026      E(ELEC)=-34.331                       |
 -------------------------------------------------------------------------------
 CNSsolve>   evaluate ( $V =-$ELEC/(298.*$KBOLTZ) ) 
 EVALUATE: symbol $V set to    57.9733     (real)
 CNSsolve>   evaluate ( $E = $E + exp($V) ) 
 EVALUATE: symbol $E set to   0.634742E+26 (real)
 CNSsolve>   evaluate ( $N = $N+1.) 
 EVALUATE: symbol $N set to    5.00000     (real)
 CNSsolve>end loop main 
 CNSsolve>while ($N < 10) loop main 
 NEXTCD: condition evaluated as true
 CNSsolve>   read trajectory next end 
 READCP: trajectory number        6 has been copied to the main coordinate set
 CNSsolve>   energy end 
 --------------- cycle=     6 --------------------------------------------------
 | Etotal =-34.364    grad(E)=4.041      E(ELEC)=-34.364                       |
 -------------------------------------------------------------------------------
 CNSsolve>   evaluate ( $V =-$ELEC/(298.*$KBOLTZ) ) 
 EVALUATE: symbol $V set to    58.0299     (real)
 CNSsolve>   evaluate ( $E = $E + exp($V) ) 
 EVALUATE: symbol $E set to   0.793989E+26 (real)
 CNSsolve>   evaluate ( $N = $N+1.) 
 EVALUATE: symbol $N set to    6.00000     (real)
 CNSsolve>end loop main 
 CNSsolve>while ($N < 10) loop main 
 NEXTCD: condition evaluated as true
 CNSsolve>   read trajectory next end 
 READCP: trajectory number        7 has been copied to the main coordinate set
 CNSsolve>   energy end 
 --------------- cycle=     7 --------------------------------------------------
 | Etotal =-34.357    grad(E)=4.053      E(ELEC)=-34.357                       |
 -------------------------------------------------------------------------------
 CNSsolve>   evaluate ( $V =-$ELEC/(298.*$KBOLTZ) ) 
 EVALUATE: symbol $V set to    58.0181     (real)
 CNSsolve>   evaluate ( $E = $E + exp($V) ) 
 EVALUATE: symbol $E set to   0.951373E+26 (real)
 CNSsolve>   evaluate ( $N = $N+1.) 
 EVALUATE: symbol $N set to    7.00000     (real)
 CNSsolve>end loop main 
 CNSsolve>while ($N < 10) loop main 
 NEXTCD: condition evaluated as true
 CNSsolve>   read trajectory next end 
 READCP: trajectory number        8 has been copied to the main coordinate set
 CNSsolve>   energy end 
 --------------- cycle=     8 --------------------------------------------------
 | Etotal =-34.280    grad(E)=4.057      E(ELEC)=-34.280                       |
 -------------------------------------------------------------------------------
 CNSsolve>   evaluate ( $V =-$ELEC/(298.*$KBOLTZ) ) 
 EVALUATE: symbol $V set to    57.8870     (real)
 CNSsolve>   evaluate ( $E = $E + exp($V) ) 
 EVALUATE: symbol $E set to   0.108942E+27 (real)
 CNSsolve>   evaluate ( $N = $N+1.) 
 EVALUATE: symbol $N set to    8.00000     (real)
 CNSsolve>end loop main 
 CNSsolve>while ($N < 10) loop main 
 NEXTCD: condition evaluated as true
 CNSsolve>   read trajectory next end 
 READCP: trajectory number        9 has been copied to the main coordinate set
 CNSsolve>   energy end 
 --------------- cycle=     9 --------------------------------------------------
 | Etotal =-34.092    grad(E)=4.048      E(ELEC)=-34.092                       |
 -------------------------------------------------------------------------------
 CNSsolve>   evaluate ( $V =-$ELEC/(298.*$KBOLTZ) ) 
 EVALUATE: symbol $V set to    57.5698     (real)
 CNSsolve>   evaluate ( $E = $E + exp($V) ) 
 EVALUATE: symbol $E set to   0.118994E+27 (real)
 CNSsolve>   evaluate ( $N = $N+1.) 
 EVALUATE: symbol $N set to    9.00000     (real)
 CNSsolve>end loop main 
 CNSsolve>while ($N < 10) loop main 
 NEXTCD: condition evaluated as true
 CNSsolve>   read trajectory next end 
 READC: complete.       10 coordinate sets were passed to calling routine
 READCP: trajectory number       10 has been copied to the main coordinate set
 CNSsolve>   energy end 
 --------------- cycle=    10 --------------------------------------------------
 | Etotal =-33.749    grad(E)=4.017      E(ELEC)=-33.749                       |
 -------------------------------------------------------------------------------
 CNSsolve>   evaluate ( $V =-$ELEC/(298.*$KBOLTZ) ) 
 EVALUATE: symbol $V set to    56.9908     (real)
 CNSsolve>   evaluate ( $E = $E + exp($V) ) 
 EVALUATE: symbol $E set to   0.124628E+27 (real)
 CNSsolve>   evaluate ( $N = $N+1.) 
 EVALUATE: symbol $N set to    10.0000     (real)
 CNSsolve>end loop main 
 CNSsolve>while ($N < 10) loop main 
 NEXTCD: condition evaluated as false
 CNSsolve>   read trajectory next end 
 CNSsolve>   energy end 
 CNSsolve>   evaluate ( $V =-$ELEC/(298.*$KBOLTZ) ) 
 CNSsolve>   evaluate ( $E = $E + exp($V) ) 
 CNSsolve>   evaluate ( $N = $N+1.) 
 CNSsolve>end loop main 
 CNSsolve>evaluate ( $E = $E/$N) 
 EVALUATE: symbol $E set to   0.124628E+26 (real)
 CNSsolve>evaluate ( $A = LOG($E)) 
 EVALUATE: symbol $A set to    57.7848     (real)
 CNSsolve>evaluate ( $A =-298.*$KBOLTZ*$A) 
 EVALUATE: symbol $A set to   -34.2192     (real)
 CNSsolve>display $A  { free energy change } 
-34.2192  { free energy change }
 CNSsolve> 
 CNSsolve>igroup ? end 
 INTE:   1 active pairs of interacting groups
 ---------- Interacting Groups: pair      1 ------------------------------------
 | WEIGhts :                                                                   |
 | E(ELEC)=1.000                                                               |
 -------------------------------------------------------------------------------
 CNSsolve> 
 CNSsolve>stop 
          ============================================================
           Maximum dynamic memory allocation:   104147960 bytes
           Maximum dynamic memory overhead:          2240 bytes
           Program started at: 16:08:00 on 05-Jul-2018
           Program stopped at: 16:08:00 on 05-Jul-2018
           CPU time used:       0.0526 seconds
          ============================================================
