          ============================================================
          |                                                          |
          |            Crystallography & NMR System (CNS)            |
          |                         CNSsolve                         |
          |                                                          |
          ============================================================
           Version: 1.3
           Status: General release
          ============================================================
           Written by: A.T.Brunger, P.D.Adams, G.M.Clore, W.L.DeLano,
                       P.Gros, R.W.Grosse-Kunstleve,J.-S.Jiang,J.M.Krahn,
                       J.Kuszewski, M.Nilges, N.S.Pannu, R.J.Read,
                       L.M.Rice, G.F.Schroeder, T.Simonson, G.L.Warren.
           Copyright (c) 1997-2010 Yale University
          ============================================================
           Running on machine: lewis4-r710-login-node223 (x86_64/Linux,64-bit)
                               with 16 threads
           Program started by: oeow39
           Program started at: 16:08:00 on 05-Jul-2018
          ============================================================

 FFT3C: Using FFTPACK4.1

 CNSsolve>remarks  ENERTEST.INP 
 CNSsolve>remarks  test energy evaluation under various conditions 
 CNSsolve>remarks  Using BPTI2 coordinates with all but 4 water removed. 
 CNSsolve> 
 CNSsolve>topology @CNS_TOPPAR:protein.top  @CNS_TOPPAR:water.top end 
 ASSFIL: file protein.top opened.
 RTFRDR>remarks file toppar/protein.top 
 RTFRDR>remarks   protein topology with polar hydrogens 
 RTFRDR> 
 RTFRDR>! 
 RTFRDR>! Please cite the following reference when using these parameters: 
 RTFRDR>! Engh, R.A. and  Huber, R. (1991). Accurate Bond and 
 RTFRDR>!  Angle Parameters for X-ray Protein-Structure Refinement, 
 RTFRDR>!  Acta Cryst. A47, 392-400. 
 RTFRDR>! 
 RTFRDR>! 
 RTFRDR> 
 RTFRDR>set message ? end eval ($old_message=$result) set echo ? end eval ($old_echo=$result) 
 MESSage=NORM
 EVALUATE: symbol $OLD_MESSAGE set to "NORM" (string)
 ECHO=TRUE {ON}
 EVALUATE: symbol $OLD_ECHO set to TRUE (logical)
 RTFRDR>set message=off echo=off end 
 RTFRDR> 
 RTFRDR> 
 RTFRDR>  @CNS_TOPPAR:water.top end 
 ASSFIL: file water.top opened.
 RTFRDR>remarks file toppar/water.top 
 RTFRDR>remarks   water topology for crystallographic structure determination 
 RTFRDR>remarks   based on Jorgensen Tip3p water model 
 RTFRDR> 
 RTFRDR>set message ? end eval ($old_message=$result) set echo ? end eval ($old_echo=$result) 
 MESSage=NORM
 EVALUATE: symbol $OLD_MESSAGE set to "NORM" (string)
 ECHO=TRUE {ON}
 EVALUATE: symbol $OLD_ECHO set to TRUE (logical)
 RTFRDR>set message=off echo=off end 
 RTFRDR> 
 RTFRDR> end 
 CNSsolve>parameter @CNS_TOPPAR:protein.param  @CNS_TOPPAR:water.param end 
 ASSFIL: file protein.param opened.
 PARRDR>remarks file toppar/protein.param 
 PARRDR>remarks   protein parameters with Lennard-Jones van der Waals parameters 
 PARRDR>remarks   for crystallographic structure determination 
 PARRDR> 
 PARRDR>! 
 PARRDR>! Please cite the following reference when using these parameters: 
 PARRDR>! Engh, R.A. and  Huber, R. (1991). Accurate Bond and 
 PARRDR>!  Angle Parameters for X-ray Protein-Structure Refinement, 
 PARRDR>!  Acta Cryst. A47, 392-400. 
 PARRDR>! 
 PARRDR>! 
 PARRDR> 
 PARRDR>set message ? end eval ($old_message=$result) set echo ? end eval ($old_echo=$result) 
 MESSage=NORM
 EVALUATE: symbol $OLD_MESSAGE set to "NORM" (string)
 ECHO=TRUE {ON}
 EVALUATE: symbol $OLD_ECHO set to TRUE (logical)
 PARRDR>set message=off echo=off end 
 PARRDR> 
 PARRDR>  @CNS_TOPPAR:water.param end 
 ASSFIL: file water.param opened.
 PARRDR>remarks file toppar/water.param 
 PARRDR>remarks   water parameters for structure determination 
 PARRDR>remarks 
 PARRDR>remarks   available: Jorgensen TIPS3P model 
 PARRDR> 
 PARRDR>set message ? end eval ($old_message=$result) set echo ? end eval ($old_echo=$result) 
 MESSage=NORM
 EVALUATE: symbol $OLD_MESSAGE set to "NORM" (string)
 ECHO=TRUE {ON}
 EVALUATE: symbol $OLD_ECHO set to TRUE (logical)
 PARRDR>set message=off echo=off end 
 PARRDR> 
 PARRDR> end 
 CNSsolve> 
 CNSsolve>SEGMENT 
 SEGMENT>  NAME=MAIN 
 SEGMENT>  CHAIN 
 CHAIN>     @CNS_TOPPAR:protein.link 
 ASSFIL: file protein.link opened.
 CHAIN>remarks file toppar/protein.link 
 CHAIN>remarks 
 CHAIN>remarks this is a macro to define standard protein peptide bonds 
 CHAIN>remarks and termini to generate a protein sequence. 
 CHAIN> 
 CHAIN>set message ? end eval ($old_message=$result) set echo ? end eval ($old_echo=$result) 
 MESSage=NORM
 EVALUATE: symbol $OLD_MESSAGE set to "NORM" (string)
 ECHO=TRUE {ON}
 EVALUATE: symbol $OLD_ECHO set to TRUE (logical)
 CHAIN>set message=off echo=off end 
 CHAIN>     { PTI sequence } 
 CHAIN>     SEQUENCE 
 SEQUENCE>        ARG PRO ASP PHE CYS LEU GLU PRO PRO TYR THR GLY PRO CYS LYS ALA 
 SEQUence-element (terminate with END) =        ARG ILE ILE ARG TYR PHE TYR ASN ALA LYS ALA GLY LEU CYS GLN THR 
 SEQUence-element (terminate with END) =        PHE VAL TYR GLY GLY CYS ARG ALA LYS ARG ASN ASN PHE LYS SER ALA 
 SEQUence-element (terminate with END) =        GLU ASP CYS MET ARG THR CYS GLY GLY ALA 
 SEQUence-element (terminate with END) =     END 
 SEGMNT:    58 residues were inserted into segment "MAIN"
 CHAIN>  END 
 SEGMENT>END 
 Status of internal molecular topology database:
 -> NATOM=        568(MAXA=     1000000)  NBOND=        579(MAXB=     1000000)
 -> NTHETA=       828(MAXT=     2000000)  NGRP=          60(MAXGRP=   1000000)
 -> NPHI=         342(MAXP=     2000000)  NIMPHI=       283(MAXIMP=   1000000)
 -> NNB=            0(MAXNB=    1000000) 
 CNSsolve> 
 CNSsolve>PATCH DISU REFERENCE 1 ( ATOM MAIN 5 * ) REFERENCE 2 ( ATOM MAIN 55 * )  END 
 SELRPN:      7 atoms have been selected out of    568
 SELRPN:      7 atoms have been selected out of    568
 Status of internal molecular topology database:
 -> NATOM=        568(MAXA=     1000000)  NBOND=        580(MAXB=     1000000)
 -> NTHETA=       830(MAXT=     2000000)  NGRP=          62(MAXGRP=   1000000)
 -> NPHI=         345(MAXP=     2000000)  NIMPHI=       283(MAXIMP=   1000000)
 -> NNB=            0(MAXNB=    1000000) 
 CNSsolve>PATCH DISU REFERENCE 1 ( ATOM MAIN 14 * ) REFERENCE 2 ( ATOM MAIN 38 * )  END 
 SELRPN:      7 atoms have been selected out of    568
 SELRPN:      7 atoms have been selected out of    568
 Status of internal molecular topology database:
 -> NATOM=        568(MAXA=     1000000)  NBOND=        581(MAXB=     1000000)
 -> NTHETA=       832(MAXT=     2000000)  NGRP=          64(MAXGRP=   1000000)
 -> NPHI=         348(MAXP=     2000000)  NIMPHI=       283(MAXIMP=   1000000)
 -> NNB=            0(MAXNB=    1000000) 
 CNSsolve>PATCH DISU REFERENCE 1 ( ATOM MAIN 30 * ) REFERENCE 2 ( ATOM MAIN 51 * )  END 
 SELRPN:      7 atoms have been selected out of    568
 SELRPN:      7 atoms have been selected out of    568
 Status of internal molecular topology database:
 -> NATOM=        568(MAXA=     1000000)  NBOND=        582(MAXB=     1000000)
 -> NTHETA=       834(MAXT=     2000000)  NGRP=          66(MAXGRP=   1000000)
 -> NPHI=         351(MAXP=     2000000)  NIMPHI=       283(MAXIMP=   1000000)
 -> NNB=            0(MAXNB=    1000000) 
 CNSsolve> 
 CNSsolve>SEGMENT 
 SEGMENT>   NAME=SOLV 
 SEGMENT>   MOLECULE NAME=TIP  NUMBER=4 END 
 SEGMENT>END 
 Status of internal molecular topology database:
 -> NATOM=        580(MAXA=     1000000)  NBOND=        590(MAXB=     1000000)
 -> NTHETA=       838(MAXT=     2000000)  NGRP=          70(MAXGRP=   1000000)
 -> NPHI=         351(MAXP=     2000000)  NIMPHI=       283(MAXIMP=   1000000)
 -> NNB=            0(MAXNB=    1000000) 
 CNSsolve> 
 CNSsolve>coor 
 COOR>ATOM      1  HT1 ARG     1      13.621  -4.746   3.695  1.00  0.00      MAIN 
 COOR>ATOM      2  HT2 ARG     1      13.665  -3.786   2.304  1.00  0.00      MAIN 
 CNSsolve> 
 CNSsolve>COOR COPY END 
 COOR: selected main coordinates copied to comp
 CNSsolve> 
 CNSsolve>set 
 SET>    timer=2 
 SET>end 
 CNSsolve> 
 CNSsolve>DISPLAY  CPU-time=$CPU 
 CPU-time=2.9504E-02
 CNSsolve> 
 CNSsolve>parameter 
 PARRDR>  NBONDS 
 NBDSET>     ATOM CDIE SHIF VSWI CUTNB=8.0 CTOFNB=7.5 CTONNB=6.5 
 NBDSET>  END 
 %NBDSET-ERR: inconsistent CUTNB, TOLErance, CTOFNB given.  Reset.
 PARRDR>END 
 CNSsolve> 
 CNSsolve>DISPLAY  CPU-time=$CPU 
 CPU-time=3.0032E-02
 CNSsolve> 
 CNSsolve>energy end 
 ENERGY: at entry  CPU=    0.030065 sec.
 ENERGY: after BOND term  CPU=    0.030393 sec.
 ENERGY: after ANGLE term  CPU=    0.030983 sec.
 ENERGY: after DIHEdral term  CPU=    0.031601 sec.
 ENERGY: after IMPRoper term  CPU=    0.032092 sec.
 ENBOND: after parameter lookup CPU=    0.032132 sec.
 NBONDS: at entry CPU=    0.032139 sec.
 NBONDS: generating intra-molecular exclusion list with mode= 5
 MAKINB: mode   5 found   1428 exclusions and   1023 interactions(1-4)
 NBONDS: after excl.  CPU=    0.033054 sec.
 NBONDS: found    28744 intra-atom interactions
 NBONDS: at exit CPU=    0.034308 sec.
 ENBOND: after intra interactions CPU=    0.035041 sec.
 ENBOND: after 1-4 interactions CPU=    0.035108 sec.
 ENERGY: after NONBonded term  CPU=    0.035113 sec.
 --------------- cycle=     1 --------------------------------------------------
 | Etotal =-329.888   grad(E)=84.660     E(BOND)=315.863    E(ANGL)=377.938    |
 | E(DIHE)=780.879    E(IMPR)=58.768     E(VDW )=-191.960   E(ELEC)=-1671.375  |
 -------------------------------------------------------------------------------
 CNSsolve>display  $elec 
 -1671.38
 CNSsolve>display  $vdw 
 -191.96
 CNSsolve>display  $bond 
 315.863
 CNSsolve>display  $angl 
 377.938
 CNSsolve>display  $dihe 
 780.879
 CNSsolve>display  $impr 
 58.7678
 CNSsolve> 
 CNSsolve> 
 CNSsolve>flags exclude * include dihe end 
 CNSsolve> 
 CNSsolve>energy end 
 ENERGY: at entry  CPU=    0.035342 sec.
 ENERGY: after DIHEdral term  CPU=    0.035423 sec.
 --------------- cycle=     2 --------------------------------------------------
 | Etotal =780.879    grad(E)=53.357     E(DIHE)=780.879                       |
 -------------------------------------------------------------------------------
 CNSsolve> 
 CNSsolve>flags exclude * include bond angl impr end 
 CNSsolve> 
 CNSsolve>energy end 
 ENERGY: at entry  CPU=    0.035524 sec.
 ENERGY: after BOND term  CPU=    0.035550 sec.
 ENERGY: after ANGLE term  CPU=    0.035650 sec.
 ENERGY: after IMPRoper term  CPU=    0.035729 sec.
 --------------- cycle=     3 --------------------------------------------------
 | Etotal =752.568    grad(E)=70.918     E(BOND)=315.863    E(ANGL)=377.938    |
 | E(IMPR)=58.768                                                              |
 -------------------------------------------------------------------------------
 CNSsolve> 
 CNSsolve> 
 CNSsolve>parameter 
 PARRDR>   nbonds 
 NBDSET>      cutnb=11.5 ctofnb=10.5   ctonnb=9.5  atom  rdiel   switch 
 NBDSET>      eps=2.0   vswitch   nbxm=5 
 NBDSET>   end 
 PARRDR>end 
 CNSsolve> 
 CNSsolve>flags exclude * include vdw elec end 
 CNSsolve> 
 CNSsolve>energy end 
 ENERGY: at entry  CPU=    0.036283 sec.
 ENBOND: after parameter lookup CPU=    0.036324 sec.
 NBONDS: at entry CPU=    0.036329 sec.
 NBONDS: generating intra-molecular exclusion list with mode= 5
 MAKINB: mode   5 found   1428 exclusions and   1023 interactions(1-4)
 NBONDS: after excl.  CPU=    0.037235 sec.
 NBONDS: found    57137 intra-atom interactions
 NBONDS: at exit CPU=    0.038935 sec.
 ENBOND: after intra interactions CPU=    0.040329 sec.
 ENBOND: after 1-4 interactions CPU=    0.040389 sec.
 ENERGY: after NONBonded term  CPU=    0.040395 sec.
 --------------- cycle=     4 --------------------------------------------------
 | Etotal =-693.231   grad(E)=4.674      E(VDW )=-245.754   E(ELEC)=-447.477   |
 -------------------------------------------------------------------------------
 CNSsolve> 
 CNSsolve>{* now check fixing of atoms *} 
 CNSsolve>{* ========================= *} 
 CNSsolve> 
 CNSsolve>set timer=0 end 
 CNSsolve>flags include vdw elec dihe impr bond angle end 
 CNSsolve> 
 CNSsolve>igroup interaction=( resid 1 )=( all ) end 
 SELRPN:     22 atoms have been selected out of    580
 SELRPN:    580 atoms have been selected out of    580
 CNSsolve> 
 CNSsolve>energy  end 
 NBONDS: generating intra-molecular exclusion list with mode= 5
 MAKINB: mode   5 found     51 exclusions and     35 interactions(1-4)
 NBONDS: found     3832 intra-atom interactions
 --------------- cycle=     5 --------------------------------------------------
 | Etotal =30.958     grad(E)=27.540     E(BOND)=6.002      E(ANGL)=9.299      |
 | E(DIHE)=63.055     E(IMPR)=4.333      E(VDW )=-16.611    E(ELEC)=-35.121    |
 -------------------------------------------------------------------------------
 CNSsolve> 
 CNSsolve>igroup interaction=( resid 1 )=( previous ) end 
 SELRPN:     22 atoms have been selected out of    580
 SELRPN:     22 atoms have been selected out of    580
 CNSsolve>energy end 
 NBONDS: generating intra-molecular exclusion list with mode= 5
 MAKINB: mode   5 found     46 exclusions and     26 interactions(1-4)
 NBONDS: found      102 intra-atom interactions
 --------------- cycle=     6 --------------------------------------------------
 | Etotal =31.748     grad(E)=11.200     E(BOND)=4.260      E(ANGL)=4.947      |
 | E(DIHE)=18.928     E(IMPR)=1.296      E(VDW )=-0.654     E(ELEC)=2.972      |
 -------------------------------------------------------------------------------
 CNSsolve> 
 CNSsolve>stop 
          ============================================================
           Maximum dynamic memory allocation:     8792920 bytes
           Maximum dynamic memory overhead:          2288 bytes
           Program started at: 16:08:00 on 05-Jul-2018
           Program stopped at: 16:08:00 on 05-Jul-2018
           CPU time used:       0.0477 seconds
          ============================================================
