          ============================================================
          |                                                          |
          |            Crystallography & NMR System (CNS)            |
          |                         CNSsolve                         |
          |                                                          |
          ============================================================
           Version: 1.3
           Status: General release
          ============================================================
           Written by: A.T.Brunger, P.D.Adams, G.M.Clore, W.L.DeLano,
                       P.Gros, R.W.Grosse-Kunstleve,J.-S.Jiang,J.M.Krahn,
                       J.Kuszewski, M.Nilges, N.S.Pannu, R.J.Read,
                       L.M.Rice, G.F.Schroeder, T.Simonson, G.L.Warren.
           Copyright (c) 1997-2010 Yale University
          ============================================================
           Running on machine: lewis4-r710-login-node223 (x86_64/Linux,64-bit)
                               with 16 threads
           Program started by: oeow39
           Program started at: 16:08:04 on 05-Jul-2018
          ============================================================

 FFT3C: Using FFTPACK4.1

 CNSsolve>remarks MVECTORTES 
 CNSsolve>remarks test case for new VECTOR commands 
 CNSsolve>remarks by Axel Brunger, Mark McCallum Yale, 14-DEC-87 
 CNSsolve> 
 CNSsolve>topology 
 RTFRDR>   ! 
 RTFRDR>   mass A   1.0 
 RTFRDR>   mass B   2.0 
 RTFRDR>   mass C   3.0 
 RTFRDR>   mass D   4.0 
 RTFRDR>   mass E   5.0 
 RTFRDR>   mass F   6.0 
 RTFRDR>   mass G   7.0 
 RTFRDR>   mass H   8.0 
 RTFRDR>   mass I   9.0 
 RTFRDR>   ! 
 RTFRDR>   residue test 
 RESIDUE>     atom A  type A  charge 10.0 end 
 RESIDUE>     atom B  type B  charge 20.0 end 
 RESIDUE>     atom C  type C  charge 30.0 end 
 RESIDUE>     atom D  type D  charge 40.0 end 
 RESIDUE>     atom E  type E  charge 50.0 end 
 RESIDUE>     atom F  type F  charge 60.0 end 
 RESIDUE>     atom G  type G  charge 70.0 end 
 RESIDUE>     atom H  type H  charge 80.0 end 
 RESIDUE>     atom I  type I  charge 90.0 end 
 RESIDUE>   end 
 RTFRDR>   ! 
 RTFRDR>end !topology 
 CNSsolve> 
 CNSsolve>segment 
 SEGMENT>   name=test 
 SEGMENT>   molecule name=test number=1 end 
 SEGMENT>end 
 Status of internal molecular topology database:
 -> NATOM=          9(MAXA=     1000000)  NBOND=          0(MAXB=     1000000)
 -> NTHETA=         0(MAXT=     2000000)  NGRP=           1(MAXGRP=   1000000)
 -> NPHI=           0(MAXP=     2000000)  NIMPHI=         0(MAXIMP=   1000000)
 -> NNB=            0(MAXNB=    1000000) 
 CNSsolve> 
 CNSsolve>remarks ensure access to all variables 
 CNSsolve> 
 CNSsolve>   do ( b = 1.0 )     ( all ) 
 SELRPN:      9 atoms have been selected out of      9
 CNSsolve>   show element ( b ) ( all ) 
 SELRPN:      9 atoms have been selected out of      9
 ( TEST TEST 1    A    )    1.0000    
 ( TEST TEST 1    B    )    1.0000    
 ( TEST TEST 1    C    )    1.0000    
 ( TEST TEST 1    D    )    1.0000    
 ( TEST TEST 1    E    )    1.0000    
 ( TEST TEST 1    F    )    1.0000    
 ( TEST TEST 1    G    )    1.0000    
 ( TEST TEST 1    H    )    1.0000    
 ( TEST TEST 1    I    )    1.0000    
 CNSsolve> 
 CNSsolve>   do ( q = 1.0 )     ( all ) 
 SELRPN:      9 atoms have been selected out of      9
 CNSsolve>   show element ( q ) ( all ) 
 SELRPN:      9 atoms have been selected out of      9
 ( TEST TEST 1    A    )    1.0000    
 ( TEST TEST 1    B    )    1.0000    
 ( TEST TEST 1    C    )    1.0000    
 ( TEST TEST 1    D    )    1.0000    
 ( TEST TEST 1    E    )    1.0000    
 ( TEST TEST 1    F    )    1.0000    
 ( TEST TEST 1    G    )    1.0000    
 ( TEST TEST 1    H    )    1.0000    
 ( TEST TEST 1    I    )    1.0000    
 CNSsolve> 
 CNSsolve>   do ( bcom = 2.0 )  ( all ) 
 SELRPN:      9 atoms have been selected out of      9
 CNSsolve>   show ( bcom )      ( all ) 
 SELRPN:      9 atoms have been selected out of      9
 ( TEST TEST 1    A    )    2.0000    
 ( TEST TEST 1    B    )    2.0000    
 ( TEST TEST 1    C    )    2.0000    
 ( TEST TEST 1    D    )    2.0000    
 ( TEST TEST 1    E    )    2.0000    
 ( TEST TEST 1    F    )    2.0000    
 ( TEST TEST 1    G    )    2.0000    
 ( TEST TEST 1    H    )    2.0000    
 ( TEST TEST 1    I    )    2.0000    
 CNSsolve> 
 CNSsolve>   do ( qcomp = 1.0 ) ( all ) 
 SELRPN:      9 atoms have been selected out of      9
 CNSsolve>   show ( qcomp )     ( all ) 
 SELRPN:      9 atoms have been selected out of      9
 ( TEST TEST 1    A    )    1.0000    
 ( TEST TEST 1    B    )    1.0000    
 ( TEST TEST 1    C    )    1.0000    
 ( TEST TEST 1    D    )    1.0000    
 ( TEST TEST 1    E    )    1.0000    
 ( TEST TEST 1    F    )    1.0000    
 ( TEST TEST 1    G    )    1.0000    
 ( TEST TEST 1    H    )    1.0000    
 ( TEST TEST 1    I    )    1.0000    
 CNSsolve> 
 CNSsolve>   remarks 'cons' & 'harmonic' access same data 
 CNSsolve> 
 CNSsolve>   do ( cons = 1.0 )  ( all ) 
 SELRPN:      9 atoms have been selected out of      9
 CNSsolve>   show ( cons )      ( all ) 
 SELRPN:      9 atoms have been selected out of      9
 ( TEST TEST 1    A    )    1.0000    
 ( TEST TEST 1    B    )    1.0000    
 ( TEST TEST 1    C    )    1.0000    
 ( TEST TEST 1    D    )    1.0000    
 ( TEST TEST 1    E    )    1.0000    
 ( TEST TEST 1    F    )    1.0000    
 ( TEST TEST 1    G    )    1.0000    
 ( TEST TEST 1    H    )    1.0000    
 ( TEST TEST 1    I    )    1.0000    
 CNSsolve> 
 CNSsolve>   do ( harmonic = 2.0 ) ( all ) 
 SELRPN:      9 atoms have been selected out of      9
 CNSsolve>   show ( harm )     ( all ) 
 SELRPN:      9 atoms have been selected out of      9
 ( TEST TEST 1    A    )    2.0000    
 ( TEST TEST 1    B    )    2.0000    
 ( TEST TEST 1    C    )    2.0000    
 ( TEST TEST 1    D    )    2.0000    
 ( TEST TEST 1    E    )    2.0000    
 ( TEST TEST 1    F    )    2.0000    
 ( TEST TEST 1    G    )    2.0000    
 ( TEST TEST 1    H    )    2.0000    
 ( TEST TEST 1    I    )    2.0000    
 CNSsolve> 
 CNSsolve>   do ( mass = 1.0 )   ( all ) 
 SELRPN:      9 atoms have been selected out of      9
 CNSsolve>   show ( mass )       ( all ) 
 SELRPN:      9 atoms have been selected out of      9
 ( TEST TEST 1    A    )    1.0000    
 ( TEST TEST 1    B    )    1.0000    
 ( TEST TEST 1    C    )    1.0000    
 ( TEST TEST 1    D    )    1.0000    
 ( TEST TEST 1    E    )    1.0000    
 ( TEST TEST 1    F    )    1.0000    
 ( TEST TEST 1    G    )    1.0000    
 ( TEST TEST 1    H    )    1.0000    
 ( TEST TEST 1    I    )    1.0000    
 CNSsolve> 
 CNSsolve>   do ( char = 2.0 )   ( all ) 
 SELRPN:      9 atoms have been selected out of      9
 CNSsolve>   show ( char )       ( all ) 
 SELRPN:      9 atoms have been selected out of      9
 ( TEST TEST 1    A    )    2.0000    
 ( TEST TEST 1    B    )    2.0000    
 ( TEST TEST 1    C    )    2.0000    
 ( TEST TEST 1    D    )    2.0000    
 ( TEST TEST 1    E    )    2.0000    
 ( TEST TEST 1    F    )    2.0000    
 ( TEST TEST 1    G    )    2.0000    
 ( TEST TEST 1    H    )    2.0000    
 ( TEST TEST 1    I    )    2.0000    
 CNSsolve> 
 CNSsolve>   do ( fbeta = 1.0 )  ( all ) 
 SELRPN:      9 atoms have been selected out of      9
 CNSsolve>   show ( fbeta )      ( all ) 
 SELRPN:      9 atoms have been selected out of      9
 ( TEST TEST 1    A    )    1.0000    
 ( TEST TEST 1    B    )    1.0000    
 ( TEST TEST 1    C    )    1.0000    
 ( TEST TEST 1    D    )    1.0000    
 ( TEST TEST 1    E    )    1.0000    
 ( TEST TEST 1    F    )    1.0000    
 ( TEST TEST 1    G    )    1.0000    
 ( TEST TEST 1    H    )    1.0000    
 ( TEST TEST 1    I    )    1.0000    
 CNSsolve> 
 CNSsolve>   do ( x = 1.0 ) ( all ) 
 SELRPN:      9 atoms have been selected out of      9
 CNSsolve>   show ( x )     ( all ) 
 SELRPN:      9 atoms have been selected out of      9
 ( TEST TEST 1    A    )    1.0000    
 ( TEST TEST 1    B    )    1.0000    
 ( TEST TEST 1    C    )    1.0000    
 ( TEST TEST 1    D    )    1.0000    
 ( TEST TEST 1    E    )    1.0000    
 ( TEST TEST 1    F    )    1.0000    
 ( TEST TEST 1    G    )    1.0000    
 ( TEST TEST 1    H    )    1.0000    
 ( TEST TEST 1    I    )    1.0000    
 CNSsolve> 
 CNSsolve>   do ( y = 2.0 ) ( all ) 
 SELRPN:      9 atoms have been selected out of      9
 CNSsolve>   show ( y )     ( all ) 
 SELRPN:      9 atoms have been selected out of      9
 ( TEST TEST 1    A    )    2.0000    
 ( TEST TEST 1    B    )    2.0000    
 ( TEST TEST 1    C    )    2.0000    
 ( TEST TEST 1    D    )    2.0000    
 ( TEST TEST 1    E    )    2.0000    
 ( TEST TEST 1    F    )    2.0000    
 ( TEST TEST 1    G    )    2.0000    
 ( TEST TEST 1    H    )    2.0000    
 ( TEST TEST 1    I    )    2.0000    
 CNSsolve> 
 CNSsolve>   do ( z = 3.0 ) ( all ) 
 SELRPN:      9 atoms have been selected out of      9
 CNSsolve>   show ( z )     ( all ) 
 SELRPN:      9 atoms have been selected out of      9
 ( TEST TEST 1    A    )    3.0000    
 ( TEST TEST 1    B    )    3.0000    
 ( TEST TEST 1    C    )    3.0000    
 ( TEST TEST 1    D    )    3.0000    
 ( TEST TEST 1    E    )    3.0000    
 ( TEST TEST 1    F    )    3.0000    
 ( TEST TEST 1    G    )    3.0000    
 ( TEST TEST 1    H    )    3.0000    
 ( TEST TEST 1    I    )    3.0000    
 CNSsolve> 
 CNSsolve>   do ( xcom = 1.0 ) ( all ) 
 SELRPN:      9 atoms have been selected out of      9
 CNSsolve>   show ( xcom )     ( all ) 
 SELRPN:      9 atoms have been selected out of      9
 ( TEST TEST 1    A    )    1.0000    
 ( TEST TEST 1    B    )    1.0000    
 ( TEST TEST 1    C    )    1.0000    
 ( TEST TEST 1    D    )    1.0000    
 ( TEST TEST 1    E    )    1.0000    
 ( TEST TEST 1    F    )    1.0000    
 ( TEST TEST 1    G    )    1.0000    
 ( TEST TEST 1    H    )    1.0000    
 ( TEST TEST 1    I    )    1.0000    
 CNSsolve> 
 CNSsolve>   do ( ycom = 2.0 ) ( all ) 
 SELRPN:      9 atoms have been selected out of      9
 CNSsolve>   show ( ycom )     ( all ) 
 SELRPN:      9 atoms have been selected out of      9
 ( TEST TEST 1    A    )    2.0000    
 ( TEST TEST 1    B    )    2.0000    
 ( TEST TEST 1    C    )    2.0000    
 ( TEST TEST 1    D    )    2.0000    
 ( TEST TEST 1    E    )    2.0000    
 ( TEST TEST 1    F    )    2.0000    
 ( TEST TEST 1    G    )    2.0000    
 ( TEST TEST 1    H    )    2.0000    
 ( TEST TEST 1    I    )    2.0000    
 CNSsolve> 
 CNSsolve>   do ( zcom = 3.0 ) ( all ) 
 SELRPN:      9 atoms have been selected out of      9
 CNSsolve>   show ( zcom )     ( all ) 
 SELRPN:      9 atoms have been selected out of      9
 ( TEST TEST 1    A    )    3.0000    
 ( TEST TEST 1    B    )    3.0000    
 ( TEST TEST 1    C    )    3.0000    
 ( TEST TEST 1    D    )    3.0000    
 ( TEST TEST 1    E    )    3.0000    
 ( TEST TEST 1    F    )    3.0000    
 ( TEST TEST 1    G    )    3.0000    
 ( TEST TEST 1    H    )    3.0000    
 ( TEST TEST 1    I    )    3.0000    
 CNSsolve> 
 CNSsolve>   do ( dx = 1.0 ) ( all ) 
 SELRPN:      9 atoms have been selected out of      9
 CNSsolve>   show ( dx )     ( all ) 
 SELRPN:      9 atoms have been selected out of      9
 ( TEST TEST 1    A    )    1.0000    
 ( TEST TEST 1    B    )    1.0000    
 ( TEST TEST 1    C    )    1.0000    
 ( TEST TEST 1    D    )    1.0000    
 ( TEST TEST 1    E    )    1.0000    
 ( TEST TEST 1    F    )    1.0000    
 ( TEST TEST 1    G    )    1.0000    
 ( TEST TEST 1    H    )    1.0000    
 ( TEST TEST 1    I    )    1.0000    
 CNSsolve> 
 CNSsolve>   do ( dy = 1.0 ) ( all ) 
 SELRPN:      9 atoms have been selected out of      9
 CNSsolve>   show ( dy )     ( all ) 
 SELRPN:      9 atoms have been selected out of      9
 ( TEST TEST 1    A    )    1.0000    
 ( TEST TEST 1    B    )    1.0000    
 ( TEST TEST 1    C    )    1.0000    
 ( TEST TEST 1    D    )    1.0000    
 ( TEST TEST 1    E    )    1.0000    
 ( TEST TEST 1    F    )    1.0000    
 ( TEST TEST 1    G    )    1.0000    
 ( TEST TEST 1    H    )    1.0000    
 ( TEST TEST 1    I    )    1.0000    
 CNSsolve> 
 CNSsolve>   do ( dz = 1.0 ) ( all ) 
 SELRPN:      9 atoms have been selected out of      9
 CNSsolve>   show ( dz )     ( all ) 
 SELRPN:      9 atoms have been selected out of      9
 ( TEST TEST 1    A    )    1.0000    
 ( TEST TEST 1    B    )    1.0000    
 ( TEST TEST 1    C    )    1.0000    
 ( TEST TEST 1    D    )    1.0000    
 ( TEST TEST 1    E    )    1.0000    
 ( TEST TEST 1    F    )    1.0000    
 ( TEST TEST 1    G    )    1.0000    
 ( TEST TEST 1    H    )    1.0000    
 ( TEST TEST 1    I    )    1.0000    
 CNSsolve> 
 CNSsolve>   do ( refx = 1.0 ) ( all ) 
 SELRPN:      9 atoms have been selected out of      9
 CNSsolve>   show ( refx )     ( all ) 
 SELRPN:      9 atoms have been selected out of      9
 ( TEST TEST 1    A    )    1.0000    
 ( TEST TEST 1    B    )    1.0000    
 ( TEST TEST 1    C    )    1.0000    
 ( TEST TEST 1    D    )    1.0000    
 ( TEST TEST 1    E    )    1.0000    
 ( TEST TEST 1    F    )    1.0000    
 ( TEST TEST 1    G    )    1.0000    
 ( TEST TEST 1    H    )    1.0000    
 ( TEST TEST 1    I    )    1.0000    
 CNSsolve> 
 CNSsolve>   do ( refy = 2.0 ) ( all ) 
 SELRPN:      9 atoms have been selected out of      9
 CNSsolve>   show ( refy )     ( all ) 
 SELRPN:      9 atoms have been selected out of      9
 ( TEST TEST 1    A    )    2.0000    
 ( TEST TEST 1    B    )    2.0000    
 ( TEST TEST 1    C    )    2.0000    
 ( TEST TEST 1    D    )    2.0000    
 ( TEST TEST 1    E    )    2.0000    
 ( TEST TEST 1    F    )    2.0000    
 ( TEST TEST 1    G    )    2.0000    
 ( TEST TEST 1    H    )    2.0000    
 ( TEST TEST 1    I    )    2.0000    
 CNSsolve> 
 CNSsolve>   do ( refz = 3.0 ) ( all ) 
 SELRPN:      9 atoms have been selected out of      9
 CNSsolve>   show ( refz )     ( all ) 
 SELRPN:      9 atoms have been selected out of      9
 ( TEST TEST 1    A    )    3.0000    
 ( TEST TEST 1    B    )    3.0000    
 ( TEST TEST 1    C    )    3.0000    
 ( TEST TEST 1    D    )    3.0000    
 ( TEST TEST 1    E    )    3.0000    
 ( TEST TEST 1    F    )    3.0000    
 ( TEST TEST 1    G    )    3.0000    
 ( TEST TEST 1    H    )    3.0000    
 ( TEST TEST 1    I    )    3.0000    
 CNSsolve> 
 CNSsolve>   do ( vx = 1.0 )   ( all ) 
 SELRPN:      9 atoms have been selected out of      9
 CNSsolve>   show ( vx )       ( all ) 
 SELRPN:      9 atoms have been selected out of      9
 ( TEST TEST 1    A    )    1.0000    
 ( TEST TEST 1    B    )    1.0000    
 ( TEST TEST 1    C    )    1.0000    
 ( TEST TEST 1    D    )    1.0000    
 ( TEST TEST 1    E    )    1.0000    
 ( TEST TEST 1    F    )    1.0000    
 ( TEST TEST 1    G    )    1.0000    
 ( TEST TEST 1    H    )    1.0000    
 ( TEST TEST 1    I    )    1.0000    
 CNSsolve> 
 CNSsolve>   do ( vy = 2.0 )   ( all ) 
 SELRPN:      9 atoms have been selected out of      9
 CNSsolve>   show ( vy )       ( all ) 
 SELRPN:      9 atoms have been selected out of      9
 ( TEST TEST 1    A    )    2.0000    
 ( TEST TEST 1    B    )    2.0000    
 ( TEST TEST 1    C    )    2.0000    
 ( TEST TEST 1    D    )    2.0000    
 ( TEST TEST 1    E    )    2.0000    
 ( TEST TEST 1    F    )    2.0000    
 ( TEST TEST 1    G    )    2.0000    
 ( TEST TEST 1    H    )    2.0000    
 ( TEST TEST 1    I    )    2.0000    
 CNSsolve> 
 CNSsolve>   do ( vz = 3.0 )   ( all ) 
 SELRPN:      9 atoms have been selected out of      9
 CNSsolve>   show ( vz )       ( all ) 
 SELRPN:      9 atoms have been selected out of      9
 ( TEST TEST 1    A    )    3.0000    
 ( TEST TEST 1    B    )    3.0000    
 ( TEST TEST 1    C    )    3.0000    
 ( TEST TEST 1    D    )    3.0000    
 ( TEST TEST 1    E    )    3.0000    
 ( TEST TEST 1    F    )    3.0000    
 ( TEST TEST 1    G    )    3.0000    
 ( TEST TEST 1    H    )    3.0000    
 ( TEST TEST 1    I    )    3.0000    
 CNSsolve> 
 CNSsolve>   do ( segid = "XXXX" ) ( all ) 
 SELRPN:      9 atoms have been selected out of      9
 CNSsolve>   show ( segid )        ( all ) 
 SELRPN:      9 atoms have been selected out of      9
 ( XXXX TEST 1    A    )  XXXX
 ( XXXX TEST 1    B    )  XXXX
 ( XXXX TEST 1    C    )  XXXX
 ( XXXX TEST 1    D    )  XXXX
 ( XXXX TEST 1    E    )  XXXX
 ( XXXX TEST 1    F    )  XXXX
 ( XXXX TEST 1    G    )  XXXX
 ( XXXX TEST 1    H    )  XXXX
 ( XXXX TEST 1    I    )  XXXX
 CNSsolve> 
 CNSsolve>   do ( resid = "YYYY" ) ( all ) 
 SELRPN:      9 atoms have been selected out of      9
 CNSsolve>   show ( resid )        ( all ) 
 SELRPN:      9 atoms have been selected out of      9
 ( XXXX TEST YYYY A    )  YYYY
 ( XXXX TEST YYYY B    )  YYYY
 ( XXXX TEST YYYY C    )  YYYY
 ( XXXX TEST YYYY D    )  YYYY
 ( XXXX TEST YYYY E    )  YYYY
 ( XXXX TEST YYYY F    )  YYYY
 ( XXXX TEST YYYY G    )  YYYY
 ( XXXX TEST YYYY H    )  YYYY
 ( XXXX TEST YYYY I    )  YYYY
 CNSsolve> 
 CNSsolve>   do ( resn = "ZZZZ" ) ( all ) 
 SELRPN:      9 atoms have been selected out of      9
 CNSsolve>   show ( resn ) ( all ) 
 SELRPN:      9 atoms have been selected out of      9
 ( XXXX ZZZZ YYYY A    )  ZZZZ
 ( XXXX ZZZZ YYYY B    )  ZZZZ
 ( XXXX ZZZZ YYYY C    )  ZZZZ
 ( XXXX ZZZZ YYYY D    )  ZZZZ
 ( XXXX ZZZZ YYYY E    )  ZZZZ
 ( XXXX ZZZZ YYYY F    )  ZZZZ
 ( XXXX ZZZZ YYYY G    )  ZZZZ
 ( XXXX ZZZZ YYYY H    )  ZZZZ
 ( XXXX ZZZZ YYYY I    )  ZZZZ
 CNSsolve> 
 CNSsolve>   do ( iupac = "BBBB" ) ( name aaaa ) 
 SELRPN:      0 atoms have been selected out of      9
 CNSsolve>   show ( iupa ) ( all ) 
 SELRPN:      9 atoms have been selected out of      9
 ( XXXX ZZZZ YYYY A    )  A   
 ( XXXX ZZZZ YYYY B    )  B   
 ( XXXX ZZZZ YYYY C    )  C   
 ( XXXX ZZZZ YYYY D    )  D   
 ( XXXX ZZZZ YYYY E    )  E   
 ( XXXX ZZZZ YYYY F    )  F   
 ( XXXX ZZZZ YYYY G    )  G   
 ( XXXX ZZZZ YYYY H    )  H   
 ( XXXX ZZZZ YYYY I    )  I   
 CNSsolve> 
 CNSsolve>   do ( name = "A   " ) ( name bbbb ) 
 SELRPN:      0 atoms have been selected out of      9
 CNSsolve>   show ( name ) ( all ) 
 SELRPN:      9 atoms have been selected out of      9
 ( XXXX ZZZZ YYYY A    )  A   
 ( XXXX ZZZZ YYYY B    )  B   
 ( XXXX ZZZZ YYYY C    )  C   
 ( XXXX ZZZZ YYYY D    )  D   
 ( XXXX ZZZZ YYYY E    )  E   
 ( XXXX ZZZZ YYYY F    )  F   
 ( XXXX ZZZZ YYYY G    )  G   
 ( XXXX ZZZZ YYYY H    )  H   
 ( XXXX ZZZZ YYYY I    )  I   
 CNSsolve> 
 CNSsolve>   do ( chem = "DDDD" ) ( all ) 
 SELRPN:      9 atoms have been selected out of      9
 CNSsolve>   show ( chem ) ( all ) 
 SELRPN:      9 atoms have been selected out of      9
 ( XXXX ZZZZ YYYY A    )  DDDD
 ( XXXX ZZZZ YYYY B    )  DDDD
 ( XXXX ZZZZ YYYY C    )  DDDD
 ( XXXX ZZZZ YYYY D    )  DDDD
 ( XXXX ZZZZ YYYY E    )  DDDD
 ( XXXX ZZZZ YYYY F    )  DDDD
 ( XXXX ZZZZ YYYY G    )  DDDD
 ( XXXX ZZZZ YYYY H    )  DDDD
 ( XXXX ZZZZ YYYY I    )  DDDD
 CNSsolve> 
 CNSsolve> 
 CNSsolve>remarks now perform each operation singularly 
 CNSsolve> 
 CNSsolve>   show ( x ) ( name a ) 
 SELRPN:      1 atoms have been selected out of      9
 ( XXXX ZZZZ YYYY A    )    1.0000    
 CNSsolve>   do ( x = x + 1 ) ( name a ) 
 SELRPN:      1 atoms have been selected out of      9
 CNSsolve>   show ( x ) ( name a ) 
 SELRPN:      1 atoms have been selected out of      9
 ( XXXX ZZZZ YYYY A    )    2.0000    
 CNSsolve> 
 CNSsolve>   do ( x = x - 1 ) ( name a ) 
 SELRPN:      1 atoms have been selected out of      9
 CNSsolve>   show ( x ) ( name a ) 
 SELRPN:      1 atoms have been selected out of      9
 ( XXXX ZZZZ YYYY A    )    1.0000    
 CNSsolve> 
 CNSsolve>   do ( x = x * 4.0 ) ( name a ) 
 SELRPN:      1 atoms have been selected out of      9
 CNSsolve>   show ( x ) ( name a ) 
 SELRPN:      1 atoms have been selected out of      9
 ( XXXX ZZZZ YYYY A    )    4.0000    
 CNSsolve> 
 CNSsolve>   do ( x = x / 2.0 ) ( name a ) 
 SELRPN:      1 atoms have been selected out of      9
 CNSsolve>   show ( x ) ( name a ) 
 SELRPN:      1 atoms have been selected out of      9
 ( XXXX ZZZZ YYYY A    )    2.0000    
 CNSsolve> 
 CNSsolve>   do ( x = -x ) ( name a ) 
 SELRPN:      1 atoms have been selected out of      9
 CNSsolve>   show ( x ) ( name a ) 
 SELRPN:      1 atoms have been selected out of      9
 ( XXXX ZZZZ YYYY A    )   -2.0000    
 CNSsolve> 
 CNSsolve>   do ( x = ~x ) ( name a ) 
 SELRPN:      1 atoms have been selected out of      9
 CNSsolve>   show ( x ) ( name a ) 
 SELRPN:      1 atoms have been selected out of      9
 ( XXXX ZZZZ YYYY A    )    2.0000    
 CNSsolve> 
 CNSsolve>   do ( x = x**2 ) ( name a ) 
 SELRPN:      1 atoms have been selected out of      9
 CNSsolve>   show ( x ) ( name a ) 
 SELRPN:      1 atoms have been selected out of      9
 ( XXXX ZZZZ YYYY A    )    4.0000    
 CNSsolve> 
 CNSsolve>   do ( x = x^0.5 ) ( name a ) 
 SELRPN:      1 atoms have been selected out of      9
 CNSsolve>   show ( x ) ( name a ) 
 SELRPN:      1 atoms have been selected out of      9
 ( XXXX ZZZZ YYYY A    )    2.0000    
 CNSsolve> 
 CNSsolve>remarks now try each of the defined functions 
 CNSsolve> 
 CNSsolve>   do ( x = gaus(1.5) ) ( all ) 
 SELRPN:      9 atoms have been selected out of      9
 CNSsolve>   show ( x ) ( all ) 
 SELRPN:      9 atoms have been selected out of      9
 ( XXXX ZZZZ YYYY A    )   -1.0322    
 ( XXXX ZZZZ YYYY B    )  -0.48432    
 ( XXXX ZZZZ YYYY C    )    2.2204    
 ( XXXX ZZZZ YYYY D    )   -1.3757    
 ( XXXX ZZZZ YYYY E    )    2.5181    
 ( XXXX ZZZZ YYYY F    )    1.6232    
 ( XXXX ZZZZ YYYY G    )    2.5405    
 ( XXXX ZZZZ YYYY H    )    2.7714    
 ( XXXX ZZZZ YYYY I    )   0.74360    
 CNSsolve> 
 CNSsolve>   show norm  ( x ) ( all ) 
 SELRPN:      9 atoms have been selected out of      9
 SHOW: norm of selected elements =       1.879290
 CNSsolve>   do ( x = x / ( $result * sqrt ($select) ) ) ( all ) 
 SELRPN:      9 atoms have been selected out of      9
 CNSsolve> 
 CNSsolve>   show ( x ) ( all ) 
 SELRPN:      9 atoms have been selected out of      9
 ( XXXX ZZZZ YYYY A    )  -0.18307    
 ( XXXX ZZZZ YYYY B    )  -0.85904E-01
 ( XXXX ZZZZ YYYY C    )   0.39383    
 ( XXXX ZZZZ YYYY D    )  -0.24402    
 ( XXXX ZZZZ YYYY E    )   0.44664    
 ( XXXX ZZZZ YYYY F    )   0.28790    
 ( XXXX ZZZZ YYYY G    )   0.45062    
 ( XXXX ZZZZ YYYY H    )   0.49156    
 ( XXXX ZZZZ YYYY I    )   0.13189    
 CNSsolve> 
 CNSsolve>   show ( y ) ( all ) 
 SELRPN:      9 atoms have been selected out of      9
 ( XXXX ZZZZ YYYY A    )    2.0000    
 ( XXXX ZZZZ YYYY B    )    2.0000    
 ( XXXX ZZZZ YYYY C    )    2.0000    
 ( XXXX ZZZZ YYYY D    )    2.0000    
 ( XXXX ZZZZ YYYY E    )    2.0000    
 ( XXXX ZZZZ YYYY F    )    2.0000    
 ( XXXX ZZZZ YYYY G    )    2.0000    
 ( XXXX ZZZZ YYYY H    )    2.0000    
 ( XXXX ZZZZ YYYY I    )    2.0000    
 CNSsolve>   do ( x = max( x, y ) ) ( all ) 
 SELRPN:      9 atoms have been selected out of      9
 CNSsolve>   show ( x ) ( all ) 
 SELRPN:      9 atoms have been selected out of      9
 ( XXXX ZZZZ YYYY A    )    2.0000    
 ( XXXX ZZZZ YYYY B    )    2.0000    
 ( XXXX ZZZZ YYYY C    )    2.0000    
 ( XXXX ZZZZ YYYY D    )    2.0000    
 ( XXXX ZZZZ YYYY E    )    2.0000    
 ( XXXX ZZZZ YYYY F    )    2.0000    
 ( XXXX ZZZZ YYYY G    )    2.0000    
 ( XXXX ZZZZ YYYY H    )    2.0000    
 ( XXXX ZZZZ YYYY I    )    2.0000    
 CNSsolve> 
 CNSsolve>   show ( z ) ( all ) 
 SELRPN:      9 atoms have been selected out of      9
 ( XXXX ZZZZ YYYY A    )    3.0000    
 ( XXXX ZZZZ YYYY B    )    3.0000    
 ( XXXX ZZZZ YYYY C    )    3.0000    
 ( XXXX ZZZZ YYYY D    )    3.0000    
 ( XXXX ZZZZ YYYY E    )    3.0000    
 ( XXXX ZZZZ YYYY F    )    3.0000    
 ( XXXX ZZZZ YYYY G    )    3.0000    
 ( XXXX ZZZZ YYYY H    )    3.0000    
 ( XXXX ZZZZ YYYY I    )    3.0000    
 CNSsolve>   do ( x = min( x, z ) ) ( all ) 
 SELRPN:      9 atoms have been selected out of      9
 CNSsolve>   show ( x ) ( all ) 
 SELRPN:      9 atoms have been selected out of      9
 ( XXXX ZZZZ YYYY A    )    2.0000    
 ( XXXX ZZZZ YYYY B    )    2.0000    
 ( XXXX ZZZZ YYYY C    )    2.0000    
 ( XXXX ZZZZ YYYY D    )    2.0000    
 ( XXXX ZZZZ YYYY E    )    2.0000    
 ( XXXX ZZZZ YYYY F    )    2.0000    
 ( XXXX ZZZZ YYYY G    )    2.0000    
 ( XXXX ZZZZ YYYY H    )    2.0000    
 ( XXXX ZZZZ YYYY I    )    2.0000    
 CNSsolve> 
 CNSsolve>   do ( x = log(x) ) ( all ) 
 SELRPN:      9 atoms have been selected out of      9
 CNSsolve>   show ( x ) ( all ) 
 SELRPN:      9 atoms have been selected out of      9
 ( XXXX ZZZZ YYYY A    )   0.69315    
 ( XXXX ZZZZ YYYY B    )   0.69315    
 ( XXXX ZZZZ YYYY C    )   0.69315    
 ( XXXX ZZZZ YYYY D    )   0.69315    
 ( XXXX ZZZZ YYYY E    )   0.69315    
 ( XXXX ZZZZ YYYY F    )   0.69315    
 ( XXXX ZZZZ YYYY G    )   0.69315    
 ( XXXX ZZZZ YYYY H    )   0.69315    
 ( XXXX ZZZZ YYYY I    )   0.69315    
 CNSsolve> 
 CNSsolve>   do ( x = exp(x) ) ( all ) 
 SELRPN:      9 atoms have been selected out of      9
 CNSsolve>   show ( x ) ( all ) 
 SELRPN:      9 atoms have been selected out of      9
 ( XXXX ZZZZ YYYY A    )    2.0000    
 ( XXXX ZZZZ YYYY B    )    2.0000    
 ( XXXX ZZZZ YYYY C    )    2.0000    
 ( XXXX ZZZZ YYYY D    )    2.0000    
 ( XXXX ZZZZ YYYY E    )    2.0000    
 ( XXXX ZZZZ YYYY F    )    2.0000    
 ( XXXX ZZZZ YYYY G    )    2.0000    
 ( XXXX ZZZZ YYYY H    )    2.0000    
 ( XXXX ZZZZ YYYY I    )    2.0000    
 CNSsolve> 
 CNSsolve>   do ( x = heavy( x ) ) ( all ) 
 SELRPN:      9 atoms have been selected out of      9
 CNSsolve>   show ( x ) ( all ) 
 SELRPN:      9 atoms have been selected out of      9
 ( XXXX ZZZZ YYYY A    )    1.0000    
 ( XXXX ZZZZ YYYY B    )    1.0000    
 ( XXXX ZZZZ YYYY C    )    1.0000    
 ( XXXX ZZZZ YYYY D    )    1.0000    
 ( XXXX ZZZZ YYYY E    )    1.0000    
 ( XXXX ZZZZ YYYY F    )    1.0000    
 ( XXXX ZZZZ YYYY G    )    1.0000    
 ( XXXX ZZZZ YYYY H    )    1.0000    
 ( XXXX ZZZZ YYYY I    )    1.0000    
 CNSsolve> 
 CNSsolve>   do ( x = step( x ) ) ( all ) 
 SELRPN:      9 atoms have been selected out of      9
 CNSsolve>   show ( x ) ( all ) 
 SELRPN:      9 atoms have been selected out of      9
 ( XXXX ZZZZ YYYY A    )    1.0000    
 ( XXXX ZZZZ YYYY B    )    1.0000    
 ( XXXX ZZZZ YYYY C    )    1.0000    
 ( XXXX ZZZZ YYYY D    )    1.0000    
 ( XXXX ZZZZ YYYY E    )    1.0000    
 ( XXXX ZZZZ YYYY F    )    1.0000    
 ( XXXX ZZZZ YYYY G    )    1.0000    
 ( XXXX ZZZZ YYYY H    )    1.0000    
 ( XXXX ZZZZ YYYY I    )    1.0000    
 CNSsolve> 
 CNSsolve>   do ( x = -x ) ( all ) 
 SELRPN:      9 atoms have been selected out of      9
 CNSsolve>   show ( x ) ( all ) 
 SELRPN:      9 atoms have been selected out of      9
 ( XXXX ZZZZ YYYY A    )   -1.0000    
 ( XXXX ZZZZ YYYY B    )   -1.0000    
 ( XXXX ZZZZ YYYY C    )   -1.0000    
 ( XXXX ZZZZ YYYY D    )   -1.0000    
 ( XXXX ZZZZ YYYY E    )   -1.0000    
 ( XXXX ZZZZ YYYY F    )   -1.0000    
 ( XXXX ZZZZ YYYY G    )   -1.0000    
 ( XXXX ZZZZ YYYY H    )   -1.0000    
 ( XXXX ZZZZ YYYY I    )   -1.0000    
 CNSsolve> 
 CNSsolve>   do ( x = abs( x ) ) ( all ) 
 SELRPN:      9 atoms have been selected out of      9
 CNSsolve>   show ( x ) ( all ) 
 SELRPN:      9 atoms have been selected out of      9
 ( XXXX ZZZZ YYYY A    )    1.0000    
 ( XXXX ZZZZ YYYY B    )    1.0000    
 ( XXXX ZZZZ YYYY C    )    1.0000    
 ( XXXX ZZZZ YYYY D    )    1.0000    
 ( XXXX ZZZZ YYYY E    )    1.0000    
 ( XXXX ZZZZ YYYY F    )    1.0000    
 ( XXXX ZZZZ YYYY G    )    1.0000    
 ( XXXX ZZZZ YYYY H    )    1.0000    
 ( XXXX ZZZZ YYYY I    )    1.0000    
 CNSsolve> 
 CNSsolve>   do ( x = .5 ) ( all ) 
 SELRPN:      9 atoms have been selected out of      9
 CNSsolve>   do ( x = cos(x) ) ( all ) 
 SELRPN:      9 atoms have been selected out of      9
 CNSsolve>   show ( x ) ( all ) 
 SELRPN:      9 atoms have been selected out of      9
 ( XXXX ZZZZ YYYY A    )   0.99996    
 ( XXXX ZZZZ YYYY B    )   0.99996    
 ( XXXX ZZZZ YYYY C    )   0.99996    
 ( XXXX ZZZZ YYYY D    )   0.99996    
 ( XXXX ZZZZ YYYY E    )   0.99996    
 ( XXXX ZZZZ YYYY F    )   0.99996    
 ( XXXX ZZZZ YYYY G    )   0.99996    
 ( XXXX ZZZZ YYYY H    )   0.99996    
 ( XXXX ZZZZ YYYY I    )   0.99996    
 CNSsolve>   do ( x = sin(x) ) ( all ) 
 SELRPN:      9 atoms have been selected out of      9
 CNSsolve>   show ( x ) ( all ) 
 SELRPN:      9 atoms have been selected out of      9
 ( XXXX ZZZZ YYYY A    )   0.17452E-01
 ( XXXX ZZZZ YYYY B    )   0.17452E-01
 ( XXXX ZZZZ YYYY C    )   0.17452E-01
 ( XXXX ZZZZ YYYY D    )   0.17452E-01
 ( XXXX ZZZZ YYYY E    )   0.17452E-01
 ( XXXX ZZZZ YYYY F    )   0.17452E-01
 ( XXXX ZZZZ YYYY G    )   0.17452E-01
 ( XXXX ZZZZ YYYY H    )   0.17452E-01
 ( XXXX ZZZZ YYYY I    )   0.17452E-01
 CNSsolve>   do ( x = tan(x) ) ( all ) 
 SELRPN:      9 atoms have been selected out of      9
 CNSsolve>   show ( x ) ( all ) 
 SELRPN:      9 atoms have been selected out of      9
 ( XXXX ZZZZ YYYY A    )   0.30459E-03
 ( XXXX ZZZZ YYYY B    )   0.30459E-03
 ( XXXX ZZZZ YYYY C    )   0.30459E-03
 ( XXXX ZZZZ YYYY D    )   0.30459E-03
 ( XXXX ZZZZ YYYY E    )   0.30459E-03
 ( XXXX ZZZZ YYYY F    )   0.30459E-03
 ( XXXX ZZZZ YYYY G    )   0.30459E-03
 ( XXXX ZZZZ YYYY H    )   0.30459E-03
 ( XXXX ZZZZ YYYY I    )   0.30459E-03
 CNSsolve>   do ( x = log10(x) ) ( all ) 
 SELRPN:      9 atoms have been selected out of      9
 CNSsolve>   show ( x ) ( all ) 
 SELRPN:      9 atoms have been selected out of      9
 ( XXXX ZZZZ YYYY A    )   -3.5163    
 ( XXXX ZZZZ YYYY B    )   -3.5163    
 ( XXXX ZZZZ YYYY C    )   -3.5163    
 ( XXXX ZZZZ YYYY D    )   -3.5163    
 ( XXXX ZZZZ YYYY E    )   -3.5163    
 ( XXXX ZZZZ YYYY F    )   -3.5163    
 ( XXXX ZZZZ YYYY G    )   -3.5163    
 ( XXXX ZZZZ YYYY H    )   -3.5163    
 ( XXXX ZZZZ YYYY I    )   -3.5163    
 CNSsolve>   do ( x = exp( x ) ) ( all ) 
 SELRPN:      9 atoms have been selected out of      9
 CNSsolve>   show ( x ) ( all ) 
 SELRPN:      9 atoms have been selected out of      9
 ( XXXX ZZZZ YYYY A    )   0.29710E-01
 ( XXXX ZZZZ YYYY B    )   0.29710E-01
 ( XXXX ZZZZ YYYY C    )   0.29710E-01
 ( XXXX ZZZZ YYYY D    )   0.29710E-01
 ( XXXX ZZZZ YYYY E    )   0.29710E-01
 ( XXXX ZZZZ YYYY F    )   0.29710E-01
 ( XXXX ZZZZ YYYY G    )   0.29710E-01
 ( XXXX ZZZZ YYYY H    )   0.29710E-01
 ( XXXX ZZZZ YYYY I    )   0.29710E-01
 CNSsolve>   do ( x = acos( 0.3 ) ) ( all ) 
 SELRPN:      9 atoms have been selected out of      9
 CNSsolve>   show ( x ) ( all ) 
 SELRPN:      9 atoms have been selected out of      9
 ( XXXX ZZZZ YYYY A    )    72.542    
 ( XXXX ZZZZ YYYY B    )    72.542    
 ( XXXX ZZZZ YYYY C    )    72.542    
 ( XXXX ZZZZ YYYY D    )    72.542    
 ( XXXX ZZZZ YYYY E    )    72.542    
 ( XXXX ZZZZ YYYY F    )    72.542    
 ( XXXX ZZZZ YYYY G    )    72.542    
 ( XXXX ZZZZ YYYY H    )    72.542    
 ( XXXX ZZZZ YYYY I    )    72.542    
 CNSsolve>   do ( x = asin ( 0.4 ) ) ( all ) 
 SELRPN:      9 atoms have been selected out of      9
 CNSsolve>   show ( x ) ( all ) 
 SELRPN:      9 atoms have been selected out of      9
 ( XXXX ZZZZ YYYY A    )    23.578    
 ( XXXX ZZZZ YYYY B    )    23.578    
 ( XXXX ZZZZ YYYY C    )    23.578    
 ( XXXX ZZZZ YYYY D    )    23.578    
 ( XXXX ZZZZ YYYY E    )    23.578    
 ( XXXX ZZZZ YYYY F    )    23.578    
 ( XXXX ZZZZ YYYY G    )    23.578    
 ( XXXX ZZZZ YYYY H    )    23.578    
 ( XXXX ZZZZ YYYY I    )    23.578    
 CNSsolve>   do ( x = 10.5 ) ( all ) 
 SELRPN:      9 atoms have been selected out of      9
 CNSsolve>   do ( x = mod(x,5) ) ( all ) 
 SELRPN:      9 atoms have been selected out of      9
 CNSsolve>   show ( x ) ( all ) 
 SELRPN:      9 atoms have been selected out of      9
 ( XXXX ZZZZ YYYY A    )   0.50000    
 ( XXXX ZZZZ YYYY B    )   0.50000    
 ( XXXX ZZZZ YYYY C    )   0.50000    
 ( XXXX ZZZZ YYYY D    )   0.50000    
 ( XXXX ZZZZ YYYY E    )   0.50000    
 ( XXXX ZZZZ YYYY F    )   0.50000    
 ( XXXX ZZZZ YYYY G    )   0.50000    
 ( XXXX ZZZZ YYYY H    )   0.50000    
 ( XXXX ZZZZ YYYY I    )   0.50000    
 CNSsolve>   do ( x = 9.3 ) ( all ) 
 SELRPN:      9 atoms have been selected out of      9
 CNSsolve>   do ( x = int(x)) ( all ) 
 SELRPN:      9 atoms have been selected out of      9
 CNSsolve>   show ( x ) ( all ) 
 SELRPN:      9 atoms have been selected out of      9
 ( XXXX ZZZZ YYYY A    )    9.0000    
 ( XXXX ZZZZ YYYY B    )    9.0000    
 ( XXXX ZZZZ YYYY C    )    9.0000    
 ( XXXX ZZZZ YYYY D    )    9.0000    
 ( XXXX ZZZZ YYYY E    )    9.0000    
 ( XXXX ZZZZ YYYY F    )    9.0000    
 ( XXXX ZZZZ YYYY G    )    9.0000    
 ( XXXX ZZZZ YYYY H    )    9.0000    
 ( XXXX ZZZZ YYYY I    )    9.0000    
 CNSsolve>   do ( x = 16.3 ) ( all ) 
 SELRPN:      9 atoms have been selected out of      9
 CNSsolve>   do ( x = sqrt(x) ) ( all ) 
 SELRPN:      9 atoms have been selected out of      9
 CNSsolve>   show ( x ) ( all ) 
 SELRPN:      9 atoms have been selected out of      9
 ( XXXX ZZZZ YYYY A    )    4.0373    
 ( XXXX ZZZZ YYYY B    )    4.0373    
 ( XXXX ZZZZ YYYY C    )    4.0373    
 ( XXXX ZZZZ YYYY D    )    4.0373    
 ( XXXX ZZZZ YYYY E    )    4.0373    
 ( XXXX ZZZZ YYYY F    )    4.0373    
 ( XXXX ZZZZ YYYY G    )    4.0373    
 ( XXXX ZZZZ YYYY H    )    4.0373    
 ( XXXX ZZZZ YYYY I    )    4.0373    
 CNSsolve> 
 CNSsolve>remarks now test order of operations 
 CNSsolve> 
 CNSsolve>   remarks order should be:   - ; unary minus 
 CNSsolve>   remarks                 ** ^ ; raise to the power of 
 CNSsolve>   remarks                  * / ; multiplication or division 
 CNSsolve>   remarks                  + - ; addition or subtraction 
 CNSsolve>   remarks all operators with the same precedence are evaluated 
 CNSsolve>   remarks from left to right, except raising to a power. 
 CNSsolve> 
 CNSsolve>   do ( x = -min( 3, 4, 5, 6 ) ) ( name a ) 
 SELRPN:      1 atoms have been selected out of      9
 CNSsolve>   show ( x ) ( name a ) 
 SELRPN:      1 atoms have been selected out of      9
 ( XXXX ZZZZ YYYY A    )   -3.0000    
 CNSsolve> 
 CNSsolve>   do ( x = 3 * 4 - 2 * 5 ) ( name a ) 
 SELRPN:      1 atoms have been selected out of      9
 CNSsolve>   show ( x ) ( name a ) 
 SELRPN:      1 atoms have been selected out of      9
 ( XXXX ZZZZ YYYY A    )    2.0000    
 CNSsolve> 
 CNSsolve>   do ( x = 3 + 2**2 ) ( name a ) 
 SELRPN:      1 atoms have been selected out of      9
 CNSsolve>   show ( x ) ( name a ) 
 SELRPN:      1 atoms have been selected out of      9
 ( XXXX ZZZZ YYYY A    )    7.0000    
 CNSsolve> 
 CNSsolve>   do ( x = 1 + ~2 ) ( name a ) 
 SELRPN:      1 atoms have been selected out of      9
 CNSsolve>   show ( x ) ( name a ) 
 SELRPN:      1 atoms have been selected out of      9
 ( XXXX ZZZZ YYYY A    )   -1.0000    
 CNSsolve> 
 CNSsolve>   do ( x = 3 * -4 ) ( name a ) 
 SELRPN:      1 atoms have been selected out of      9
 CNSsolve>   show ( x ) ( name a ) 
 SELRPN:      1 atoms have been selected out of      9
 ( XXXX ZZZZ YYYY A    )   -12.000    
 CNSsolve> 
 CNSsolve>   do ( x = ~2^4^.5 ) ( name a ) 
 SELRPN:      1 atoms have been selected out of      9
 CNSsolve>   show ( x ) ( name a ) 
 SELRPN:      1 atoms have been selected out of      9
 ( XXXX ZZZZ YYYY A    )    4.0000    
 CNSsolve> 
 CNSsolve>   do ( x = -2^.5^4 ) ( name a ) 
 SELRPN:      1 atoms have been selected out of      9
 %XRPOWR-ERR: Attempt to raise a negative number to a real power.:
    do ( x = -2^.5^4 ) ( name a ) 
                                ^
 %SCPARS-ERR: Assignment aborted.:
    do ( x = -2^.5^4 ) ( name a ) 
                                ^
  Starting with array index:                      1
 CNSsolve>   show ( x ) ( name a ) 
 SELRPN:      1 atoms have been selected out of      9
 ( XXXX ZZZZ YYYY A    )    4.0000    
 CNSsolve> 
 CNSsolve>   do ( x = 4 - 12 / 3 - 1 + 5 ) ( name a ) 
 SELRPN:      1 atoms have been selected out of      9
 CNSsolve>   show ( x ) ( name a ) 
 SELRPN:      1 atoms have been selected out of      9
 ( XXXX ZZZZ YYYY A    )    4.0000    
 CNSsolve> 
 CNSsolve>   remarks test parens effect on precedence 
 CNSsolve> 
 CNSsolve>   do ( x = -min(3,4,5,6)) ( name a ) 
 SELRPN:      1 atoms have been selected out of      9
 CNSsolve>   show ( x ) ( name a ) 
 SELRPN:      1 atoms have been selected out of      9
 ( XXXX ZZZZ YYYY A    )   -3.0000    
 CNSsolve> 
 CNSsolve>   do ( x = -(min(3,4,5,6))) ( name a ) 
 SELRPN:      1 atoms have been selected out of      9
 CNSsolve>   show ( x ) ( name a ) 
 SELRPN:      1 atoms have been selected out of      9
 ( XXXX ZZZZ YYYY A    )   -3.0000    
 CNSsolve> 
 CNSsolve>   do ( x = 3 * ( 2 + 3 ) ) ( name a ) 
 SELRPN:      1 atoms have been selected out of      9
 CNSsolve>   show ( x ) ( name a ) 
 SELRPN:      1 atoms have been selected out of      9
 ( XXXX ZZZZ YYYY A    )    15.000    
 CNSsolve> 
 CNSsolve>   do ( x = min( 3+4/2, 1*(5+1), 8/2*42 ) ) ( name a ) 
 SELRPN:      1 atoms have been selected out of      9
 CNSsolve>   show ( x ) ( name a ) 
 SELRPN:      1 atoms have been selected out of      9
 ( XXXX ZZZZ YYYY A    )    5.0000    
 CNSsolve> 
 CNSsolve>   do ( x = min(max(2+3,3/4),min(6,9),max(8*2,33)) )(name a) 
 SELRPN:      1 atoms have been selected out of      9
 CNSsolve>   show ( x ) ( name a ) 
 SELRPN:      1 atoms have been selected out of      9
 ( XXXX ZZZZ YYYY A    )    5.0000    
 CNSsolve> 
 CNSsolve>stop 
          ============================================================
           Maximum dynamic memory allocation:     8201488 bytes
           Maximum dynamic memory overhead:           208 bytes
           Program started at: 16:08:04 on 05-Jul-2018
           Program stopped at: 16:08:04 on 05-Jul-2018
           CPU time used:       0.0138 seconds
          ============================================================
