          ============================================================
          |                                                          |
          |            Crystallography & NMR System (CNS)            |
          |                         CNSsolve                         |
          |                                                          |
          ============================================================
           Version: 1.3
           Status: General release
          ============================================================
           Written by: A.T.Brunger, P.D.Adams, G.M.Clore, W.L.DeLano,
                       P.Gros, R.W.Grosse-Kunstleve,J.-S.Jiang,J.M.Krahn,
                       J.Kuszewski, M.Nilges, N.S.Pannu, R.J.Read,
                       L.M.Rice, G.F.Schroeder, T.Simonson, G.L.Warren.
           Copyright (c) 1997-2010 Yale University
          ============================================================
           Running on machine: lewis4-r710-login-node223 (x86_64/Linux,64-bit)
                               with 16 threads
           Program started by: oeow39
           Program started at: 16:08:04 on 05-Jul-2018
          ============================================================

 FFT3C: Using FFTPACK4.1

 CNSsolve>remarks file test/noetest3.inp 
 CNSsolve>remarks  test NOE symmetry-restraints facility 
 CNSsolve>remarks 
 CNSsolve> 
 CNSsolve>topology @CNS_TOPPAR:protein.top end 
 ASSFIL: file protein.top opened.
 RTFRDR>remarks file toppar/protein.top 
 RTFRDR>remarks   protein topology with polar hydrogens 
 RTFRDR> 
 RTFRDR>! 
 RTFRDR>! Please cite the following reference when using these parameters: 
 RTFRDR>! Engh, R.A. and  Huber, R. (1991). Accurate Bond and 
 RTFRDR>!  Angle Parameters for X-ray Protein-Structure Refinement, 
 RTFRDR>!  Acta Cryst. A47, 392-400. 
 RTFRDR>! 
 RTFRDR>! 
 RTFRDR> 
 RTFRDR>set message ? end eval ($old_message=$result) set echo ? end eval ($old_echo=$result) 
 MESSage=NORM
 EVALUATE: symbol $OLD_MESSAGE set to "NORM" (string)
 ECHO=TRUE {ON}
 EVALUATE: symbol $OLD_ECHO set to TRUE (logical)
 RTFRDR>set message=off echo=off end 
 RTFRDR> 
 RTFRDR> 
 RTFRDR> end 
 CNSsolve>parameter @CNS_TOPPAR:protein.param end 
 ASSFIL: file protein.param opened.
 PARRDR>remarks file toppar/protein.param 
 PARRDR>remarks   protein parameters with Lennard-Jones van der Waals parameters 
 PARRDR>remarks   for crystallographic structure determination 
 PARRDR> 
 PARRDR>! 
 PARRDR>! Please cite the following reference when using these parameters: 
 PARRDR>! Engh, R.A. and  Huber, R. (1991). Accurate Bond and 
 PARRDR>!  Angle Parameters for X-ray Protein-Structure Refinement, 
 PARRDR>!  Acta Cryst. A47, 392-400. 
 PARRDR>! 
 PARRDR>! 
 PARRDR> 
 PARRDR>set message ? end eval ($old_message=$result) set echo ? end eval ($old_echo=$result) 
 MESSage=NORM
 EVALUATE: symbol $OLD_MESSAGE set to "NORM" (string)
 ECHO=TRUE {ON}
 EVALUATE: symbol $OLD_ECHO set to TRUE (logical)
 PARRDR>set message=off echo=off end 
 PARRDR> 
 PARRDR> end 
 CNSsolve> 
 CNSsolve>segment 
 SEGMENT>   name=mol1 
 SEGMENT>   molecule  name=lys number=1 end 
 SEGMENT>end 
 Status of internal molecular topology database:
 -> NATOM=         13(MAXA=     1000000)  NBOND=         12(MAXB=     1000000)
 -> NTHETA=        15(MAXT=     2000000)  NGRP=           1(MAXGRP=   1000000)
 -> NPHI=           7(MAXP=     2000000)  NIMPHI=         1(MAXIMP=   1000000)
 -> NNB=            0(MAXNB=    1000000) 
 CNSsolve>segment 
 SEGMENT>   name=mol2 
 SEGMENT>   molecule name=lys number=1 end 
 SEGMENT>end 
 Status of internal molecular topology database:
 -> NATOM=         26(MAXA=     1000000)  NBOND=         24(MAXB=     1000000)
 -> NTHETA=        30(MAXT=     2000000)  NGRP=           2(MAXGRP=   1000000)
 -> NPHI=          14(MAXP=     2000000)  NIMPHI=         2(MAXIMP=   1000000)
 -> NNB=            0(MAXNB=    1000000) 
 CNSsolve> 
 CNSsolve>delete selection=( not ( name nz or name hz* or name ce )) end 
 SELRPN:     16 atoms have been selected out of     26
 Status of internal molecular topology database:
 -> NATOM=         10(MAXA=     1000000)  NBOND=          8(MAXB=     1000000)
 -> NTHETA=        12(MAXT=     2000000)  NGRP=           2(MAXGRP=   1000000)
 -> NPHI=           0(MAXP=     2000000)  NIMPHI=         0(MAXIMP=   1000000)
 -> NNB=            0(MAXNB=    1000000) 
 CNSsolve> 
 CNSsolve>coor 
 COOR>remarks test 
 COOR>ATOM      1  CE  LYS     1      -0.484   1.367   0.000  1.00  0.00      MOL1 
 COOR>ATOM      2  NZ  LYS     1       0.000   0.000   0.000  1.00  0.00      MOL1 
 CNSsolve> 
 CNSsolve>coor rotate   angle=180.0   selection=( segid mol2 )  vector=( 0.0 0.0 1.0) end 
 SELRPN:      5 atoms have been selected out of     10
 COOR: using atom subset.

 Rotation matrix =
   -1.000000    0.000000    0.000000
    0.000000   -1.000000    0.000000
    0.000000    0.000000    1.000000
 Corresp. Eulerian angles (theta1,theta2,theta3)   180.0000    0.0000    0.0000
 Corresp. spherical polar angles (psi,phi,kappa)    90.0000   90.0000  180.0000
 Corresp. rotation angle   180.0000 about axis       0.0000    0.0000   -1.0000
 Corresp. quaternions     0.0000    0.0000    0.0000    1.0000

 COOR: rotation center =    0.000000    0.000000    0.000000
 COOR: selected coordinates rotated
 CNSsolve> 
 CNSsolve>coor translate vector=( 1.0 0.0 0.0 ) dist=3.0  selection=( segid mol2 ) end 
 SELRPN:      5 atoms have been selected out of     10
 COOR: using atom subset.
 COOR: translation vector =(     3.000000    0.000000    0.000000 )
 COOR: selected coordinates translated
 CNSsolve> 
 CNSsolve>!write coor end 
 CNSsolve> 
 CNSsolve>flags  exclude * include noe   end 
 CNSsolve>{ 
 CNSsolve>{* generate one NOE constraint among groups of hydrogens *} 
 CNSsolve>{* ===================================================== *} 
 CNSsolve> 
 CNSsolve>noe 
 CNSsolve>  reset 
 CNSsolve>  nrestraints=100 
 CNSsolve>  temperature=300.0 
 CNSsolve>  class one 
 CNSsolve>  assign ( atom mol1 1 hz* ) ( atom mol2 1 hz*)  4.0  0.08 0.17 
 CNSsolve>  ? 
 CNSsolve>end 
 CNSsolve> 
 CNSsolve>print threshold 0.5  noe 
 CNSsolve>noe scale one 0.5 end 
 CNSsolve>print threshold 0.5 noe 
 CNSsolve>noe scale one 0.8 end 
 CNSsolve>print threshold 0.5 noe 
 CNSsolve>noe scale one 1.0 end 
 CNSsolve>print threshold 0.5 noe 
 CNSsolve> 
 CNSsolve>pick bond ( atom mol1 1 hz1 ) ( atom mol2 1 hz1 ) geometry 
 CNSsolve>pick bond ( atom mol1 1 hz1 ) ( atom mol2 1 hz2 ) geometry 
 CNSsolve>pick bond ( atom mol1 1 hz1 ) ( atom mol2 1 hz3 ) geometry 
 CNSsolve>pick bond ( atom mol1 1 hz2 ) ( atom mol2 1 hz1 ) geometry 
 CNSsolve>pick bond ( atom mol1 1 hz2 ) ( atom mol2 1 hz2 ) geometry 
 CNSsolve>pick bond ( atom mol1 1 hz2 ) ( atom mol2 1 hz3 ) geometry 
 CNSsolve>pick bond ( atom mol1 1 hz3 ) ( atom mol2 1 hz1 ) geometry 
 CNSsolve>pick bond ( atom mol1 1 hz3 ) ( atom mol2 1 hz2 ) geometry 
 CNSsolve>pick bond ( atom mol1 1 hz3 ) ( atom mol2 1 hz3 ) geometry 
 CNSsolve> 
 CNSsolve>energy end 
 CNSsolve> 
 CNSsolve>test first   step=0.0001 tol=0.0 selection=( hydrogen )   end 
 CNSsolve> 
 CNSsolve> 
 CNSsolve>{* translate second molecule in order to test switch *} 
 CNSsolve>{* ================================================= *} 
 CNSsolve> 
 CNSsolve>coor translate vector=( 1.0 0.0 0.0 ) dist=3.0  selection=( segid mol2 ) end 
 CNSsolve> 
 CNSsolve>print threshold 0.5 noe 
 CNSsolve> 
 CNSsolve>energy end 
 CNSsolve> 
 CNSsolve>test first   step=0.0001 tol=0.0 selection=( hydrogen )   end 
 CNSsolve> 
 CNSsolve> 
 CNSsolve> 
 CNSsolve> 
 CNSsolve>{* add another NOE constraint *} 
 CNSsolve>{* ========================== *} 
 CNSsolve>noe 
 CNSsolve>  temperature=300.0 
 CNSsolve>  class two 
 CNSsolve>  assign ( atom mol1 1 hz1 ) ( atom mol2 1 hz2 )  4.0  0.03  0.12 
 CNSsolve>end 
 CNSsolve> 
 CNSsolve>noe scale two 3.0 end 
 CNSsolve>print threshold 0.5 noe 
 CNSsolve>noe scale two 1.0 end 
 CNSsolve>print threshold 0.5 noe 
 CNSsolve> 
 CNSsolve>energy end 
 CNSsolve> 
 CNSsolve>test first   step=0.0001 tol=0.0 selection=( hydrogen )   end 
 CNSsolve> 
 CNSsolve>display    $NOE 
 CNSsolve> 
 CNSsolve>{* test NOE PREDict facility *} 
 CNSsolve>{* ========================= *} 
 CNSsolve>noe 
 CNSsolve>   predict from=( hydrogen ) to=( hydrogen )  cuton=0.0 cutoff=10.0 end 
 CNSsolve>end 
 CNSsolve> 
 CNSsolve> 
 CNSsolve>{* now test the square-well potential *} 
 CNSsolve>noe 
 CNSsolve>   reset 
 CNSsolve>   nrestraints=100 
 CNSsolve>   class three 
 CNSsolve>      assign ( atom mol1 1 hz1 ) ( atom mol2 1 hz2 )  4.0  1.0  2.0 
 CNSsolve>      scale three 1.0 
 CNSsolve>      potential three square-well 
 CNSsolve>      sqconstant three 20.0 
 CNSsolve>      sqexponent three 4 
 CNSsolve>end 
 CNSsolve> 
 CNSsolve>print threshold 0.5 noe 
 CNSsolve> 
 CNSsolve>coor translate vector=( 7.0 0.0 0.0 ) sele=( segid mol1 ) end 
 CNSsolve>print threshold 0.5 noe 
 CNSsolve>test first   step=0.0001 tol=0.0 selection=( hydrogen )   end 
 CNSsolve>minimize powell nstep=30 end 
 CNSsolve>print threshold 0.5 noe 
 CNSsolve> 
 CNSsolve>coor translate vector=( -10.0 -2.0 -1.0 ) sele=( segid mol1 ) end 
 CNSsolve>print threshold 0.5 noe 
 CNSsolve>test first   step=0.0001 tol=0.0 selection=( hydrogen )   end 
 CNSsolve>minimize powell nstep=30 end 
 CNSsolve>print threshold 0.5 noe 
 CNSsolve> 
 CNSsolve> 
 CNSsolve>noe 
 CNSsolve>   class four 
 CNSsolve>   potential=four=biharmonic 
 CNSsolve>   averaging=four=center 
 CNSsolve>   assign ( atom mol1 1 hz* ) ( atom mol2 1 hz2 or atom mol2 1 hz1 ) 
 CNSsolve>            4.0  2.0  2.0 
 CNSsolve>end 
 CNSsolve> 
 CNSsolve>print threshold 0.5  noe 
 CNSsolve>pick bond ( atom mol1 1 hz* ) ( atom mol2 1 hz2 or atom mol2 1 hz1 ) geometry 
 CNSsolve>test first   step=0.0001 tol=0.0 selection=( hydrogen )   end 
 CNSsolve> 
 CNSsolve>noe 
 CNSsolve>   scale three 0.0 
 CNSsolve>end 
 CNSsolve>mini powell nstep=20 end 
 CNSsolve>print threshold 0.5 noe 
 CNSsolve> 
 CNSsolve>noe 
 CNSsolve>   scale thre 1.0 
 CNSsolve>   sqoffset thre 0.5 
 CNSsolve>end 
 CNSsolve>print threshold 0.5  noe 
 CNSsolve> 
 CNSsolve>noe 
 CNSsolve>   class five 
 CNSsolve>   potential=five=square 
 CNSsolve>   averaging=five=center 
 CNSsolve>   assign ( atom mol1 1 hz1 ) ( atom mol2 1 hz2 ) 
 CNSsolve>            8.0  2.0  2.0 
 CNSsolve>   class six 
 CNSsolve>   potential=six=square 
 CNSsolve>   averaging=six=center 
 CNSsolve>   assign ( atom mol1 1 hz1 ) ( atom mol2 1 hz2 ) 
 CNSsolve>            3.0  2.0  2.0 
 CNSsolve>   countviolations five 
 CNSsolve>   display  $result 
 CNSsolve>   countviolations six 
 CNSsolve>   display  $result 
 CNSsolve>end 
 CNSsolve>print noe 
 CNSsolve>noe 
 CNSsolve>   distribute five six 5.0 
 CNSsolve>end 
 CNSsolve>print noe 
 CNSsolve>energy end 
 CNSsolve>noe 
 CNSsolve>   reset 
 CNSsolve>   nrestraints=100 
 CNSsolve>   class five 
 CNSsolve>   potential=five=soft 
 CNSsolve>   soexponent five 1 
 CNSsolve>   sqconstant five 2.0 
 CNSsolve>   sqexponent five 2 
 CNSsolve>   rswitch five 3.0 
 CNSsolve>   asymptote five 0.0 
 CNSsolve>   averaging=five=center 
 CNSsolve>   assign ( atom mol1 1 hz1 ) ( atom mol2 1 hz2 ) 
 CNSsolve>            2.0  2.0  2.0 
 CNSsolve>   class six 
 CNSsolve>   potential=six=square 
 CNSsolve>   sqconstant six 2.0 
 CNSsolve>   sqexponent six 2 
 CNSsolve>   averaging=six=center 
 CNSsolve>   assign ( atom mol1 1 hz1 ) ( atom mol2 1 hz2 ) 
 CNSsolve>            2.0  2.0  2.0 
 CNSsolve>end 
 CNSsolve>print noe 
 CNSsolve>energy end 
 CNSsolve>noe 
 CNSsolve>   rswitch five 4.0 
 CNSsolve>end 
 CNSsolve>print noe 
 CNSsolve>energy end 
 CNSsolve> 
 CNSsolve>noe 
 CNSsolve>   rswitch five 2.0 
 CNSsolve>end 
 CNSsolve>print noe 
 CNSsolve>energy end 
 CNSsolve> 
 CNSsolve>coor translate sele=( segid mol2 ) vector=( -1.0 -1.0 -1.0 ) end 
 CNSsolve>print noe 
 CNSsolve>coor translate sele=( segid mol2 ) vector=( -1.0 -1.0 -1.0 ) end 
 CNSsolve>print noe 
 CNSsolve>coor translate sele=( segid mol2 ) vector=( -1.0 -1.0 -1.0 ) end 
 CNSsolve>print noe 
 CNSsolve>coor translate sele=( segid mol2 ) vector=( -1.0 -1.0 -1.0 ) end 
 CNSsolve>print noe 
 CNSsolve>coor translate sele=( segid mol2 ) vector=( -1.0 -1.0 -1.0 ) end 
 CNSsolve>print noe 
 CNSsolve>coor translate sele=( segid mol2 ) vector=( -1.0 -1.0 -1.0 ) end 
 CNSsolve>print noe 
 CNSsolve>coor translate sele=( segid mol2 ) vector=( -1.0 -1.0 -1.0 ) end 
 CNSsolve>print noe 
 CNSsolve> 
 CNSsolve> 
 CNSsolve> 
 CNSsolve> 
 CNSsolve> 
 CNSsolve>noe 
 CNSsolve>   assign ( atom mol1 1 hz1 ) ( atom mol2 1 hz2)  4.0  0.08 0.17 
 CNSsolve>end 
 CNSsolve>energy end 
 CNSsolve> 
 CNSsolve>noe 
 CNSsolve>   cv=0.4 
 CNSsolve>   ? 
 CNSsolve>   print thres=0. 
 CNSsolve>end 
 CNSsolve>energy end 
 CNSsolve>print noe 
 CNSsolve>display  $rms   $violations 
 CNSsolve>display  $test_rms $test_violations 
 CNSsolve> 
 CNSsolve> 
 CNSsolve>} 
 CNSsolve> 
 CNSsolve>coor 
 COOR>ATOM      1  CE  LYS     1      -0.484   1.367   0.000  1.00  0.00      MOL1 
 COOR>ATOM      2  NZ  LYS     1       0.000   0.000   0.000  1.00  0.00      MOL1 
 %READC-WRN: multiple coordinates for     10 atoms
 CNSsolve> 
 CNSsolve>noe 
 NOE> 
 NOE>  reset 
 NOE> 
 NOE>  nrestraints 100 
 NOE: allocating space for     100 restraints.
 NOE> 
 NOE>  class      symm 
 NOE>  assign ( atom mol1 1 nz ) ( atom mol2 1 hz1 ) 0.0 0.02 0.02 
 SELRPN:      1 atoms have been selected out of     10
 SELRPN:      1 atoms have been selected out of     10
 NOE>  assign ( atom mol2 1 nz ) ( atom mol1 1 hz1 ) 0.0 0.00 0.00 
 SELRPN:      1 atoms have been selected out of     10
 SELRPN:      1 atoms have been selected out of     10
 NOE> 
 NOE>  potential  symm symmetry 
 NOE>  scale      symm 1.0 
 NOE>  sqconstant symm 1.0 
 NOE>  sqexponent symm 2 
 NOE>  soexponent symm 1 
 NOE>  rswitch    symm 0.5 
 NOE>  sqoffset   symm 0.0 
 NOE>  asymptote  symm 0.1 
 NOE> 
 NOE>end 
 CNSsolve> 
 CNSsolve>pick bond ( atom mol1 1 nz ) ( atom mol2 1 hz1 ) geometry 
 SELRPN:      1 atoms have been selected out of     10
 SELRPN:      1 atoms have been selected out of     10
 GEOM=      1.040000
 CNSsolve>pick bond ( atom mol2 1 nz ) ( atom mol1 1 hz1 ) geometry 
 SELRPN:      1 atoms have been selected out of     10
 SELRPN:      1 atoms have been selected out of     10
 GEOM=      1.040000
 CNSsolve>energy end 
 --------------- cycle=     1 --------------------------------------------------
 | Etotal =0.000      grad(E)=0.000      E(NOE )=0.000                         |
 -------------------------------------------------------------------------------
 CNSsolve>test first   step=0.00001 tol=0.0 selection=( name nz or name hz1 )   end 
 SELRPN:      4 atoms have been selected out of     10
 TESTFD: Parameters: STEP=   0.00001  MASSweighting=F
 TESTFD: The following first derivatives differ by more than TOL=    0.000000

  DIM.         ATOM                 ANALYTIC        FINITE-DIFF     DEVIATION
    2 X ( MOL1 1    LYS  NZ  )       0.000000       0.000000       0.000000
    2 Y ( MOL1 1    LYS  NZ  )       0.000000       0.000000       0.000000
    2 Z ( MOL1 1    LYS  NZ  )       0.000000       0.000000       0.000000
    3 X ( MOL1 1    LYS  HZ1 )       0.000000       0.000000       0.000000
    3 Y ( MOL1 1    LYS  HZ1 )       0.000000       0.000000       0.000000
    3 Z ( MOL1 1    LYS  HZ1 )       0.000000       0.000000       0.000000
    7 X ( MOL2 1    LYS  NZ  )       0.000000       0.000000       0.000000
    7 Y ( MOL2 1    LYS  NZ  )       0.000000       0.000000       0.000000
    7 Z ( MOL2 1    LYS  NZ  )       0.000000       0.000000       0.000000
    8 X ( MOL2 1    LYS  HZ1 )       0.000000       0.000000       0.000000
    8 Y ( MOL2 1    LYS  HZ1 )       0.000000       0.000000       0.000000
    8 Z ( MOL2 1    LYS  HZ1 )       0.000000       0.000000       0.000000
 TESTFD: A total of     0 elements were within the tolerance
 CNSsolve> 
 CNSsolve>coor translate sele=( segid mol2 ) vector=( -0.26 -0.0 -0.0 ) end 
 SELRPN:      5 atoms have been selected out of     10
 COOR: using atom subset.
 COOR: translation vector =(    -0.260000    0.000000    0.000000 )
 COOR: selected coordinates translated
 CNSsolve>pick bond ( atom mol1 1 nz ) ( atom mol2 1 hz1 ) geometry 
 SELRPN:      1 atoms have been selected out of     10
 SELRPN:      1 atoms have been selected out of     10
 GEOM=      0.780000
 CNSsolve>pick bond ( atom mol2 1 nz ) ( atom mol1 1 hz1 ) geometry 
 SELRPN:      1 atoms have been selected out of     10
 SELRPN:      1 atoms have been selected out of     10
 GEOM=      1.300000
 CNSsolve>energy end 
 --------------- cycle=     2 --------------------------------------------------
 | Etotal =0.250      grad(E)=0.365      E(NOE )=0.250                         |
 -------------------------------------------------------------------------------
 CNSsolve>test first   step=0.00001 tol=0.0 selection=( name nz or name hz1 )   end 
 SELRPN:      4 atoms have been selected out of     10
 TESTFD: Parameters: STEP=   0.00001  MASSweighting=F
 TESTFD: The following first derivatives differ by more than TOL=    0.000000

  DIM.         ATOM                 ANALYTIC        FINITE-DIFF     DEVIATION
    2 X ( MOL1 1    LYS  NZ  )       1.000000       0.999986       0.000014
    2 Y ( MOL1 1    LYS  NZ  )       0.000000       0.000000       0.000000
    2 Z ( MOL1 1    LYS  NZ  )       0.000000       0.000000       0.000000
    3 X ( MOL1 1    LYS  HZ1 )       1.000000       0.999986       0.000014
    3 Y ( MOL1 1    LYS  HZ1 )       0.000000       0.000000       0.000000
    3 Z ( MOL1 1    LYS  HZ1 )       0.000000       0.000000       0.000000
    7 X ( MOL2 1    LYS  NZ  )      -1.000000      -0.999986       0.000014
    7 Y ( MOL2 1    LYS  NZ  )       0.000000       0.000000       0.000000
    7 Z ( MOL2 1    LYS  NZ  )       0.000000       0.000000       0.000000
    8 X ( MOL2 1    LYS  HZ1 )      -1.000000      -0.999986       0.000014
    8 Y ( MOL2 1    LYS  HZ1 )       0.000000       0.000000       0.000000
    8 Z ( MOL2 1    LYS  HZ1 )       0.000000       0.000000       0.000000
 TESTFD: A total of     0 elements were within the tolerance
 CNSsolve> 
 CNSsolve>coor translate sele=( segid mol2 ) vector=( -0.26 -0.0 -0.0 ) end 
 SELRPN:      5 atoms have been selected out of     10
 COOR: using atom subset.
 COOR: translation vector =(    -0.260000    0.000000    0.000000 )
 COOR: selected coordinates translated
 CNSsolve>pick bond ( atom mol1 1 nz ) ( atom mol2 1 hz1 ) geometry 
 SELRPN:      1 atoms have been selected out of     10
 SELRPN:      1 atoms have been selected out of     10
 GEOM=      0.520000
 CNSsolve>pick bond ( atom mol2 1 nz ) ( atom mol1 1 hz1 ) geometry 
 SELRPN:      1 atoms have been selected out of     10
 SELRPN:      1 atoms have been selected out of     10
 GEOM=      1.560000
 CNSsolve>energy end 
 --------------- cycle=     3 --------------------------------------------------
 | Etotal =0.531      grad(E)=0.115      E(NOE )=0.531                         |
 -------------------------------------------------------------------------------
 CNSsolve>test first   step=0.00001 tol=0.0 selection=( name nz or name hz1 )   end 
 SELRPN:      4 atoms have been selected out of     10
 TESTFD: Parameters: STEP=   0.00001  MASSweighting=F
 TESTFD: The following first derivatives differ by more than TOL=    0.000000

  DIM.         ATOM                 ANALYTIC        FINITE-DIFF     DEVIATION
    2 X ( MOL1 1    LYS  NZ  )       0.316263       0.316263       0.000000
    2 Y ( MOL1 1    LYS  NZ  )       0.000000       0.000000       0.000000
    2 Z ( MOL1 1    LYS  NZ  )       0.000000       0.000000       0.000000
    3 X ( MOL1 1    LYS  HZ1 )       0.316263       0.316263       0.000000
    3 Y ( MOL1 1    LYS  HZ1 )       0.000000       0.000000       0.000000
    3 Z ( MOL1 1    LYS  HZ1 )       0.000000       0.000000       0.000000
    7 X ( MOL2 1    LYS  NZ  )      -0.316263      -0.316263       0.000000
    7 Y ( MOL2 1    LYS  NZ  )       0.000000       0.000000       0.000000
    7 Z ( MOL2 1    LYS  NZ  )       0.000000       0.000000       0.000000
    8 X ( MOL2 1    LYS  HZ1 )      -0.316263      -0.316263       0.000000
    8 Y ( MOL2 1    LYS  HZ1 )       0.000000       0.000000       0.000000
    8 Z ( MOL2 1    LYS  HZ1 )       0.000000       0.000000       0.000000
 TESTFD: A total of     0 elements were within the tolerance
 CNSsolve> 
 CNSsolve>coor translate sele=( segid mol2 ) vector=( -0.26 -0.0 -0.0 ) end 
 SELRPN:      5 atoms have been selected out of     10
 COOR: using atom subset.
 COOR: translation vector =(    -0.260000    0.000000    0.000000 )
 COOR: selected coordinates translated
 CNSsolve>pick bond ( atom mol1 1 nz ) ( atom mol2 1 hz1 ) geometry 
 SELRPN:      1 atoms have been selected out of     10
 SELRPN:      1 atoms have been selected out of     10
 GEOM=      0.260000
 CNSsolve>pick bond ( atom mol2 1 nz ) ( atom mol1 1 hz1 ) geometry 
 SELRPN:      1 atoms have been selected out of     10
 SELRPN:      1 atoms have been selected out of     10
 GEOM=      1.820000
 CNSsolve>energy end 
 --------------- cycle=     4 --------------------------------------------------
 | Etotal =0.658      grad(E)=0.071      E(NOE )=0.658                         |
 -------------------------------------------------------------------------------
 CNSsolve> 
 CNSsolve>coor translate sele=( segid mol2 ) vector=( -0.26 -0.0 -0.0 ) end 
 SELRPN:      5 atoms have been selected out of     10
 COOR: using atom subset.
 COOR: translation vector =(    -0.260000    0.000000    0.000000 )
 COOR: selected coordinates translated
 CNSsolve>pick bond ( atom mol1 1 nz ) ( atom mol2 1 hz1 ) geometry 
 SELRPN:      1 atoms have been selected out of     10
 SELRPN:      1 atoms have been selected out of     10
 GEOM=      0.000010
 CNSsolve>pick bond ( atom mol2 1 nz ) ( atom mol1 1 hz1 ) geometry 
 SELRPN:      1 atoms have been selected out of     10
 SELRPN:      1 atoms have been selected out of     10
 GEOM=      2.080000
 CNSsolve>energy end 
 --------------- cycle=     5 --------------------------------------------------
 | Etotal =0.747      grad(E)=0.040      E(NOE )=0.747                         |
 -------------------------------------------------------------------------------
 CNSsolve> 
 CNSsolve> 
 CNSsolve> 
 CNSsolve>stop 
          ============================================================
           Maximum dynamic memory allocation:     8251608 bytes
           Maximum dynamic memory overhead:           608 bytes
           Program started at: 16:08:04 on 05-Jul-2018
           Program stopped at: 16:08:04 on 05-Jul-2018
           CPU time used:       0.0203 seconds
          ============================================================
