          ============================================================
          |                                                          |
          |            Crystallography & NMR System (CNS)            |
          |                         CNSsolve                         |
          |                                                          |
          ============================================================
           Version: 1.3
           Status: General release
          ============================================================
           Written by: A.T.Brunger, P.D.Adams, G.M.Clore, W.L.DeLano,
                       P.Gros, R.W.Grosse-Kunstleve,J.-S.Jiang,J.M.Krahn,
                       J.Kuszewski, M.Nilges, N.S.Pannu, R.J.Read,
                       L.M.Rice, G.F.Schroeder, T.Simonson, G.L.Warren.
           Copyright (c) 1997-2010 Yale University
          ============================================================
           Running on machine: lewis4-r710-login-node223 (x86_64/Linux,64-bit)
                               with 16 threads
           Program started by: oeow39
           Program started at: 16:08:04 on 05-Jul-2018
          ============================================================

 FFT3C: Using FFTPACK4.1

 CNSsolve>parameter                                        {*Read the parameter file.*} 
 PARRDR>{====>} 
 PARRDR>    @CNS_TOPPAR:protein-allhdg5-4.param 
 ASSFIL: file protein-allhdg5-4.param opened.
 PARRDR>remarks file toppar/protein-allhdg5-4.param 
 PARRDR>remark 
 PARRDR>remark   for file protein-allhdg-ucl.top  version UCL  date 14-MAR-00 
 PARRDR>remark   for file protein-allhdg-dih-ucl.top  version UCL  date 07-JUL-01 
 PARRDR>remark   Geometric energy function parameters for distance geometry and 
 PARRDR>remark   simulated annealing. 
 PARRDR>remark   Original author: Michael Nilges, EMBL Heidelberg 
 PARRDR>remark   Modifications: Mark A. Williams, UCL London 
 PARRDR>remark   Several modifications for HADDOCK: Alexandre Bonvin, Utrecht Uni 
 PARRDR>remark   Last modification 8-19-2011 
 PARRDR> 
 PARRDR>set message ? end eval ($old_message=$result) set echo ? end eval ($old_echo=$result) 
 MESSage=NORM
 EVALUATE: symbol $OLD_MESSAGE set to "NORM" (string)
 ECHO=TRUE {ON}
 EVALUATE: symbol $OLD_ECHO set to TRUE (logical)
 PARRDR>set message=off echo=off end 
 PARRDR> 
 PARRDR>end 
 %PARRDR-info: duplication of bond HC   NC2 
 %PARRDR-info: duplication of angle CH2P CH2E HA  
 CNSsolve> 
 CNSsolve>{====>} 
 CNSsolve>structure 
 STRUcture>data_cns_mtf 
 REMARKS FILENAME="/data/rwgk/test/tmp.mtf"
 REMARKS  TOPH19.pep -MACRO for protein sequence
 REMARKS DATE:18-Nov-98  14:17:42       created by user: rwgk
 REMARKS VERSION:0.4a
 Status of internal molecular topology database:
 -> NATOM=        855(MAXA=     1000000)  NBOND=        861(MAXB=     1000000)
 -> NTHETA=      1551(MAXT=     2000000)  NGRP=          58(MAXGRP=   1000000)
 -> NPHI=           0(MAXP=     2000000)  NIMPHI=       439(MAXIMP=   1000000)
 -> NNB=          222(MAXNB=    1000000) 
 STRUcture> 
 STRUcture>end 
 CNSsolve> 
 CNSsolve>coor 
 COOR>ATOM      1  N   MET     1     -14.152   0.961   4.712  1.00  1.26 
 COOR>ATOM      2  HT1 MET     1     -15.085   0.528   4.868  1.00  1.78 
 CNSsolve> 
 CNSsolve> 
 CNSsolve>noe 
 NOE>{====>} 
 NOE>   nres=3000             {*Estimate greater than the actual number of NOEs.*} 
 NOE: allocating space for    3000 restraints.
 NOE>   class all 
 NOE>{====>} 
 NOE>set message=off echo=off end 
 NOE>end 
 CNSsolve> 
 CNSsolve>flags exclude * include noe end 
 CNSsolve> 
 CNSsolve>noe 
 NOE>   ceiling=1000 
 NOE>   averaging  * cent 
 NOE>   potential  * square 
 NOE>   sqconstant * 1. 
 NOE>   sqexponent * 2 
 NOE>   scale      * 50. 
 NOE>end 
 CNSsolve> 
 CNSsolve>energy end 
 --------------- cycle=     1 --------------------------------------------------
 | Etotal =36.649     grad(E)=2.387      E(NOE )=36.649                        |
 -------------------------------------------------------------------------------
 CNSsolve> 
 CNSsolve>noe 
 NOE>  predict 
 PREDict>   mode=assign 
 PREDict>   bounds=2.7 
 PREDict>   bounds=3.3 
 PREDict>   bounds=5. 
 PREDict>   bounds=6. 
 PREDict>   scramble=0. 
 PREDict>   unique=true 
 PREDict>  end 
 The following bounds will be used:
    0.000   2.700   3.300   5.000   6.000
 SCRAmbling=   0.000  UNIQue=T  BYPAss=F BSYMMetry_error=   0.000 BUNSYMetry_error=   0.000
 NOE> 
 NOE>  print thres=0.2 

 ++++++++++++++++++++++++++++++++++++++++++++++++++++++++++++++++++++++++++++++
 +++++++++++++++++++++++++++++++ CLASS ALL  +++++++++++++++++++++++++++++++++++
 for this class: SCALe=  50.000 AVERage=center POTEntial=square-well
                 SQCOnstant=   1.000 SQEXponent=    2 SQOFfsets(+/-)=   0.000   0.000
 
 ========== restraint   166 ==========
 set-i-atoms
               55   THR  HG21
               55   THR  HG22
               55   THR  HG23
 set-j-atoms
               8    ASN  HN  
 R<average>=   5.247 NOE= 3.00 (- 2.70/+ 2.00) Delta=  -0.247  E(NOE)=   3.051

 NOEPRI: RMS diff. =   0.012,  #(violat.> 0.2)=     1 of    922 NOEs
 NOEPRI: RMS diff. class ALL  =   0.012,  #(viol.> 0.2)=     1 of    922 NOEs
 NOE>end 
 CNSsolve> 
 CNSsolve>energy end 
 --------------- cycle=     2 --------------------------------------------------
 | Etotal =6.957      grad(E)=0.906      E(NOE )=6.957                         |
 -------------------------------------------------------------------------------
 CNSsolve> 
 CNSsolve>set seed=123466 end 
 CNSsolve> 
 CNSsolve>noe 
 NOE> 
 NOE>  predict 
 PREDict>   mode=assign 
 PREDict>   bounds=2.7 
 PREDict>   bounds=3.3 
 PREDict>   bounds=5. 
 PREDict>   bounds=6. 
 PREDict>   scramble=0.5 
 PREDict>   unique=true 
 PREDict>  end 
 The following bounds will be used:
    0.000   2.700   3.300   5.000   6.000
 SCRAmbling=   0.500  UNIQue=T  BYPAss=F BSYMMetry_error=   0.000 BUNSYMetry_error=   0.000
 NOE> 
 NOE>  print thres=0.3 

 ++++++++++++++++++++++++++++++++++++++++++++++++++++++++++++++++++++++++++++++
 +++++++++++++++++++++++++++++++ CLASS ALL  +++++++++++++++++++++++++++++++++++
 for this class: SCALe=  50.000 AVERage=center POTEntial=square-well
                 SQCOnstant=   1.000 SQEXponent=    2 SQOFfsets(+/-)=   0.000   0.000
 
 ========== restraint    56 ==========
 set-i-atoms
               54   VAL  HB  
 set-j-atoms
               8    ASN  HN  
 R<average>=   5.420 NOE= 2.50 (- 2.50/+ 2.50) Delta=  -0.420  E(NOE)=   8.809
 ========== restraint    69 ==========
 set-i-atoms
               54   VAL  HB  
 set-j-atoms
               8    ASN  HN  
 R<average>=   5.420 NOE= 2.50 (- 2.50/+ 2.50) Delta=  -0.420  E(NOE)=   8.809
 ========== restraint   407 ==========
 set-i-atoms
               34   ALA  HA  
 set-j-atoms
               37   ASN  HN  
 R<average>=   3.792 NOE= 1.65 (- 1.65/+ 1.65) Delta=  -0.492  E(NOE)=  12.118
 ========== restraint   669 ==========
 set-i-atoms
               3    TYR  HN  
 set-j-atoms
               3    TYR  HB1 
 R<average>=   3.714 NOE= 1.65 (- 1.65/+ 1.65) Delta=  -0.414  E(NOE)=   8.590
 ========== restraint   719 ==========
 set-i-atoms
               43   TRP  HN  
 set-j-atoms
               43   TRP  HB1 
 R<average>=   3.678 NOE= 1.65 (- 1.65/+ 1.65) Delta=  -0.378  E(NOE)=   7.132
 ========== restraint   721 ==========
 set-i-atoms
               44   THR  HN  
 set-j-atoms
               44   THR  HB  
 R<average>=   3.760 NOE= 1.65 (- 1.65/+ 1.65) Delta=  -0.460  E(NOE)=  10.595
 ========== restraint   780 ==========
 set-i-atoms
               27   GLU  HN  
 set-j-atoms
               27   GLU  HG2 
 R<average>=   3.668 NOE= 1.65 (- 1.65/+ 1.65) Delta=  -0.368  E(NOE)=   6.785

 NOEPRI: RMS diff. =   0.077,  #(violat.> 0.3)=     7 of    922 NOEs
 NOEPRI: RMS diff. class ALL  =   0.077,  #(viol.> 0.3)=     7 of    922 NOEs
 NOE>end 
 CNSsolve> 
 CNSsolve>energy end 
 --------------- cycle=     3 --------------------------------------------------
 | Etotal =270.232    grad(E)=6.520      E(NOE )=270.232                       |
 -------------------------------------------------------------------------------
 CNSsolve> 
 CNSsolve>noe 
 NOE>  predict 
 PREDict>   mode=assign 
 PREDict>   bounds=2.7 
 PREDict>   bounds=3.3 
 PREDict>   bounds=5. 
 PREDict>   bounds=6. 
 PREDict>   scramble=1. 
 PREDict>   unique=true 
 PREDict>  end 
 The following bounds will be used:
    0.000   2.700   3.300   5.000   6.000
 SCRAmbling=   1.000  UNIQue=T  BYPAss=F BSYMMetry_error=   0.000 BUNSYMetry_error=   0.000
 NOE> 
 NOE>  print thres=0.4 

 ++++++++++++++++++++++++++++++++++++++++++++++++++++++++++++++++++++++++++++++
 +++++++++++++++++++++++++++++++ CLASS ALL  +++++++++++++++++++++++++++++++++++
 for this class: SCALe=  50.000 AVERage=center POTEntial=square-well
                 SQCOnstant=   1.000 SQEXponent=    2 SQOFfsets(+/-)=   0.000   0.000
 
 ========== restraint    35 ==========
 set-i-atoms
               3    TYR  HA  
 set-j-atoms
               50   LYS  HB2 
 R<average>=   3.866 NOE= 1.65 (- 1.65/+ 1.65) Delta=  -0.566  E(NOE)=  16.015
 ========== restraint    61 ==========
 set-i-atoms
               53   THR  HB  
 set-j-atoms
               44   THR  HN  
 R<average>=   4.092 NOE= 1.65 (- 1.65/+ 1.65) Delta=  -0.792  E(NOE)=  31.326
 ========== restraint   178 ==========
 set-i-atoms
               30   PHE  HE2 
 set-j-atoms
               3    TYR  HB1 
 R<average>=   3.962 NOE= 1.65 (- 1.65/+ 1.65) Delta=  -0.662  E(NOE)=  21.883
 ========== restraint   220 ==========
 set-i-atoms
               43   TRP  HH2 
 set-j-atoms
               31   LYS  HB2 
 R<average>=   3.832 NOE= 1.65 (- 1.65/+ 1.65) Delta=  -0.532  E(NOE)=  14.134
 ========== restraint   221 ==========
 set-i-atoms
               43   TRP  HZ2 
 set-j-atoms
               31   LYS  HB2 
 R<average>=   3.904 NOE= 1.65 (- 1.65/+ 1.65) Delta=  -0.604  E(NOE)=  18.219
 ========== restraint   283 ==========
 set-i-atoms
               52   PHE  HD1 
 set-j-atoms
               45   TYR  HA  
 R<average>=   3.846 NOE= 1.65 (- 1.65/+ 1.65) Delta=  -0.546  E(NOE)=  14.879
 ========== restraint   355 ==========
 set-i-atoms
               15   GLU  HN  
 set-j-atoms
               16   THR  HN  
 R<average>=   4.042 NOE= 1.65 (- 1.65/+ 1.65) Delta=  -0.742  E(NOE)=  27.516
 ========== restraint   384 ==========
 set-i-atoms
               55   THR  HN  
 set-j-atoms
               56   GLU  HN  
 R<average>=   4.123 NOE= 1.65 (- 1.65/+ 1.65) Delta=  -0.823  E(NOE)=  33.854
 ========== restraint   413 ==========
 set-i-atoms
               31   LYS  HN  
 set-j-atoms
               29   VAL  HN  
 R<average>=   4.138 NOE= 1.65 (- 1.65/+ 1.65) Delta=  -0.838  E(NOE)=  35.136
 ========== restraint   543 ==========
 set-i-atoms
               13   LYS  HB1 
 set-j-atoms
               8    ASN  HA  
 R<average>=   3.859 NOE= 1.65 (- 1.65/+ 1.65) Delta=  -0.559  E(NOE)=  15.642
 ========== restraint   683 ==========
 set-i-atoms
               13   LYS  HN  
 set-j-atoms
               13   LYS  HB1 
 R<average>=   3.829 NOE= 1.65 (- 1.65/+ 1.65) Delta=  -0.529  E(NOE)=  14.000
 ========== restraint   691 ==========
 set-i-atoms
               22   ASP  HN  
 set-j-atoms
               22   ASP  HB2 
 R<average>=   3.915 NOE= 1.65 (- 1.65/+ 1.65) Delta=  -0.615  E(NOE)=  18.938
 ========== restraint   712 ==========
 set-i-atoms
               37   ASN  HN  
 set-j-atoms
               37   ASN  HB1 
 R<average>=   3.772 NOE= 1.65 (- 1.65/+ 1.65) Delta=  -0.472  E(NOE)=  11.122
 ========== restraint   716 ==========
 set-i-atoms
               40   ASP  HN  
 set-j-atoms
               40   ASP  HB1 
 R<average>=   3.812 NOE= 1.65 (- 1.65/+ 1.65) Delta=  -0.512  E(NOE)=  13.088
 ========== restraint   717 ==========
 set-i-atoms
               42   GLU  HN  
 set-j-atoms
               42   GLU  HB1 
 R<average>=   3.721 NOE= 1.65 (- 1.65/+ 1.65) Delta=  -0.421  E(NOE)=   8.881
 ========== restraint   721 ==========
 set-i-atoms
               44   THR  HN  
 set-j-atoms
               44   THR  HB  
 R<average>=   3.760 NOE= 1.65 (- 1.65/+ 1.65) Delta=  -0.460  E(NOE)=  10.595

 NOEPRI: RMS diff. =   0.107,  #(violat.> 0.4)=    16 of    922 NOEs
 NOEPRI: RMS diff. class ALL  =   0.107,  #(viol.> 0.4)=    16 of    922 NOEs
 NOE>end 
 CNSsolve> 
 CNSsolve>energy end 
 --------------- cycle=     4 --------------------------------------------------
 | Etotal =530.524    grad(E)=9.339      E(NOE )=530.524                       |
 -------------------------------------------------------------------------------
 CNSsolve> 
 CNSsolve> 
 CNSsolve>noe 
 NOE>  predict 
 PREDict>   mode=assign 
 PREDict>   bounds=2.7 
 PREDict>   bounds=3.3 
 PREDict>   bounds=5. 
 PREDict>   bounds=6. 
 PREDict>   scramble=1. 
 PREDict>   unique=true 
 PREDict>  end 
 The following bounds will be used:
    0.000   2.700   3.300   5.000   6.000
 SCRAmbling=   1.000  UNIQue=T  BYPAss=F BSYMMetry_error=   0.000 BUNSYMetry_error=   0.000
 NOE> 
 NOE>  print thres=0.4 

 ++++++++++++++++++++++++++++++++++++++++++++++++++++++++++++++++++++++++++++++
 +++++++++++++++++++++++++++++++ CLASS ALL  +++++++++++++++++++++++++++++++++++
 for this class: SCALe=  50.000 AVERage=center POTEntial=square-well
                 SQCOnstant=   1.000 SQEXponent=    2 SQOFfsets(+/-)=   0.000   0.000
 
 ========== restraint    35 ==========
 set-i-atoms
               3    TYR  HA  
 set-j-atoms
               50   LYS  HB2 
 R<average>=   3.866 NOE= 1.65 (- 1.65/+ 1.65) Delta=  -0.566  E(NOE)=  16.015
 ========== restraint   220 ==========
 set-i-atoms
               43   TRP  HH2 
 set-j-atoms
               31   LYS  HB2 
 R<average>=   3.832 NOE= 1.65 (- 1.65/+ 1.65) Delta=  -0.532  E(NOE)=  14.134
 ========== restraint   221 ==========
 set-i-atoms
               43   TRP  HZ2 
 set-j-atoms
               31   LYS  HB2 
 R<average>=   3.904 NOE= 1.65 (- 1.65/+ 1.65) Delta=  -0.604  E(NOE)=  18.219
 ========== restraint   278 ==========
 set-i-atoms
               52   PHE  HD1 
 set-j-atoms
               44   THR  HN  
 R<average>=   4.147 NOE= 1.65 (- 1.65/+ 1.65) Delta=  -0.847  E(NOE)=  35.829
 ========== restraint   355 ==========
 set-i-atoms
               15   GLU  HN  
 set-j-atoms
               16   THR  HN  
 R<average>=   4.042 NOE= 1.65 (- 1.65/+ 1.65) Delta=  -0.742  E(NOE)=  27.516
 ========== restraint   383 ==========
 set-i-atoms
               51   THR  HN  
 set-j-atoms
               52   PHE  HN  
 R<average>=   4.138 NOE= 1.65 (- 1.65/+ 1.65) Delta=  -0.838  E(NOE)=  35.112
 ========== restraint   405 ==========
 set-i-atoms
               32   GLN  HA  
 set-j-atoms
               35   ASN  HN  
 R<average>=   3.737 NOE= 1.65 (- 1.65/+ 1.65) Delta=  -0.437  E(NOE)=   9.549
 ========== restraint   410 ==========
 set-i-atoms
               24   ALA  HN  
 set-j-atoms
               26   ALA  HN  
 R<average>=   3.754 NOE= 1.65 (- 1.65/+ 1.65) Delta=  -0.454  E(NOE)=  10.326
 ========== restraint   411 ==========
 set-i-atoms
               27   GLU  HN  
 set-j-atoms
               29   VAL  HN  
 R<average>=   4.062 NOE= 1.65 (- 1.65/+ 1.65) Delta=  -0.762  E(NOE)=  28.995
 ========== restraint   413 ==========
 set-i-atoms
               31   LYS  HN  
 set-j-atoms
               29   VAL  HN  
 R<average>=   4.138 NOE= 1.65 (- 1.65/+ 1.65) Delta=  -0.838  E(NOE)=  35.136
 ========== restraint   428 ==========
 set-i-atoms
               34   ALA  HA  
 set-j-atoms
               39   VAL  HN  
 R<average>=   3.990 NOE= 1.65 (- 1.65/+ 1.65) Delta=  -0.690  E(NOE)=  23.812
 ========== restraint   502 ==========
 set-i-atoms
               37   ASN  HD21
 set-j-atoms
               36   ASP  HB1 
 R<average>=   3.769 NOE= 1.65 (- 1.65/+ 1.65) Delta=  -0.469  E(NOE)=  11.020
 ========== restraint   530 ==========
 set-i-atoms
               5    LEU  HG  
 set-j-atoms
               7    LEU  HA  
 R<average>=   3.915 NOE= 1.65 (- 1.65/+ 1.65) Delta=  -0.615  E(NOE)=  18.912
 ========== restraint   543 ==========
 set-i-atoms
               13   LYS  HB1 
 set-j-atoms
               8    ASN  HA  
 R<average>=   3.859 NOE= 1.65 (- 1.65/+ 1.65) Delta=  -0.559  E(NOE)=  15.642
 ========== restraint   712 ==========
 set-i-atoms
               37   ASN  HN  
 set-j-atoms
               37   ASN  HB1 
 R<average>=   3.772 NOE= 1.65 (- 1.65/+ 1.65) Delta=  -0.472  E(NOE)=  11.122
 ========== restraint   716 ==========
 set-i-atoms
               40   ASP  HN  
 set-j-atoms
               40   ASP  HB1 
 R<average>=   3.812 NOE= 1.65 (- 1.65/+ 1.65) Delta=  -0.512  E(NOE)=  13.088

 NOEPRI: RMS diff. =   0.110,  #(violat.> 0.4)=    16 of    922 NOEs
 NOEPRI: RMS diff. class ALL  =   0.110,  #(viol.> 0.4)=    16 of    922 NOEs
 NOE>end 
 CNSsolve> 
 CNSsolve>energy end 
 --------------- cycle=     5 --------------------------------------------------
 | Etotal =561.793    grad(E)=9.429      E(NOE )=561.793                       |
 -------------------------------------------------------------------------------
 CNSsolve> 
 CNSsolve>noe 
 NOE>   partition=10 
 For set   1 there are    85 distance restraints.
 For set   2 there are    85 distance restraints.
 For set   3 there are   106 distance restraints.
 For set   4 there are    83 distance restraints.
 For set   5 there are    88 distance restraints.
 For set   6 there are    95 distance restraints.
 For set   7 there are    98 distance restraints.
 For set   8 there are    95 distance restraints.
 For set   9 there are   104 distance restraints.
 For set  10 there are    83 distance restraints.
 NOE>end 
 CNSsolve> 
 CNSsolve>noe  cv=0 end   energy end 
 --------------- cycle=     6 --------------------------------------------------
 | Etotal =561.793    grad(E)=9.429      E(NOE )=561.793                       |
 -------------------------------------------------------------------------------
 CNSsolve>evaluate ($olde=$noe) 
 EVALUATE: symbol $OLDE set to    561.793     (real)
 CNSsolve> 
 CNSsolve>evaluate ($tote=0.) 
 EVALUATE: symbol $TOTE set to    0.00000     (real)
 CNSsolve>noe  cv=1 end   energy end  evaluate ($tote=$tote+$noe) 
 --------------- cycle=     7 --------------------------------------------------
 | Etotal =526.270    grad(E)=9.096      E(NOE )=526.270                       |
 -------------------------------------------------------------------------------
 EVALUATE: symbol $TOTE set to    526.270     (real)
 CNSsolve>noe  cv=2 end   energy end  evaluate ($tote=$tote+$noe) 
 --------------- cycle=     8 --------------------------------------------------
 | Etotal =545.543    grad(E)=9.242      E(NOE )=545.543                       |
 -------------------------------------------------------------------------------
 EVALUATE: symbol $TOTE set to    1071.81     (real)
 CNSsolve>noe  cv=3 end   energy end  evaluate ($tote=$tote+$noe) 
 --------------- cycle=     9 --------------------------------------------------
 | Etotal =496.264    grad(E)=8.830      E(NOE )=496.264                       |
 -------------------------------------------------------------------------------
 EVALUATE: symbol $TOTE set to    1568.08     (real)
 CNSsolve>noe  cv=4 end   energy end  evaluate ($tote=$tote+$noe) 
 --------------- cycle=    10 --------------------------------------------------
 | Etotal =537.432    grad(E)=9.226      E(NOE )=537.432                       |
 -------------------------------------------------------------------------------
 EVALUATE: symbol $TOTE set to    2105.51     (real)
 CNSsolve>noe  cv=5 end   energy end  evaluate ($tote=$tote+$noe) 
 --------------- cycle=    11 --------------------------------------------------
 | Etotal =488.388    grad(E)=8.899      E(NOE )=488.388                       |
 -------------------------------------------------------------------------------
 EVALUATE: symbol $TOTE set to    2593.90     (real)
 CNSsolve>noe  cv=6 end   energy end  evaluate ($tote=$tote+$noe) 
 --------------- cycle=    12 --------------------------------------------------
 | Etotal =517.308    grad(E)=9.014      E(NOE )=517.308                       |
 -------------------------------------------------------------------------------
 EVALUATE: symbol $TOTE set to    3111.21     (real)
 CNSsolve>noe  cv=7 end   energy end  evaluate ($tote=$tote+$noe) 
 --------------- cycle=    13 --------------------------------------------------
 | Etotal =474.046    grad(E)=8.938      E(NOE )=474.046                       |
 -------------------------------------------------------------------------------
 EVALUATE: symbol $TOTE set to    3585.25     (real)
 CNSsolve>noe  cv=8 end   energy end  evaluate ($tote=$tote+$noe) 
 --------------- cycle=    14 --------------------------------------------------
 | Etotal =492.542    grad(E)=8.781      E(NOE )=492.542                       |
 -------------------------------------------------------------------------------
 EVALUATE: symbol $TOTE set to    4077.79     (real)
 CNSsolve>noe  cv=9 end   energy end  evaluate ($tote=$tote+$noe) 
 --------------- cycle=    15 --------------------------------------------------
 | Etotal =496.791    grad(E)=8.667      E(NOE )=496.791                       |
 -------------------------------------------------------------------------------
 EVALUATE: symbol $TOTE set to    4574.58     (real)
 CNSsolve>noe  cv=10 end   energy end  evaluate ($tote=$tote+$noe) 
 --------------- cycle=    16 --------------------------------------------------
 | Etotal =481.555    grad(E)=8.549      E(NOE )=481.555                       |
 -------------------------------------------------------------------------------
 EVALUATE: symbol $TOTE set to    5056.14     (real)
 CNSsolve> 
 CNSsolve>evaluate ($tote=$tote/9) 
 EVALUATE: symbol $TOTE set to    561.793     (real)
 CNSsolve>display  $olde    $tote 
 561.793    561.793
 CNSsolve> 
 CNSsolve>noe 
 NOE>  partition=2 
 For set   1 there are   449 distance restraints.
 For set   2 there are   473 distance restraints.
 NOE>  cv=1 
 NOE>  predict 
 PREDict>   mode=assign 
 PREDict>   bypass=true 
 PREDict>   output=noetest41.dat 
 PREDict>  end 
 ASSFIL: file noetest41.dat opened.
 The following bounds will be used:
    0.000
 SCRAmbling=   0.000  UNIQue=F  BYPAss=T BSYMMetry_error=   0.000 BUNSYMetry_error=   0.000
 NOE>  close noetest41.dat end 
 NOE> 
 NOE>  cv=2 
 NOE>  predict 
 PREDict>   mode=assign 
 PREDict>   bypass=true 
 PREDict>   output=noetest42.dat 
 PREDict>  end 
 ASSFIL: file noetest42.dat opened.
 The following bounds will be used:
    0.000
 SCRAmbling=   0.000  UNIQue=F  BYPAss=T BSYMMetry_error=   0.000 BUNSYMetry_error=   0.000
 NOE> 
 NOE>  close noetest42.dat end 
 NOE> 
 NOE>  reset 
 NOE>  nres=3000 
 NOE: allocating space for    3000 restraints.
 NOE>  set message=off echo=off end 
 NOE>   ceiling=1000 
 NOE>   averaging  * cent 
 NOE>   potential  * square 
 NOE>   sqconstant * 1. 
 NOE>   sqexponent * 2 
 NOE>   scale      * 50. 
 NOE>end 
 CNSsolve> 
 CNSsolve>energy end 
 --------------- cycle=    17 --------------------------------------------------
 | Etotal =561.793    grad(E)=9.429      E(NOE )=561.793                       |
 -------------------------------------------------------------------------------
 CNSsolve> 
 CNSsolve> 
 CNSsolve>stop 
          ============================================================
           Maximum dynamic memory allocation:     8938880 bytes
           Maximum dynamic memory overhead:           544 bytes
           Program started at: 16:08:04 on 05-Jul-2018
           Program stopped at: 16:08:04 on 05-Jul-2018
           CPU time used:       0.2683 seconds
          ============================================================
