          ============================================================
          |                                                          |
          |            Crystallography & NMR System (CNS)            |
          |                         CNSsolve                         |
          |                                                          |
          ============================================================
           Version: 1.3
           Status: General release
          ============================================================
           Written by: A.T.Brunger, P.D.Adams, G.M.Clore, W.L.DeLano,
                       P.Gros, R.W.Grosse-Kunstleve,J.-S.Jiang,J.M.Krahn,
                       J.Kuszewski, M.Nilges, N.S.Pannu, R.J.Read,
                       L.M.Rice, G.F.Schroeder, T.Simonson, G.L.Warren.
           Copyright (c) 1997-2010 Yale University
          ============================================================
           Running on machine: lewis4-r710-login-node223 (x86_64/Linux,64-bit)
                               with 16 threads
           Program started by: oeow39
           Program started at: 16:08:04 on 05-Jul-2018
          ============================================================

 FFT3C: Using FFTPACK4.1

 CNSsolve>remarks  noetest6.inp 
 CNSsolve>remarks test NOE restraints facility: time-averaging, running average 
 CNSsolve>remarks 
 CNSsolve> 
 CNSsolve>topology @CNS_TOPPAR:protein.top end 
 ASSFIL: file protein.top opened.
 RTFRDR>remarks file toppar/protein.top 
 RTFRDR>remarks   protein topology with polar hydrogens 
 RTFRDR> 
 RTFRDR>! 
 RTFRDR>! Please cite the following reference when using these parameters: 
 RTFRDR>! Engh, R.A. and  Huber, R. (1991). Accurate Bond and 
 RTFRDR>!  Angle Parameters for X-ray Protein-Structure Refinement, 
 RTFRDR>!  Acta Cryst. A47, 392-400. 
 RTFRDR>! 
 RTFRDR>! 
 RTFRDR> 
 RTFRDR>set message ? end eval ($old_message=$result) set echo ? end eval ($old_echo=$result) 
 MESSage=NORM
 EVALUATE: symbol $OLD_MESSAGE set to "NORM" (string)
 ECHO=TRUE {ON}
 EVALUATE: symbol $OLD_ECHO set to TRUE (logical)
 RTFRDR>set message=off echo=off end 
 RTFRDR> 
 RTFRDR> 
 RTFRDR> end 
 CNSsolve>parameter @CNS_TOPPAR:protein.param end 
 ASSFIL: file protein.param opened.
 PARRDR>remarks file toppar/protein.param 
 PARRDR>remarks   protein parameters with Lennard-Jones van der Waals parameters 
 PARRDR>remarks   for crystallographic structure determination 
 PARRDR> 
 PARRDR>! 
 PARRDR>! Please cite the following reference when using these parameters: 
 PARRDR>! Engh, R.A. and  Huber, R. (1991). Accurate Bond and 
 PARRDR>!  Angle Parameters for X-ray Protein-Structure Refinement, 
 PARRDR>!  Acta Cryst. A47, 392-400. 
 PARRDR>! 
 PARRDR>! 
 PARRDR> 
 PARRDR>set message ? end eval ($old_message=$result) set echo ? end eval ($old_echo=$result) 
 MESSage=NORM
 EVALUATE: symbol $OLD_MESSAGE set to "NORM" (string)
 ECHO=TRUE {ON}
 EVALUATE: symbol $OLD_ECHO set to TRUE (logical)
 PARRDR>set message=off echo=off end 
 PARRDR> 
 PARRDR> end 
 CNSsolve> 
 CNSsolve>segment 
 SEGMENT>   name=mol1 
 SEGMENT>   molecule  name=lys number=1 end 
 SEGMENT>end 
 Status of internal molecular topology database:
 -> NATOM=         13(MAXA=     1000000)  NBOND=         12(MAXB=     1000000)
 -> NTHETA=        15(MAXT=     2000000)  NGRP=           1(MAXGRP=   1000000)
 -> NPHI=           7(MAXP=     2000000)  NIMPHI=         1(MAXIMP=   1000000)
 -> NNB=            0(MAXNB=    1000000) 
 CNSsolve>segment 
 SEGMENT>   name=mol2 
 SEGMENT>   molecule name=lys number=1 end 
 SEGMENT>end 
 Status of internal molecular topology database:
 -> NATOM=         26(MAXA=     1000000)  NBOND=         24(MAXB=     1000000)
 -> NTHETA=        30(MAXT=     2000000)  NGRP=           2(MAXGRP=   1000000)
 -> NPHI=          14(MAXP=     2000000)  NIMPHI=         2(MAXIMP=   1000000)
 -> NNB=            0(MAXNB=    1000000) 
 CNSsolve> 
 CNSsolve>delete selection=( not ( name nz or name hz* or name ce )) end 
 SELRPN:     16 atoms have been selected out of     26
 Status of internal molecular topology database:
 -> NATOM=         10(MAXA=     1000000)  NBOND=          8(MAXB=     1000000)
 -> NTHETA=        12(MAXT=     2000000)  NGRP=           2(MAXGRP=   1000000)
 -> NPHI=           0(MAXP=     2000000)  NIMPHI=         0(MAXIMP=   1000000)
 -> NNB=            0(MAXNB=    1000000) 
 CNSsolve> 
 CNSsolve>coor 
 COOR>ATOM      1  CE  LYS     1      -3.484  -0.633  -1.000  1.00  0.00      MOL1 
 COOR>ATOM      2  NZ  LYS     1      -3.000  -2.000  -1.000  1.00  0.00      MOL1 
 CNSsolve> 
 CNSsolve> 
 CNSsolve>flags  exclude * include noe   end 
 CNSsolve> 
 CNSsolve> 
 CNSsolve>noe 
 NOE>	reset			{erases the current noe restraints} 
 NOE>	nrestraints 100 
 NOE: allocating space for     100 restraints.
 NOE>	class one 
 NOE>		assign ( atom mol1 1 hz1 ) ( atom mol2 1 hz2)  4.0  0.08 0.17 
 SELRPN:      1 atoms have been selected out of     10
 SELRPN:      1 atoms have been selected out of     10
 NOE>		assign ( atom mol1 1 hz* ) ( atom mol2 1 hz*)  4.0  0.08 0.17 
 SELRPN:      3 atoms have been selected out of     10
 SELRPN:      3 atoms have been selected out of     10
 NOE>		AVER one R-3 		{Use r-3 averaging instead of r-6} 
 NOE>	raverage * 
 RAVErage>		on			{ turn on running-averaging } 
 RAVErage>		exponent 3		{ uses r-3 averaging } 
 RAVErage>		reset current		{ reset to the current distance } 
 RAVErage>	end 
 NOE>end 
 CNSsolve> 
 CNSsolve>energy end	{N=1, the total number of evaluations} 
 --------------- cycle=     1 --------------------------------------------------
 | Etotal =619.030    grad(E)=41.821     E(NOE )=619.030                       |
 -------------------------------------------------------------------------------
 CNSsolve>print noe 

 ++++++++++++++++++++++++++++++++++++++++++++++++++++++++++++++++++++++++++++++
 +++++++++++++++++++++++++++++++ CLASS ONE  +++++++++++++++++++++++++++++++++++
 for this class: SCALe=   1.000 AVERage=R-3    POTEntial=biharmonic 
                 TEMPerature= 300.000
 
 ========== restraint     1 ==========
 set-i-atoms
          MOL1 1    LYS  HZ1 
 set-j-atoms
          MOL2 1    LYS  HZ2 
 R<average>=  10.019 NOE= 4.00 (- 0.08/+ 0.17) Delta=  -6.019  E(NOE)= 373.622
 running-averaged <R>=  10.019
 ========== restraint     2 ==========
 set-i-atoms
          MOL1 1    LYS  HZ1 
          MOL1 1    LYS  HZ2 
          MOL1 1    LYS  HZ3 
 set-j-atoms
          MOL2 1    LYS  HZ1 
          MOL2 1    LYS  HZ2 
          MOL2 1    LYS  HZ3 
 R<average>=   8.878 NOE= 4.00 (- 0.08/+ 0.17) Delta=  -4.878  E(NOE)= 245.408
 running-averaged <R>=   8.878

 NOEPRI: RMS diff. =   5.478,  #(violat.> 0.0)=     2 of      2 NOEs
 NOEPRI: RMS diff. class ONE  =   5.478,  #(viol.> 0.0)=     2 of      2 NOEs
 CNSsolve>energy end	{N=2} 
 --------------- cycle=     2 --------------------------------------------------
 | Etotal =619.030    grad(E)=41.821     E(NOE )=619.030                       |
 -------------------------------------------------------------------------------
 CNSsolve>print noe 

 ++++++++++++++++++++++++++++++++++++++++++++++++++++++++++++++++++++++++++++++
 +++++++++++++++++++++++++++++++ CLASS ONE  +++++++++++++++++++++++++++++++++++
 for this class: SCALe=   1.000 AVERage=R-3    POTEntial=biharmonic 
                 TEMPerature= 300.000
 
 ========== restraint     1 ==========
 set-i-atoms
          MOL1 1    LYS  HZ1 
 set-j-atoms
          MOL2 1    LYS  HZ2 
 R<average>=  10.019 NOE= 4.00 (- 0.08/+ 0.17) Delta=  -6.019  E(NOE)= 373.622
 running-averaged <R>=  10.019
 ========== restraint     2 ==========
 set-i-atoms
          MOL1 1    LYS  HZ1 
          MOL1 1    LYS  HZ2 
          MOL1 1    LYS  HZ3 
 set-j-atoms
          MOL2 1    LYS  HZ1 
          MOL2 1    LYS  HZ2 
          MOL2 1    LYS  HZ3 
 R<average>=   8.878 NOE= 4.00 (- 0.08/+ 0.17) Delta=  -4.878  E(NOE)= 245.408
 running-averaged <R>=   8.878

 NOEPRI: RMS diff. =   5.478,  #(violat.> 0.0)=     2 of      2 NOEs
 NOEPRI: RMS diff. class ONE  =   5.478,  #(viol.> 0.0)=     2 of      2 NOEs
 CNSsolve>energy end	{N=3} 
 --------------- cycle=     3 --------------------------------------------------
 | Etotal =619.030    grad(E)=41.821     E(NOE )=619.030                       |
 -------------------------------------------------------------------------------
 CNSsolve>print noe 

 ++++++++++++++++++++++++++++++++++++++++++++++++++++++++++++++++++++++++++++++
 +++++++++++++++++++++++++++++++ CLASS ONE  +++++++++++++++++++++++++++++++++++
 for this class: SCALe=   1.000 AVERage=R-3    POTEntial=biharmonic 
                 TEMPerature= 300.000
 
 ========== restraint     1 ==========
 set-i-atoms
          MOL1 1    LYS  HZ1 
 set-j-atoms
          MOL2 1    LYS  HZ2 
 R<average>=  10.019 NOE= 4.00 (- 0.08/+ 0.17) Delta=  -6.019  E(NOE)= 373.622
 running-averaged <R>=  10.019
 ========== restraint     2 ==========
 set-i-atoms
          MOL1 1    LYS  HZ1 
          MOL1 1    LYS  HZ2 
          MOL1 1    LYS  HZ3 
 set-j-atoms
          MOL2 1    LYS  HZ1 
          MOL2 1    LYS  HZ2 
          MOL2 1    LYS  HZ3 
 R<average>=   8.878 NOE= 4.00 (- 0.08/+ 0.17) Delta=  -4.878  E(NOE)= 245.408
 running-averaged <R>=   8.878

 NOEPRI: RMS diff. =   5.478,  #(violat.> 0.0)=     2 of      2 NOEs
 NOEPRI: RMS diff. class ONE  =   5.478,  #(viol.> 0.0)=     2 of      2 NOEs
 CNSsolve> 
 CNSsolve>{Now change the interproton distances, and see if the running-average changes too} 
 CNSsolve>coor translate sele=( segid mol2 ) vector=( -1.0 -1.0 -1.0 ) end 
 SELRPN:      5 atoms have been selected out of     10
 COOR: using atom subset.
 COOR: translation vector =(    -1.000000   -1.000000   -1.000000 )
 COOR: selected coordinates translated
 CNSsolve>energy end	{N=4} 
 --------------- cycle=     4 --------------------------------------------------
 | Etotal =1048.600   grad(E)=54.073     E(NOE )=1048.600                      |
 -------------------------------------------------------------------------------
 CNSsolve>print noe 

 ++++++++++++++++++++++++++++++++++++++++++++++++++++++++++++++++++++++++++++++
 +++++++++++++++++++++++++++++++ CLASS ONE  +++++++++++++++++++++++++++++++++++
 for this class: SCALe=   1.000 AVERage=R-3    POTEntial=biharmonic 
                 TEMPerature= 300.000
 
 ========== restraint     1 ==========
 set-i-atoms
          MOL1 1    LYS  HZ1 
 set-j-atoms
          MOL2 1    LYS  HZ2 
 R<average>=  11.747 NOE= 4.00 (- 0.08/+ 0.17) Delta=  -7.747  E(NOE)= 618.956
 running-averaged <R>=  10.357
 ========== restraint     2 ==========
 set-i-atoms
          MOL1 1    LYS  HZ1 
          MOL1 1    LYS  HZ2 
          MOL1 1    LYS  HZ3 
 set-j-atoms
          MOL2 1    LYS  HZ1 
          MOL2 1    LYS  HZ2 
          MOL2 1    LYS  HZ3 
 R<average>=  10.454 NOE= 4.00 (- 0.08/+ 0.17) Delta=  -6.454  E(NOE)= 429.644
 running-averaged <R>=   9.185

 NOEPRI: RMS diff. =   7.130,  #(violat.> 0.0)=     2 of      2 NOEs
 NOEPRI: RMS diff. class ONE  =   7.130,  #(viol.> 0.0)=     2 of      2 NOEs
 CNSsolve>energy end	{N=5} 
 --------------- cycle=     5 --------------------------------------------------
 | Etotal =1048.600   grad(E)=54.073     E(NOE )=1048.600                      |
 -------------------------------------------------------------------------------
 CNSsolve>print noe 

 ++++++++++++++++++++++++++++++++++++++++++++++++++++++++++++++++++++++++++++++
 +++++++++++++++++++++++++++++++ CLASS ONE  +++++++++++++++++++++++++++++++++++
 for this class: SCALe=   1.000 AVERage=R-3    POTEntial=biharmonic 
                 TEMPerature= 300.000
 
 ========== restraint     1 ==========
 set-i-atoms
          MOL1 1    LYS  HZ1 
 set-j-atoms
          MOL2 1    LYS  HZ2 
 R<average>=  11.747 NOE= 4.00 (- 0.08/+ 0.17) Delta=  -7.747  E(NOE)= 618.956
 running-averaged <R>=  10.584
 ========== restraint     2 ==========
 set-i-atoms
          MOL1 1    LYS  HZ1 
          MOL1 1    LYS  HZ2 
          MOL1 1    LYS  HZ3 
 set-j-atoms
          MOL2 1    LYS  HZ1 
          MOL2 1    LYS  HZ2 
          MOL2 1    LYS  HZ3 
 R<average>=  10.454 NOE= 4.00 (- 0.08/+ 0.17) Delta=  -6.454  E(NOE)= 429.644
 running-averaged <R>=   9.391

 NOEPRI: RMS diff. =   7.130,  #(violat.> 0.0)=     2 of      2 NOEs
 NOEPRI: RMS diff. class ONE  =   7.130,  #(viol.> 0.0)=     2 of      2 NOEs
 CNSsolve>energy end	{N=6} 
 --------------- cycle=     6 --------------------------------------------------
 | Etotal =1048.600   grad(E)=54.073     E(NOE )=1048.600                      |
 -------------------------------------------------------------------------------
 CNSsolve>print noe 

 ++++++++++++++++++++++++++++++++++++++++++++++++++++++++++++++++++++++++++++++
 +++++++++++++++++++++++++++++++ CLASS ONE  +++++++++++++++++++++++++++++++++++
 for this class: SCALe=   1.000 AVERage=R-3    POTEntial=biharmonic 
                 TEMPerature= 300.000
 
 ========== restraint     1 ==========
 set-i-atoms
          MOL1 1    LYS  HZ1 
 set-j-atoms
          MOL2 1    LYS  HZ2 
 R<average>=  11.747 NOE= 4.00 (- 0.08/+ 0.17) Delta=  -7.747  E(NOE)= 618.956
 running-averaged <R>=  10.747
 ========== restraint     2 ==========
 set-i-atoms
          MOL1 1    LYS  HZ1 
          MOL1 1    LYS  HZ2 
          MOL1 1    LYS  HZ3 
 set-j-atoms
          MOL2 1    LYS  HZ1 
          MOL2 1    LYS  HZ2 
          MOL2 1    LYS  HZ3 
 R<average>=  10.454 NOE= 4.00 (- 0.08/+ 0.17) Delta=  -6.454  E(NOE)= 429.644
 running-averaged <R>=   9.539

 NOEPRI: RMS diff. =   7.130,  #(violat.> 0.0)=     2 of      2 NOEs
 NOEPRI: RMS diff. class ONE  =   7.130,  #(viol.> 0.0)=     2 of      2 NOEs
 CNSsolve>{The running average should now equal the average of the two distances} 
 CNSsolve> 
 CNSsolve>{Now change the analysis mode: energy calculated from running-average} 
 CNSsolve>noe anal=rave end 
 CNSsolve>print noe 

 ++++++++++++++++++++++++++++++++++++++++++++++++++++++++++++++++++++++++++++++
 +++++++++++++++++++++++++++++++ CLASS ONE  +++++++++++++++++++++++++++++++++++
 for this class: SCALe=   1.000 AVERage=R-3    POTEntial=biharmonic 
                 TEMPerature= 300.000
 
 ========== restraint     1 ==========
 set-i-atoms
          MOL1 1    LYS  HZ1 
 set-j-atoms
          MOL2 1    LYS  HZ2 
 R<average>=  10.747 NOE= 4.00 (- 0.08/+ 0.17) Delta=  -6.747  E(NOE)= 469.485
 running-averaged <R>=  10.747 (used in energy calculation)
 ========== restraint     2 ==========
 set-i-atoms
          MOL1 1    LYS  HZ1 
          MOL1 1    LYS  HZ2 
          MOL1 1    LYS  HZ3 
 set-j-atoms
          MOL2 1    LYS  HZ1 
          MOL2 1    LYS  HZ2 
          MOL2 1    LYS  HZ3 
 R<average>=   9.539 NOE= 4.00 (- 0.08/+ 0.17) Delta=  -5.539  E(NOE)= 316.412
 running-averaged <R>=   9.539 (used in energy calculation)

 NOEPRI: RMS diff. =   6.172,  #(violat.> 0.0)=     2 of      2 NOEs
 NOEPRI: RMS diff. class ONE  =   6.172,  #(viol.> 0.0)=     2 of      2 NOEs
 CNSsolve>noe anal=curr end 
 CNSsolve> 
 CNSsolve>noe 
 NOE>	raverage * reset current end	{reset the running-average distances} 
 NOE>end	 
 CNSsolve>print noe 

 ++++++++++++++++++++++++++++++++++++++++++++++++++++++++++++++++++++++++++++++
 +++++++++++++++++++++++++++++++ CLASS ONE  +++++++++++++++++++++++++++++++++++
 for this class: SCALe=   1.000 AVERage=R-3    POTEntial=biharmonic 
                 TEMPerature= 300.000
 
 ========== restraint     1 ==========
 set-i-atoms
          MOL1 1    LYS  HZ1 
 set-j-atoms
          MOL2 1    LYS  HZ2 
 R<average>=  11.747 NOE= 4.00 (- 0.08/+ 0.17) Delta=  -7.747  E(NOE)= 618.956
 running-averaged <R>=  11.747
 ========== restraint     2 ==========
 set-i-atoms
          MOL1 1    LYS  HZ1 
          MOL1 1    LYS  HZ2 
          MOL1 1    LYS  HZ3 
 set-j-atoms
          MOL2 1    LYS  HZ1 
          MOL2 1    LYS  HZ2 
          MOL2 1    LYS  HZ3 
 R<average>=  10.454 NOE= 4.00 (- 0.08/+ 0.17) Delta=  -6.454  E(NOE)= 429.644
 running-averaged <R>=  10.454

 NOEPRI: RMS diff. =   7.130,  #(violat.> 0.0)=     2 of      2 NOEs
 NOEPRI: RMS diff. class ONE  =   7.130,  #(viol.> 0.0)=     2 of      2 NOEs
 CNSsolve>energy  end 
 --------------- cycle=     7 --------------------------------------------------
 | Etotal =1048.600   grad(E)=54.073     E(NOE )=1048.600                      |
 -------------------------------------------------------------------------------
 CNSsolve>{The running averages should now equal the current distances} 
 CNSsolve> 
 CNSsolve>{Test time-average facilities } 
 CNSsolve> 
 CNSsolve>noe 
 NOE>	reset			{erases the current noe restraints} 
 NOE>	nrestraints 100 
 NOE: allocating space for     100 restraints.
 NOE>	class one 
 NOE>		assign ( atom mol1 1 hz1 ) ( atom mol2 1 hz2)  4.0  0.08 0.17 
 SELRPN:      1 atoms have been selected out of     10
 SELRPN:      1 atoms have been selected out of     10
 NOE>	AVER	* R-3			{use r-3 averaging for pseudoatom groups} 
 NOE>	raverage * on reset current end	{reset the running-average distances} 
 NOE>	taverage *		 
 TAVErage>		on			{ turn on time-averaging } 
 TAVErage>		tau 50		{ sets the decay constant in step numbers } 
 TAVErage>		exponent 3		{ uses r-3 averaging } 
 TAVErage>		force nonconservative 
 TAVErage>		reset current 
 TAVErage>	end 
 NOE>end 
 CNSsolve> 
 CNSsolve>print noe 

 ++++++++++++++++++++++++++++++++++++++++++++++++++++++++++++++++++++++++++++++
 +++++++++++++++++++++++++++++++ CLASS ONE  +++++++++++++++++++++++++++++++++++
 for this class: SCALe=   1.000 AVERage=R-3    POTEntial=biharmonic 
                 TEMPerature= 300.000
 
 ========== restraint     1 ==========
 set-i-atoms
          MOL1 1    LYS  HZ1 
 set-j-atoms
          MOL2 1    LYS  HZ2 
 R<average>=  11.747 NOE= 4.00 (- 0.08/+ 0.17) Delta=  -7.747  E(NOE)= 618.956
 running-averaged <R>=  11.747
 time-averaged <R>=  11.747

 NOEPRI: RMS diff. =   7.747,  #(violat.> 0.0)=     1 of      1 NOEs
 NOEPRI: RMS diff. class ONE  =   7.747,  #(viol.> 0.0)=     1 of      1 NOEs
 CNSsolve>energy end 
 --------------- cycle=     8 --------------------------------------------------
 | Etotal =618.832    grad(E)=41.259     E(NOE )=618.832                       |
 -------------------------------------------------------------------------------
 CNSsolve>print noe 

 ++++++++++++++++++++++++++++++++++++++++++++++++++++++++++++++++++++++++++++++
 +++++++++++++++++++++++++++++++ CLASS ONE  +++++++++++++++++++++++++++++++++++
 for this class: SCALe=   1.000 AVERage=R-3    POTEntial=biharmonic 
                 TEMPerature= 300.000
 
 ========== restraint     1 ==========
 set-i-atoms
          MOL1 1    LYS  HZ1 
 set-j-atoms
          MOL2 1    LYS  HZ2 
 R<average>=  11.747 NOE= 4.00 (- 0.08/+ 0.17) Delta=  -7.747  E(NOE)= 618.956
 running-averaged <R>=  11.747
 time-averaged <R>=  11.746

 NOEPRI: RMS diff. =   7.747,  #(violat.> 0.0)=     1 of      1 NOEs
 NOEPRI: RMS diff. class ONE  =   7.747,  #(viol.> 0.0)=     1 of      1 NOEs
 CNSsolve>energy end 
 --------------- cycle=     9 --------------------------------------------------
 | Etotal =618.710    grad(E)=41.257     E(NOE )=618.710                       |
 -------------------------------------------------------------------------------
 CNSsolve>print noe 

 ++++++++++++++++++++++++++++++++++++++++++++++++++++++++++++++++++++++++++++++
 +++++++++++++++++++++++++++++++ CLASS ONE  +++++++++++++++++++++++++++++++++++
 for this class: SCALe=   1.000 AVERage=R-3    POTEntial=biharmonic 
                 TEMPerature= 300.000
 
 ========== restraint     1 ==========
 set-i-atoms
          MOL1 1    LYS  HZ1 
 set-j-atoms
          MOL2 1    LYS  HZ2 
 R<average>=  11.747 NOE= 4.00 (- 0.08/+ 0.17) Delta=  -7.747  E(NOE)= 618.956
 running-averaged <R>=  11.747
 time-averaged <R>=  11.745

 NOEPRI: RMS diff. =   7.747,  #(violat.> 0.0)=     1 of      1 NOEs
 NOEPRI: RMS diff. class ONE  =   7.747,  #(viol.> 0.0)=     1 of      1 NOEs
 CNSsolve>energy end 
 --------------- cycle=    10 --------------------------------------------------
 | Etotal =618.591    grad(E)=41.256     E(NOE )=618.591                       |
 -------------------------------------------------------------------------------
 CNSsolve>{Now change the interproton distances to check that the time-average changes correctly} 
 CNSsolve>coor translate sele=( segid mol2 ) vector=( -3.0 -1.0 -1.0 ) end 
 SELRPN:      5 atoms have been selected out of     10
 COOR: using atom subset.
 COOR: translation vector =(    -3.000000   -1.000000   -1.000000 )
 COOR: selected coordinates translated
 CNSsolve>print noe 

 ++++++++++++++++++++++++++++++++++++++++++++++++++++++++++++++++++++++++++++++
 +++++++++++++++++++++++++++++++ CLASS ONE  +++++++++++++++++++++++++++++++++++
 for this class: SCALe=   1.000 AVERage=R-3    POTEntial=biharmonic 
                 TEMPerature= 300.000
 
 ========== restraint     1 ==========
 set-i-atoms
          MOL1 1    LYS  HZ1 
 set-j-atoms
          MOL2 1    LYS  HZ2 
 R<average>=  14.638 NOE= 4.00 (- 0.08/+ 0.17) Delta= -10.638  E(NOE)=1167.210
 running-averaged <R>=  11.747
 time-averaged <R>=  11.744

 NOEPRI: RMS diff. =  10.638,  #(violat.> 0.0)=     1 of      1 NOEs
 NOEPRI: RMS diff. class ONE  =  10.638,  #(viol.> 0.0)=     1 of      1 NOEs
 CNSsolve>energy end 
 --------------- cycle=    11 --------------------------------------------------
 | Etotal =624.567    grad(E)=51.495     E(NOE )=624.567                       |
 -------------------------------------------------------------------------------
 CNSsolve>print noe 

 ++++++++++++++++++++++++++++++++++++++++++++++++++++++++++++++++++++++++++++++
 +++++++++++++++++++++++++++++++ CLASS ONE  +++++++++++++++++++++++++++++++++++
 for this class: SCALe=   1.000 AVERage=R-3    POTEntial=biharmonic 
                 TEMPerature= 300.000
 
 ========== restraint     1 ==========
 set-i-atoms
          MOL1 1    LYS  HZ1 
 set-j-atoms
          MOL2 1    LYS  HZ2 
 R<average>=  14.638 NOE= 4.00 (- 0.08/+ 0.17) Delta= -10.638  E(NOE)=1167.210
 running-averaged <R>=  12.262
 time-averaged <R>=  11.782

 NOEPRI: RMS diff. =  10.638,  #(violat.> 0.0)=     1 of      1 NOEs
 NOEPRI: RMS diff. class ONE  =  10.638,  #(viol.> 0.0)=     1 of      1 NOEs
 CNSsolve>energy end 
 --------------- cycle=    12 --------------------------------------------------
 | Etotal =630.527    grad(E)=51.578     E(NOE )=630.527                       |
 -------------------------------------------------------------------------------
 CNSsolve>print noe 

 ++++++++++++++++++++++++++++++++++++++++++++++++++++++++++++++++++++++++++++++
 +++++++++++++++++++++++++++++++ CLASS ONE  +++++++++++++++++++++++++++++++++++
 for this class: SCALe=   1.000 AVERage=R-3    POTEntial=biharmonic 
                 TEMPerature= 300.000
 
 ========== restraint     1 ==========
 set-i-atoms
          MOL1 1    LYS  HZ1 
 set-j-atoms
          MOL2 1    LYS  HZ2 
 R<average>=  14.638 NOE= 4.00 (- 0.08/+ 0.17) Delta= -10.638  E(NOE)=1167.210
 running-averaged <R>=  12.619
 time-averaged <R>=  11.819

 NOEPRI: RMS diff. =  10.638,  #(violat.> 0.0)=     1 of      1 NOEs
 NOEPRI: RMS diff. class ONE  =  10.638,  #(viol.> 0.0)=     1 of      1 NOEs
 CNSsolve>energy end 
 --------------- cycle=    13 --------------------------------------------------
 | Etotal =636.470    grad(E)=51.660     E(NOE )=636.470                       |
 -------------------------------------------------------------------------------
 CNSsolve>print noe 

 ++++++++++++++++++++++++++++++++++++++++++++++++++++++++++++++++++++++++++++++
 +++++++++++++++++++++++++++++++ CLASS ONE  +++++++++++++++++++++++++++++++++++
 for this class: SCALe=   1.000 AVERage=R-3    POTEntial=biharmonic 
                 TEMPerature= 300.000
 
 ========== restraint     1 ==========
 set-i-atoms
          MOL1 1    LYS  HZ1 
 set-j-atoms
          MOL2 1    LYS  HZ2 
 R<average>=  14.638 NOE= 4.00 (- 0.08/+ 0.17) Delta= -10.638  E(NOE)=1167.210
 running-averaged <R>=  12.881
 time-averaged <R>=  11.855

 NOEPRI: RMS diff. =  10.638,  #(violat.> 0.0)=     1 of      1 NOEs
 NOEPRI: RMS diff. class ONE  =  10.638,  #(viol.> 0.0)=     1 of      1 NOEs
 CNSsolve>{Now change the analysis mode: energy calculated from running-average} 
 CNSsolve>noe anal=rave end 
 CNSsolve>print noe 

 ++++++++++++++++++++++++++++++++++++++++++++++++++++++++++++++++++++++++++++++
 +++++++++++++++++++++++++++++++ CLASS ONE  +++++++++++++++++++++++++++++++++++
 for this class: SCALe=   1.000 AVERage=R-3    POTEntial=biharmonic 
                 TEMPerature= 300.000
 
 ========== restraint     1 ==========
 set-i-atoms
          MOL1 1    LYS  HZ1 
 set-j-atoms
          MOL2 1    LYS  HZ2 
 R<average>=  12.881 NOE= 4.00 (- 0.08/+ 0.17) Delta=  -8.881  E(NOE)= 813.501
 running-averaged <R>=  12.881 (used in energy calculation)
 time-averaged <R>=  11.855

 NOEPRI: RMS diff. =   8.881,  #(violat.> 0.0)=     1 of      1 NOEs
 NOEPRI: RMS diff. class ONE  =   8.881,  #(viol.> 0.0)=     1 of      1 NOEs
 CNSsolve>{Now change the analysis mode: energy calculated from time-average} 
 CNSsolve>noe anal=tave end 
 CNSsolve>print noe 

 ++++++++++++++++++++++++++++++++++++++++++++++++++++++++++++++++++++++++++++++
 +++++++++++++++++++++++++++++++ CLASS ONE  +++++++++++++++++++++++++++++++++++
 for this class: SCALe=   1.000 AVERage=R-3    POTEntial=biharmonic 
                 TEMPerature= 300.000
 
 ========== restraint     1 ==========
 set-i-atoms
          MOL1 1    LYS  HZ1 
 set-j-atoms
          MOL2 1    LYS  HZ2 
 R<average>=  11.855 NOE= 4.00 (- 0.08/+ 0.17) Delta=  -7.855  E(NOE)= 636.470
 running-averaged <R>=  12.881
 time-averaged <R>=  11.855 (used in energy calculation)

 NOEPRI: RMS diff. =   7.855,  #(violat.> 0.0)=     1 of      1 NOEs
 NOEPRI: RMS diff. class ONE  =   7.855,  #(viol.> 0.0)=     1 of      1 NOEs
 CNSsolve>noe anal=curr end 
 CNSsolve> 
 CNSsolve>noe 
 NOE> 	taverage * reset current end	{reset the time-average distances} 
 NOE>end 
 CNSsolve>print noe 

 ++++++++++++++++++++++++++++++++++++++++++++++++++++++++++++++++++++++++++++++
 +++++++++++++++++++++++++++++++ CLASS ONE  +++++++++++++++++++++++++++++++++++
 for this class: SCALe=   1.000 AVERage=R-3    POTEntial=biharmonic 
                 TEMPerature= 300.000
 
 ========== restraint     1 ==========
 set-i-atoms
          MOL1 1    LYS  HZ1 
 set-j-atoms
          MOL2 1    LYS  HZ2 
 R<average>=  14.638 NOE= 4.00 (- 0.08/+ 0.17) Delta= -10.638  E(NOE)=1167.210
 running-averaged <R>=  12.881
 time-averaged <R>=  14.638

 NOEPRI: RMS diff. =  10.638,  #(violat.> 0.0)=     1 of      1 NOEs
 NOEPRI: RMS diff. class ONE  =  10.638,  #(viol.> 0.0)=     1 of      1 NOEs
 CNSsolve>noe 
 NOE> 	taverage * reset constraint end	{reset the time-average distances} 
 NOE>end 
 CNSsolve>print noe 

 ++++++++++++++++++++++++++++++++++++++++++++++++++++++++++++++++++++++++++++++
 +++++++++++++++++++++++++++++++ CLASS ONE  +++++++++++++++++++++++++++++++++++
 for this class: SCALe=   1.000 AVERage=R-3    POTEntial=biharmonic 
                 TEMPerature= 300.000
 
 ========== restraint     1 ==========
 set-i-atoms
          MOL1 1    LYS  HZ1 
 set-j-atoms
          MOL2 1    LYS  HZ2 
 R<average>=  14.638 NOE= 4.00 (- 0.08/+ 0.17) Delta= -10.638  E(NOE)=1167.210
 running-averaged <R>=  12.881
 time-averaged <R>=   4.000

 NOEPRI: RMS diff. =  10.638,  #(violat.> 0.0)=     1 of      1 NOEs
 NOEPRI: RMS diff. class ONE  =  10.638,  #(viol.> 0.0)=     1 of      1 NOEs
 CNSsolve> 
 CNSsolve>stop 
          ============================================================
           Maximum dynamic memory allocation:     8251608 bytes
           Maximum dynamic memory overhead:           544 bytes
           Program started at: 16:08:04 on 05-Jul-2018
           Program stopped at: 16:08:04 on 05-Jul-2018
           CPU time used:       0.0195 seconds
          ============================================================
