          ============================================================
          |                                                          |
          |            Crystallography & NMR System (CNS)            |
          |                         CNSsolve                         |
          |                                                          |
          ============================================================
           Version: 1.3
           Status: General release
          ============================================================
           Written by: A.T.Brunger, P.D.Adams, G.M.Clore, W.L.DeLano,
                       P.Gros, R.W.Grosse-Kunstleve,J.-S.Jiang,J.M.Krahn,
                       J.Kuszewski, M.Nilges, N.S.Pannu, R.J.Read,
                       L.M.Rice, G.F.Schroeder, T.Simonson, G.L.Warren.
           Copyright (c) 1997-2010 Yale University
          ============================================================
           Running on machine: lewis4-r710-login-node223 (x86_64/Linux,64-bit)
                               with 16 threads
           Program started by: oeow39
           Program started at: 16:08:04 on 05-Jul-2018
          ============================================================

 FFT3C: Using FFTPACK4.1

 CNSsolve>remarks file: coupling.inp 
 CNSsolve>remarks test file for j-coupling refinement code 
 CNSsolve>remarks 
 CNSsolve> 
 CNSsolve>set seed 584930 end                     { seed for random velocity assignemnt } 
 CNSsolve> 
 CNSsolve>structure 
 STRUcture>data_cns_mtf 
 REMARKS FILENAME="/data/rwgk/test/tmp.mtf"
 REMARKS generic parameter file for all-h proteins PARALLHSA.PRO
 REMARKS based on PARMALLH6.PRO
 REMARKS DATE:18-Nov-98  14:17:42       created by user: rwgk
 REMARKS VERSION:0.4a
 Status of internal molecular topology database:
 -> NATOM=        114(MAXA=     1000000)  NBOND=        119(MAXB=     1000000)
 -> NTHETA=       214(MAXT=     2000000)  NGRP=           6(MAXGRP=   1000000)
 -> NPHI=          11(MAXP=     2000000)  NIMPHI=        68(MAXIMP=   1000000)
 -> NNB=           18(MAXNB=    1000000) 
 STRUcture> 
 STRUcture>end                                   { read structure file } 
 CNSsolve> 
 CNSsolve>parameter                                             { set energy parameters } 
 PARRDR>    @CNS_TOPPAR:protein-allhdg5-4.param 
 ASSFIL: file protein-allhdg5-4.param opened.
 PARRDR>remarks file toppar/protein-allhdg5-4.param 
 PARRDR>remark 
 PARRDR>remark   for file protein-allhdg-ucl.top  version UCL  date 14-MAR-00 
 PARRDR>remark   for file protein-allhdg-dih-ucl.top  version UCL  date 07-JUL-01 
 PARRDR>remark   Geometric energy function parameters for distance geometry and 
 PARRDR>remark   simulated annealing. 
 PARRDR>remark   Original author: Michael Nilges, EMBL Heidelberg 
 PARRDR>remark   Modifications: Mark A. Williams, UCL London 
 PARRDR>remark   Several modifications for HADDOCK: Alexandre Bonvin, Utrecht Uni 
 PARRDR>remark   Last modification 8-19-2011 
 PARRDR> 
 PARRDR>set message ? end eval ($old_message=$result) set echo ? end eval ($old_echo=$result) 
 MESSage=NORM
 EVALUATE: symbol $OLD_MESSAGE set to "NORM" (string)
 ECHO=TRUE {ON}
 EVALUATE: symbol $OLD_ECHO set to TRUE (logical)
 PARRDR>set message=off echo=off end 
 PARRDR> 
 PARRDR>    nbonds 
 NBDSET>        atom  nbxmod -3  tolerance 0.5 
 NBDSET>        repel 0.75  rcon 4.0  rexp 2  cutnb 4.5 
 NBDSET>    end 
 PARRDR>end 
 %PARRDR-info: duplication of bond HC   NC2 
 %PARRDR-info: duplication of angle CH2P CH2E HA  
 CNSsolve>flags include coup end             { include the J-coupling energy term } 
 CNSsolve> 
 CNSsolve> 
 CNSsolve>coor 
 COOR>REMARK FILENAME="" 
 COOR>REMARK randoma01 final structure 
 COOR>REMARK DATE: 3-JUN-89  18:50:57       created by user: NILGES 
 COOR>ATOM      1  N   PHE     1       2.099  -0.708  -0.487  1.00  0.00 
 COOR>ATOM      2  HN  PHE     1       2.770  -0.387  -1.118  1.00  0.00 
 CNSsolve> 
 CNSsolve>onebond 
 1-BOND COUPLINGS>  potential harmonic 
using harmonic potential.
 1-BOND COUPLINGS>  class all 
 1-BOND COUPLINGS>  force 1.0 
Setting force const for class ALL      to    1.000
 1-BOND COUPLINGS>  assign (resid 1   and name c  )   (resid 2   and name n ) 
 SELRPN:      1 atoms have been selected out of    114
 SELRPN:      1 atoms have been selected out of    114
 SELRPN>         (resid 2   and name ca )   (resid 2   and name c ) 
 SELRPN:      1 atoms have been selected out of    114
 SELRPN:      1 atoms have been selected out of    114
 SELRPN>         (resid 2   and name n  )   (resid 2   and name ca) 
 SELRPN:      1 atoms have been selected out of    114
 SELRPN:      1 atoms have been selected out of    114
 SELRPN>         (resid 2   and name c  )   (resid 3   and name n )  135.0 0.0 
 SELRPN:      1 atoms have been selected out of    114
 SELRPN:      1 atoms have been selected out of    114
 1-BOND COUPLINGS> 
 1-BOND COUPLINGS>  assign (resid 2   and name c  )   (resid 3   and name n ) 
 SELRPN:      1 atoms have been selected out of    114
 SELRPN:      1 atoms have been selected out of    114
 SELRPN>         (resid 3   and name ca )   (resid 3   and name c ) 
 SELRPN:      1 atoms have been selected out of    114
 SELRPN:      1 atoms have been selected out of    114
 SELRPN>         (resid 3   and name n  )   (resid 3   and name ca) 
 SELRPN:      1 atoms have been selected out of    114
 SELRPN:      1 atoms have been selected out of    114
 SELRPN>         (resid 3   and name c  )   (resid 4   and name n )  140.0 0.0 
 SELRPN:      1 atoms have been selected out of    114
 SELRPN:      1 atoms have been selected out of    114
 1-BOND COUPLINGS> 
 1-BOND COUPLINGS>end 
 CNSsolve> 
 CNSsolve>flags exclude * include oneb end 
 CNSsolve> 
 CNSsolve>onebond  print threshold=1.0 end 
The following one-bond couplings have
delta J greater than the cutoff:
  (calculated J) (observed J) (delta J)
class ALL     
    1   PHE C   
    2   PRO N   
    2   PRO CA  
    2   PRO C   
    2   PRO N   
    2   PRO CA  
    2   PRO C   
    3   THR N    141.407 135.000   6.407
    2   PRO C   
    3   THR N   
    3   THR CA  
    3   THR C   
    3   THR N   
    3   THR CA  
    3   THR C   
    4   LYS N    136.098 140.000  -3.902
  RMS diff. =   5.305, #(violat.> 1.00)=    2. of      2 J-couplings
 CNSsolve>evaluate ($rms_oneb = $rms) 
 EVALUATE: symbol $RMS_ONEB set to    5.30457     (real)
 CNSsolve>evaluate ($viols_oneb = $violations) 
 EVALUATE: symbol $VIOLS_ONEB set to    2.00000     (real)
 CNSsolve> 
 CNSsolve>minimize powell nstep= 10 nprint=2 end 
 POWELL: number of degrees of freedom=   342
 --------------- cycle=     2 ------ stepsize=    0.0004 -----------------------
 | Etotal =49.006     grad(E)=7.002      E(ONEB)=49.006                        |
 -------------------------------------------------------------------------------
 --------------- cycle=     4 ------ stepsize=    0.0039 -----------------------
 | Etotal =14.144     grad(E)=3.098      E(ONEB)=14.144                        |
 -------------------------------------------------------------------------------
 --------------- cycle=     6 ------ stepsize=    0.0062 -----------------------
 | Etotal =1.517      grad(E)=1.501      E(ONEB)=1.517                         |
 -------------------------------------------------------------------------------
 --------------- cycle=     8 ------ stepsize=    0.0053 -----------------------
 | Etotal =0.148      grad(E)=0.367      E(ONEB)=0.148                         |
 -------------------------------------------------------------------------------
 --------------- cycle=    10 ------ stepsize=    0.0076 -----------------------
 | Etotal =0.127      grad(E)=0.496      E(ONEB)=0.127                         |
 -------------------------------------------------------------------------------
 POWELL: STEP number limit. Normal termination
 POWELL: Current coordinates set to last minimum
 CNSsolve> 
 CNSsolve>onebond  print threshold=1.0 end 
The following one-bond couplings have
delta J greater than the cutoff:
  (calculated J) (observed J) (delta J)
class ALL     
  RMS diff. =   0.136, #(violat.> 1.00)=    0. of      2 J-couplings
 CNSsolve>evaluate ($end_rms_oneb = $rms) 
 EVALUATE: symbol $END_RMS_ONEB set to   0.136416     (real)
 CNSsolve>evaluate ($end_viols_oneb = $violations) 
 EVALUATE: symbol $END_VIOLS_ONEB set to    0.00000     (real)
 CNSsolve> 
 CNSsolve>display $rms_oneb $viols_oneb 
5.30457 2
 CNSsolve>display $end_rms_oneb $end_viols_oneb 
0.136416 0
 CNSsolve> 
 CNSsolve> 
 CNSsolve>stop 
          ============================================================
           Maximum dynamic memory allocation:     8260304 bytes
           Maximum dynamic memory overhead:           496 bytes
           Program started at: 16:08:04 on 05-Jul-2018
           Program stopped at: 16:08:04 on 05-Jul-2018
           CPU time used:       0.0261 seconds
          ============================================================
