          ============================================================
          |                                                          |
          |            Crystallography & NMR System (CNS)            |
          |                         CNSsolve                         |
          |                                                          |
          ============================================================
           Version: 1.3
           Status: General release
          ============================================================
           Written by: A.T.Brunger, P.D.Adams, G.M.Clore, W.L.DeLano,
                       P.Gros, R.W.Grosse-Kunstleve,J.-S.Jiang,J.M.Krahn,
                       J.Kuszewski, M.Nilges, N.S.Pannu, R.J.Read,
                       L.M.Rice, G.F.Schroeder, T.Simonson, G.L.Warren.
           Copyright (c) 1997-2010 Yale University
          ============================================================
           Running on machine: lewis4-r710-login-node223 (x86_64/Linux,64-bit)
                               with 16 threads
           Program started by: oeow39
           Program started at: 16:08:05 on 05-Jul-2018
          ============================================================

 FFT3C: Using FFTPACK4.1

 CNSsolve>remarks POWELLTES 
 CNSsolve>remarks Test case for POWELL-method minimizer 
 CNSsolve> 
 CNSsolve>topology @CNS_TOPPAR:protein.top  @CNS_TOPPAR:water.top end 
 ASSFIL: file protein.top opened.
 RTFRDR>remarks file toppar/protein.top 
 RTFRDR>remarks   protein topology with polar hydrogens 
 RTFRDR> 
 RTFRDR>! 
 RTFRDR>! Please cite the following reference when using these parameters: 
 RTFRDR>! Engh, R.A. and  Huber, R. (1991). Accurate Bond and 
 RTFRDR>!  Angle Parameters for X-ray Protein-Structure Refinement, 
 RTFRDR>!  Acta Cryst. A47, 392-400. 
 RTFRDR>! 
 RTFRDR>! 
 RTFRDR> 
 RTFRDR>set message ? end eval ($old_message=$result) set echo ? end eval ($old_echo=$result) 
 MESSage=NORM
 EVALUATE: symbol $OLD_MESSAGE set to "NORM" (string)
 ECHO=TRUE {ON}
 EVALUATE: symbol $OLD_ECHO set to TRUE (logical)
 RTFRDR>set message=off echo=off end 
 RTFRDR> 
 RTFRDR> 
 RTFRDR>  @CNS_TOPPAR:water.top end 
 ASSFIL: file water.top opened.
 RTFRDR>remarks file toppar/water.top 
 RTFRDR>remarks   water topology for crystallographic structure determination 
 RTFRDR>remarks   based on Jorgensen Tip3p water model 
 RTFRDR> 
 RTFRDR>set message ? end eval ($old_message=$result) set echo ? end eval ($old_echo=$result) 
 MESSage=NORM
 EVALUATE: symbol $OLD_MESSAGE set to "NORM" (string)
 ECHO=TRUE {ON}
 EVALUATE: symbol $OLD_ECHO set to TRUE (logical)
 RTFRDR>set message=off echo=off end 
 RTFRDR> 
 RTFRDR> end 
 CNSsolve>parameter @CNS_TOPPAR:protein.param  @CNS_TOPPAR:water.param end 
 ASSFIL: file protein.param opened.
 PARRDR>remarks file toppar/protein.param 
 PARRDR>remarks   protein parameters with Lennard-Jones van der Waals parameters 
 PARRDR>remarks   for crystallographic structure determination 
 PARRDR> 
 PARRDR>! 
 PARRDR>! Please cite the following reference when using these parameters: 
 PARRDR>! Engh, R.A. and  Huber, R. (1991). Accurate Bond and 
 PARRDR>!  Angle Parameters for X-ray Protein-Structure Refinement, 
 PARRDR>!  Acta Cryst. A47, 392-400. 
 PARRDR>! 
 PARRDR>! 
 PARRDR> 
 PARRDR>set message ? end eval ($old_message=$result) set echo ? end eval ($old_echo=$result) 
 MESSage=NORM
 EVALUATE: symbol $OLD_MESSAGE set to "NORM" (string)
 ECHO=TRUE {ON}
 EVALUATE: symbol $OLD_ECHO set to TRUE (logical)
 PARRDR>set message=off echo=off end 
 PARRDR> 
 PARRDR>  @CNS_TOPPAR:water.param end 
 ASSFIL: file water.param opened.
 PARRDR>remarks file toppar/water.param 
 PARRDR>remarks   water parameters for structure determination 
 PARRDR>remarks 
 PARRDR>remarks   available: Jorgensen TIPS3P model 
 PARRDR> 
 PARRDR>set message ? end eval ($old_message=$result) set echo ? end eval ($old_echo=$result) 
 MESSage=NORM
 EVALUATE: symbol $OLD_MESSAGE set to "NORM" (string)
 ECHO=TRUE {ON}
 EVALUATE: symbol $OLD_ECHO set to TRUE (logical)
 PARRDR>set message=off echo=off end 
 PARRDR> 
 PARRDR> end 
 CNSsolve> 
 CNSsolve> 
 CNSsolve>segment 
 SEGMENT>   name=main 
 SEGMENT>   chain 
 CHAIN>      @CNS_TOPPAR:protein.link 
 ASSFIL: file protein.link opened.
 CHAIN>remarks file toppar/protein.link 
 CHAIN>remarks 
 CHAIN>remarks this is a macro to define standard protein peptide bonds 
 CHAIN>remarks and termini to generate a protein sequence. 
 CHAIN> 
 CHAIN>set message ? end eval ($old_message=$result) set echo ? end eval ($old_echo=$result) 
 MESSage=NORM
 EVALUATE: symbol $OLD_MESSAGE set to "NORM" (string)
 ECHO=TRUE {ON}
 EVALUATE: symbol $OLD_ECHO set to TRUE (logical)
 CHAIN>set message=off echo=off end 
 CHAIN>     { PTI sequence } 
 CHAIN>     SEQUENCE 
 SEQUENCE>        ARG PRO ASP PHE CYS LEU GLU PRO PRO TYR THR GLY PRO CYS LYS ALA 
 SEQUence-element (terminate with END) =        ARG ILE ILE ARG TYR PHE TYR ASN ALA LYS ALA GLY LEU CYS GLN THR 
 SEQUence-element (terminate with END) =        PHE VAL TYR GLY GLY CYS ARG ALA LYS ARG ASN ASN PHE LYS SER ALA 
 SEQUence-element (terminate with END) =        GLU ASP CYS MET ARG THR CYS GLY GLY ALA 
 SEQUence-element (terminate with END) =     end 
 SEGMNT:    58 residues were inserted into segment "MAIN"
 CHAIN>   end 
 SEGMENT>end 
 Status of internal molecular topology database:
 -> NATOM=        568(MAXA=     1000000)  NBOND=        579(MAXB=     1000000)
 -> NTHETA=       828(MAXT=     2000000)  NGRP=          60(MAXGRP=   1000000)
 -> NPHI=         342(MAXP=     2000000)  NIMPHI=       283(MAXIMP=   1000000)
 -> NNB=            0(MAXNB=    1000000) 
 CNSsolve> 
 CNSsolve>patch disu reference 1 ( atom main 5 * ) reference 2 ( atom main 55 * )  end 
 SELRPN:      7 atoms have been selected out of    568
 SELRPN:      7 atoms have been selected out of    568
 Status of internal molecular topology database:
 -> NATOM=        568(MAXA=     1000000)  NBOND=        580(MAXB=     1000000)
 -> NTHETA=       830(MAXT=     2000000)  NGRP=          62(MAXGRP=   1000000)
 -> NPHI=         345(MAXP=     2000000)  NIMPHI=       283(MAXIMP=   1000000)
 -> NNB=            0(MAXNB=    1000000) 
 CNSsolve>patch disu reference 1 ( atom main 14 * ) reference 2 ( atom main 38 * )  end 
 SELRPN:      7 atoms have been selected out of    568
 SELRPN:      7 atoms have been selected out of    568
 Status of internal molecular topology database:
 -> NATOM=        568(MAXA=     1000000)  NBOND=        581(MAXB=     1000000)
 -> NTHETA=       832(MAXT=     2000000)  NGRP=          64(MAXGRP=   1000000)
 -> NPHI=         348(MAXP=     2000000)  NIMPHI=       283(MAXIMP=   1000000)
 -> NNB=            0(MAXNB=    1000000) 
 CNSsolve>patch disu reference 1 ( atom main 30 * ) reference 2 ( atom main 51 * )  end 
 SELRPN:      7 atoms have been selected out of    568
 SELRPN:      7 atoms have been selected out of    568
 Status of internal molecular topology database:
 -> NATOM=        568(MAXA=     1000000)  NBOND=        582(MAXB=     1000000)
 -> NTHETA=       834(MAXT=     2000000)  NGRP=          66(MAXGRP=   1000000)
 -> NPHI=         351(MAXP=     2000000)  NIMPHI=       283(MAXIMP=   1000000)
 -> NNB=            0(MAXNB=    1000000) 
 CNSsolve> 
 CNSsolve> 
 CNSsolve>! 
 CNSsolve>segment 
 SEGMENT>   name=solv 
 SEGMENT>   chain 
 CHAIN>      sequence TIP  TIP  TIP  TIP  end 
 SEGMNT:     4 residues were inserted into segment "SOLV"
 CHAIN>   end 
 SEGMENT>end 
 Status of internal molecular topology database:
 -> NATOM=        580(MAXA=     1000000)  NBOND=        590(MAXB=     1000000)
 -> NTHETA=       838(MAXT=     2000000)  NGRP=          70(MAXGRP=   1000000)
 -> NPHI=         351(MAXP=     2000000)  NIMPHI=       283(MAXIMP=   1000000)
 -> NNB=            0(MAXNB=    1000000) 
 CNSsolve> 
 CNSsolve> 
 CNSsolve> 
 CNSsolve>coor 
 COOR>ATOM      1  HT1 ARG     1      27.077  26.629  -3.076  1.00  0.00      MAIN 
 COOR>ATOM      2  HT2 ARG     1      27.163  28.116  -2.262  1.00  0.00      MAIN 
 CNSsolve> 
 CNSsolve>coordinates copy end 
 COOR: selected main coordinates copied to comp
 CNSsolve> 
 CNSsolve>do (refx=x) ( all ) 
 SELRPN:    580 atoms have been selected out of    580
 CNSsolve>do (refy=y) ( all ) 
 SELRPN:    580 atoms have been selected out of    580
 CNSsolve>do (refz=z) ( all ) 
 SELRPN:    580 atoms have been selected out of    580
 CNSsolve>do (cons=10.0) ( all ) 
 SELRPN:    580 atoms have been selected out of    580
 CNSsolve>flags incl harm end 
 CNSsolve> 
 CNSsolve>fix selection=( resid 5 ) end 
 SELRPN:      7 atoms have been selected out of    580
 CNSsolve>igroup 
 IGROup>   interaction=( not resid 5 )=( all ) 
 SELRPN:    573 atoms have been selected out of    580
 SELRPN:    580 atoms have been selected out of    580
 IGROup>end 
 CNSsolve> 
 CNSsolve>parameter 
 PARRDR>  nbonds 
 NBDSET>     atom cdie shift vswitch cutnb=9.0 ctofnb=8.0 ctonnb=7.5 
 NBDSET>     nbxmod=5 eps=1.0 
 NBDSET>  end 
 PARRDR>end 
 CNSsolve> 
 CNSsolve> 
 CNSsolve>minimize powell 
 POWELL>    nstep 12 step 1.0 tolgradient 0.05 
 POWELL>end 
 POWELL: number of degrees of freedom=  1719
 NBONDS: generating intra-molecular exclusion list with mode= 5
 MAKINB: mode   5 found   1416 exclusions and   1017 interactions(1-4)
 NBONDS: found    31200 intra-atom interactions
 --------------- cycle=     1 ------ stepsize=    0.0000 -----------------------
 | Etotal =-26.346    grad(E)=97.840     E(BOND)=209.965    E(ANGL)=567.383    |
 | E(DIHE)=880.972    E(IMPR)=113.258    E(VDW )=-160.180   E(ELEC)=-1637.744  |
 | E(HARM)=0.000                                                               |
 -------------------------------------------------------------------------------
 --------------- cycle=     2 ------ stepsize=    0.0000 -----------------------
 | Etotal =-120.420   grad(E)=89.954     E(BOND)=191.430    E(ANGL)=541.399    |
 | E(DIHE)=855.646    E(IMPR)=89.785     E(VDW )=-160.865   E(ELEC)=-1637.822  |
 | E(HARM)=0.006                                                               |
 -------------------------------------------------------------------------------
 --------------- cycle=     3 ------ stepsize=    0.0001 -----------------------
 | Etotal =-604.602   grad(E)=54.927     E(BOND)=94.643     E(ANGL)=379.130    |
 | E(DIHE)=666.284    E(IMPR)=59.641     E(VDW )=-166.355   E(ELEC)=-1638.527  |
 | E(HARM)=0.582                                                               |
 -------------------------------------------------------------------------------
 --------------- cycle=     4 ------ stepsize=    0.0001 -----------------------
 | Etotal =-825.725   grad(E)=33.315     E(BOND)=77.774     E(ANGL)=312.436    |
 | E(DIHE)=552.900    E(IMPR)=41.269     E(VDW )=-171.021   E(ELEC)=-1640.292  |
 | E(HARM)=1.208                                                               |
 -------------------------------------------------------------------------------
 --------------- cycle=     5 ------ stepsize=    0.0000 -----------------------
 | Etotal =-851.683   grad(E)=43.931     E(BOND)=81.427     E(ANGL)=294.403    |
 | E(DIHE)=507.980    E(IMPR)=76.991     E(VDW )=-173.017   E(ELEC)=-1641.138  |
 | E(HARM)=1.671                                                               |
 -------------------------------------------------------------------------------
 --------------- cycle=     6 ------ stepsize=    0.0001 -----------------------
 | Etotal =-1008.507  grad(E)=28.620     E(BOND)=86.687     E(ANGL)=257.658    |
 | E(DIHE)=398.929    E(IMPR)=69.069     E(VDW )=-179.752   E(ELEC)=-1644.602  |
 | E(HARM)=3.505                                                               |
 -------------------------------------------------------------------------------
 --------------- cycle=     7 ------ stepsize=    0.0000 -----------------------
 | Etotal =-1009.659  grad(E)=30.869     E(BOND)=89.064     E(ANGL)=256.948    |
 | E(DIHE)=391.259    E(IMPR)=74.571     E(VDW )=-180.299   E(ELEC)=-1644.926  |
 | E(HARM)=3.725                                                               |
 -------------------------------------------------------------------------------
 --------------- cycle=     8 ------ stepsize=    0.0001 -----------------------
 | Etotal =-1084.922  grad(E)=33.082     E(BOND)=57.497     E(ANGL)=232.132    |
 | E(DIHE)=360.216    E(IMPR)=91.106     E(VDW )=-184.238   E(ELEC)=-1646.430  |
 | E(HARM)=4.794                                                               |
 -------------------------------------------------------------------------------
 --------------- cycle=     9 ------ stepsize=    0.0000 -----------------------
 | Etotal =-1084.942  grad(E)=32.567     E(BOND)=57.740     E(ANGL)=232.310    |
 | E(DIHE)=360.620    E(IMPR)=90.204     E(VDW )=-184.182   E(ELEC)=-1646.406  |
 | E(HARM)=4.772                                                               |
 -------------------------------------------------------------------------------
 --------------- cycle=    10 ------ stepsize=    0.0001 -----------------------
 | Etotal =-1126.248  grad(E)=33.042     E(BOND)=47.150     E(ANGL)=219.000    |
 | E(DIHE)=338.637    E(IMPR)=98.657     E(VDW )=-188.377   E(ELEC)=-1647.675  |
 | E(HARM)=6.360                                                               |
 -------------------------------------------------------------------------------
 --------------- cycle=    11 ------ stepsize=    0.0000 -----------------------
 | Etotal =-1136.820  grad(E)=20.989     E(BOND)=45.192     E(ANGL)=219.472    |
 | E(DIHE)=344.665    E(IMPR)=82.556     E(VDW )=-187.213   E(ELEC)=-1647.279  |
 | E(HARM)=5.786                                                               |
 -------------------------------------------------------------------------------
 --------------- cycle=    12 ------ stepsize=    0.0001 -----------------------
 | Etotal =-1169.258  grad(E)=15.031     E(BOND)=37.987     E(ANGL)=205.483    |
 | E(DIHE)=335.222    E(IMPR)=82.619     E(VDW )=-189.167   E(ELEC)=-1647.886  |
 | E(HARM)=6.484                                                               |
 -------------------------------------------------------------------------------
 POWELL: STEP number limit. Normal termination
 POWELL: Current coordinates set to last minimum
 CNSsolve>! 
 CNSsolve>! 
 CNSsolve>coor rms selection=( hydrogen  ) end 
 SELRPN:    122 atoms have been selected out of    580
 COOR: using atom subset.
 COOR: ATTENTION: atom rms differences copied to RMSD array. 
 COOR: rms=     0.009843, square sum=       0.0118, denominator=     122.0000
 CNSsolve>coor rms selection=( not ( hydrogen ) ) end 
 SELRPN:    458 atoms have been selected out of    580
 COOR: using atom subset.
 COOR: ATTENTION: atom rms differences copied to RMSD array. 
 COOR: rms=     0.037281, square sum=       0.6366, denominator=     458.0000
 CNSsolve>coor rms selection=( resid 5 ) end 
 SELRPN:      7 atoms have been selected out of    580
 COOR: using atom subset.
 COOR: ATTENTION: atom rms differences copied to RMSD array. 
 COOR: rms=     0.000000, square sum=       0.0000, denominator=       7.0000
 CNSsolve>do ( b=rmsd ) ( all ) 
 SELRPN:    580 atoms have been selected out of    580
 CNSsolve> 
 CNSsolve>write coor selection=( resid 4:6 or resid 21:23 or segid solv ) end 
 SELRPN:     80 atoms have been selected out of    580
 CWRITE: using atom subset.
REMARK FILENAME="OUTPUT"
REMARK file toppar/protein.link
REMARK this is a macro to define standard protein peptide bonds
REMARK and termini to generate a protein sequence.
REMARK DATE:05-Jul-2018  16:08:05       created by user: oeow39
REMARK VERSION:1.3
ATOM     36  N   PHE     4      25.348  22.134   4.059  1.00  0.03      MAIN
ATOM     37  H   PHE     4      25.581  23.051   4.268  1.00  0.01      MAIN
ATOM     38  CA  PHE     4      24.178  21.520   4.682  1.00  0.03      MAIN
ATOM     39  CB  PHE     4      23.761  22.317   5.913  1.00  0.04      MAIN
ATOM     40  CG  PHE     4      23.235  23.678   5.610  1.00  0.03      MAIN
ATOM     41  CD1 PHE     4      22.009  23.823   4.973  1.00  0.05      MAIN
ATOM     42  CD2 PHE     4      23.937  24.814   5.988  1.00  0.02      MAIN
ATOM     43  CE1 PHE     4      21.486  25.074   4.712  1.00  0.03      MAIN
ATOM     44  CE2 PHE     4      23.413  26.084   5.734  1.00  0.05      MAIN
ATOM     45  CZ  PHE     4      22.182  26.208   5.090  1.00  0.01      MAIN
ATOM     46  C   PHE     4      23.039  21.321   3.678  1.00  0.06      MAIN
ATOM     47  O   PHE     4      22.029  20.714   3.965  1.00  0.06      MAIN
ATOM     48  N   CYS     5      23.111  22.047   2.589  1.00  0.00      MAIN
ATOM     49  H   CYS     5      23.825  22.710   2.493  1.00  0.00      MAIN
ATOM     50  CA  CYS     5      22.174  21.827   1.482  1.00  0.00      MAIN
ATOM     51  C   CYS     5      22.204  20.461   0.802  1.00  0.00      MAIN
ATOM     52  O   CYS     5      21.259  20.083   0.099  1.00  0.00      MAIN
ATOM     53  CB  CYS     5      22.342  22.861   0.400  1.00  0.00      MAIN
ATOM     54  SG  CYS     5      22.120  24.593   0.905  1.00  0.00      MAIN
ATOM     55  N   LEU     6      23.282  19.709   1.042  1.00  0.04      MAIN
ATOM     56  H   LEU     6      24.022  20.118   1.550  1.00  0.01      MAIN
ATOM     57  CA  LEU     6      23.439  18.369   0.467  1.00  0.03      MAIN
ATOM     58  CB  LEU     6      24.903  18.085   0.130  1.00  0.02      MAIN
ATOM     59  CG  LEU     6      25.602  19.048  -0.815  1.00  0.02      MAIN
ATOM     60  CD1 LEU     6      26.964  18.479  -1.143  1.00  0.01      MAIN
ATOM     61  CD2 LEU     6      24.790  19.238  -2.077  1.00  0.01      MAIN
ATOM     62  C   LEU     6      22.923  17.239   1.349  1.00  0.04      MAIN
ATOM     63  O   LEU     6      22.944  16.077   0.935  1.00  0.02      MAIN
ATOM    201  N   TYR    21      10.292  22.686   3.353  1.00  0.04      MAIN
ATOM    202  H   TYR    21      10.486  23.477   3.890  1.00  0.01      MAIN
ATOM    203  CA  TYR    21      11.024  22.466   2.120  1.00  0.01      MAIN
ATOM    204  CB  TYR    21      11.014  23.723   1.251  1.00  0.03      MAIN
ATOM    205  CG  TYR    21       9.672  24.023   0.622  1.00  0.02      MAIN
ATOM    206  CD1 TYR    21       8.638  24.573   1.382  1.00  0.04      MAIN
ATOM    207  CE1 TYR    21       7.388  24.807   0.823  1.00  0.04      MAIN
ATOM    208  CD2 TYR    21       9.424  23.717  -0.708  1.00  0.02      MAIN
ATOM    209  CE2 TYR    21       8.172  23.949  -1.281  1.00  0.03      MAIN
ATOM    210  CZ  TYR    21       7.158  24.490  -0.506  1.00  0.02      MAIN
ATOM    211  OH  TYR    21       5.910  24.711  -1.062  1.00  0.01      MAIN
ATOM    212  HH  TYR    21       5.323  25.066  -0.393  1.00  0.00      MAIN
ATOM    213  C   TYR    21      12.461  22.085   2.398  1.00  0.06      MAIN
ATOM    214  O   TYR    21      13.047  22.482   3.408  1.00  0.01      MAIN
ATOM    215  N   PHE    22      12.994  21.226   1.546  1.00  0.08      MAIN
ATOM    216  H   PHE    22      12.425  20.748   0.906  1.00  0.01      MAIN
ATOM    217  CA  PHE    22      14.395  20.834   1.658  1.00  0.02      MAIN
ATOM    218  CB  PHE    22      14.552  19.416   2.220  1.00  0.03      MAIN
ATOM    219  CG  PHE    22      14.261  18.313   1.220  1.00  0.02      MAIN
ATOM    220  CD1 PHE    22      15.297  17.693   0.531  1.00  0.05      MAIN
ATOM    221  CD2 PHE    22      12.953  17.876   0.998  1.00  0.02      MAIN
ATOM    222  CE1 PHE    22      15.048  16.660  -0.359  1.00  0.03      MAIN
ATOM    223  CE2 PHE    22      12.694  16.830   0.106  1.00  0.06      MAIN
ATOM    224  CZ  PHE    22      13.751  16.224  -0.573  1.00  0.01      MAIN
ATOM    225  C   PHE    22      14.971  20.907   0.245  1.00  0.08      MAIN
ATOM    226  O   PHE    22      14.223  20.809  -0.740  1.00  0.01      MAIN
ATOM    227  N   TYR    23      16.261  21.215   0.144  1.00  0.09      MAIN
ATOM    228  H   TYR    23      16.710  21.586   0.942  1.00  0.01      MAIN
ATOM    229  CA  TYR    23      16.933  21.265  -1.150  1.00  0.04      MAIN
ATOM    230  CB  TYR    23      18.179  22.164  -1.093  1.00  0.02      MAIN
ATOM    231  CG  TYR    23      18.877  22.297  -2.435  1.00  0.02      MAIN
ATOM    232  CD1 TYR    23      20.097  21.660  -2.669  1.00  0.03      MAIN
ATOM    233  CE1 TYR    23      20.758  21.808  -3.882  1.00  0.04      MAIN
ATOM    234  CD2 TYR    23      18.337  23.080  -3.447  1.00  0.01      MAIN
ATOM    235  CE2 TYR    23      18.992  23.234  -4.669  1.00  0.03      MAIN
ATOM    236  CZ  TYR    23      20.206  22.598  -4.876  1.00  0.02      MAIN
ATOM    237  OH  TYR    23      20.874  22.755  -6.080  1.00  0.02      MAIN
ATOM    238  HH  TYR    23      20.272  23.184  -6.697  1.00  0.01      MAIN
ATOM    239  C   TYR    23      17.351  19.839  -1.532  1.00  0.04      MAIN
ATOM    240  O   TYR    23      18.006  19.125  -0.763  1.00  0.02      MAIN
ATOM    569  OH2 TIP     1      10.694  15.708  14.390  1.00  0.01      SOLV
ATOM    570  H1  TIP     1      11.517  16.231  14.440  1.00  0.02      SOLV
ATOM    571  H2  TIP     1      10.583  15.391  13.466  1.00  0.02      SOLV
ATOM    572  OH2 TIP     2      14.922  18.804   9.508  1.00  0.01      SOLV
ATOM    573  H1  TIP     2      15.405  18.767   8.639  1.00  0.02      SOLV
ATOM    574  H2  TIP     2      14.446  17.960   9.619  1.00  0.03      SOLV
ATOM    575  OH2 TIP     3      18.725  17.862   6.692  1.00  0.01      SOLV
ATOM    576  H1  TIP     3      19.540  18.329   6.981  1.00  0.02      SOLV
ATOM    577  H2  TIP     3      18.990  17.078   6.172  1.00  0.02      SOLV
ATOM    578  OH2 TIP     4      16.174  18.471   7.044  1.00  0.02      SOLV
ATOM    579  H1  TIP     4      16.115  19.203   6.399  1.00  0.03      SOLV
ATOM    580  H2  TIP     4      17.122  18.146   7.003  1.00  0.02      SOLV
END
 CNSsolve> 
 CNSsolve>stop 
          ============================================================
           Maximum dynamic memory allocation:     8831440 bytes
           Maximum dynamic memory overhead:          1744 bytes
           Program started at: 16:08:05 on 05-Jul-2018
           Program stopped at: 16:08:05 on 05-Jul-2018
           CPU time used:       0.0527 seconds
          ============================================================
