          ============================================================
          |                                                          |
          |            Crystallography & NMR System (CNS)            |
          |                         CNSsolve                         |
          |                                                          |
          ============================================================
           Version: 1.3
           Status: General release
          ============================================================
           Written by: A.T.Brunger, P.D.Adams, G.M.Clore, W.L.DeLano,
                       P.Gros, R.W.Grosse-Kunstleve,J.-S.Jiang,J.M.Krahn,
                       J.Kuszewski, M.Nilges, N.S.Pannu, R.J.Read,
                       L.M.Rice, G.F.Schroeder, T.Simonson, G.L.Warren.
           Copyright (c) 1997-2010 Yale University
          ============================================================
           Running on machine: lewis4-r710-login-node223 (x86_64/Linux,64-bit)
                               with 16 threads
           Program started by: oeow39
           Program started at: 16:08:05 on 05-Jul-2018
          ============================================================

 FFT3C: Using FFTPACK4.1

 CNSsolve>remarks file: test_carb.inp 
 CNSsolve>remarks test file for carbon chemical shift refinement code 
 CNSsolve>remarks 
 CNSsolve> 
 CNSsolve>parameter                                             { set energy parameters } 
 PARRDR>    @CNS_TOPPAR:protein-allhdg5-4.param 
 ASSFIL: file protein-allhdg5-4.param opened.
 PARRDR>remarks file toppar/protein-allhdg5-4.param 
 PARRDR>remark 
 PARRDR>remark   for file protein-allhdg-ucl.top  version UCL  date 14-MAR-00 
 PARRDR>remark   for file protein-allhdg-dih-ucl.top  version UCL  date 07-JUL-01 
 PARRDR>remark   Geometric energy function parameters for distance geometry and 
 PARRDR>remark   simulated annealing. 
 PARRDR>remark   Original author: Michael Nilges, EMBL Heidelberg 
 PARRDR>remark   Modifications: Mark A. Williams, UCL London 
 PARRDR>remark   Several modifications for HADDOCK: Alexandre Bonvin, Utrecht Uni 
 PARRDR>remark   Last modification 8-19-2011 
 PARRDR> 
 PARRDR>set message ? end eval ($old_message=$result) set echo ? end eval ($old_echo=$result) 
 MESSage=NORM
 EVALUATE: symbol $OLD_MESSAGE set to "NORM" (string)
 ECHO=TRUE {ON}
 EVALUATE: symbol $OLD_ECHO set to TRUE (logical)
 PARRDR>set message=off echo=off end 
 PARRDR> 
 PARRDR>    nbonds 
 NBDSET>        atom  nbxmod -3  tolerance 0.5 
 NBDSET>        repel 0.75  rcon 4.0  rexp 2  cutnb 4.5 
 NBDSET>    end 
 PARRDR>end 
 %PARRDR-info: duplication of bond HC   NC2 
 %PARRDR-info: duplication of angle CH2P CH2E HA  
 CNSsolve> 
 CNSsolve>structure 
 STRUcture>data_cns_mtf 
 REMARKS FILENAME="/data/rwgk/test/tmp.mtf"
 REMARKS DATE:18-Nov-98  14:17:43       created by user: rwgk
 REMARKS VERSION:0.4a
 Status of internal molecular topology database:
 -> NATOM=         74(MAXA=     1000000)  NBOND=         73(MAXB=     1000000)
 -> NTHETA=       134(MAXT=     2000000)  NGRP=          28(MAXGRP=   1000000)
 -> NPHI=          11(MAXP=     2000000)  NIMPHI=        30(MAXIMP=   1000000)
 -> NNB=           18(MAXNB=    1000000) 
 STRUcture> 
 STRUcture>end 
 CNSsolve>coor 
 COOR>ATOM      1  N   MET     1      -8.549  -2.707   9.520  1.00  0.73 
 COOR>ATOM      2  HT1 MET     1      -9.495  -2.716   9.949  1.00  1.32 
 CNSsolve> 
 CNSsolve>set message off echo off end 
Setting size of two-D class PHI_PSI_ALL to     45 by     45
Setting phase corrs for 2D class PHI_PSI_ALL to (in radians)
   0.000   0.000   3.142
   0.000   0.000   3.142
Setting size of two-D class CHI1_CHI2_LYS to     45 by     45
Setting phase corrs for 2D class CHI1_CHI2_LYS to (in radians)
   0.000   6.283   0.000
   0.000   6.283   0.000
Setting size of one-D class CHI1_LYS to     45
Setting phase corrs for 1D class CHI1_LYS to (in radians)
   0.000   6.283   0.000
Setting size of one-D class CHI3_LYS to     45
Setting phase corrs for 1D class CHI3_LYS to (in radians)
   0.000   6.283   0.000
Setting size of one-D class CHI4_LYS to     45
Setting phase corrs for 1D class CHI4_LYS to (in radians)
   0.000   6.283   0.000
Setting size of three-D class PHI_PSI_CHI1_LYS to 
    36 by     36 by     36
Setting phase corrs for 3D class PHI_PSI_CHI1_LYS to (in radians)
   0.000   0.000   3.142
   0.000   0.000   3.142
   0.000   6.283   0.000
Setting force const for class PHI_PSI_ALL to    2.000
Setting force const for class CHI1_CHI2_LYS to    2.000
Setting force const for class CHI1_LYS to    2.000
Setting force const for class CHI3_LYS to    2.000
Setting force const for class CHI4_LYS to    2.000
Setting force const for class PHI_PSI_CHI1_LYS to    2.000
 CNSsolve> 
 CNSsolve> 
 CNSsolve>flag excl * include rama end 
 CNSsolve>energy end 
 --------------- cycle=     1 --------------------------------------------------
 | Etotal =8.963      grad(E)=0.869      E(RAMA)=8.963                         |
 -------------------------------------------------------------------------------
 CNSsolve>minimize powells nstep=100 drop=10. nprint=1 end 
 POWELL: number of degrees of freedom=   222
 --------------- cycle=     1 ------ stepsize=    0.0000 -----------------------
 | Etotal =8.963      grad(E)=0.869      E(RAMA)=8.963                         |
 -------------------------------------------------------------------------------
 --------------- cycle=     2 ------ stepsize=    0.0596 -----------------------
 | Etotal =17.567     grad(E)=0.683      E(RAMA)=17.567                        |
 -------------------------------------------------------------------------------
 --------------- cycle=     3 ------ stepsize=    0.0100 -----------------------
 | Etotal =8.859      grad(E)=1.601      E(RAMA)=8.859                         |
 -------------------------------------------------------------------------------
 --------------- cycle=     4 ------ stepsize=   -0.0042 -----------------------
 | Etotal =8.457      grad(E)=0.879      E(RAMA)=8.457                         |
 -------------------------------------------------------------------------------
 --------------- cycle=     5 ------ stepsize=   -0.0029 -----------------------
 | Etotal =8.634      grad(E)=0.559      E(RAMA)=8.634                         |
 -------------------------------------------------------------------------------
 --------------- cycle=     6 ------ stepsize=   -0.0006 -----------------------
 | Etotal =8.409      grad(E)=0.581      E(RAMA)=8.409                         |
 -------------------------------------------------------------------------------
 --------------- cycle=     7 ------ stepsize=    0.0001 -----------------------
 | Etotal =8.414      grad(E)=0.879      E(RAMA)=8.414                         |
 -------------------------------------------------------------------------------
 --------------- cycle=     8 ------ stepsize=    0.0000 -----------------------
 | Etotal =8.407      grad(E)=0.879      E(RAMA)=8.407                         |
 -------------------------------------------------------------------------------
 --------------- cycle=     9 ------ stepsize=    0.0000 -----------------------
 | Etotal =8.407      grad(E)=0.581      E(RAMA)=8.407                         |
 -------------------------------------------------------------------------------
 --------------- cycle=    10 ------ stepsize=    0.0000 -----------------------
 | Etotal =8.407      grad(E)=0.581      E(RAMA)=8.407                         |
 -------------------------------------------------------------------------------
 --------------- cycle=    11 ------ stepsize=    0.0000 -----------------------
 | Etotal =8.407      grad(E)=0.879      E(RAMA)=8.407                         |
 -------------------------------------------------------------------------------
 --------------- cycle=    12 ------ stepsize=    0.0000 -----------------------
 | Etotal =8.407      grad(E)=0.879      E(RAMA)=8.407                         |
 -------------------------------------------------------------------------------
 --------------- cycle=    13 ------ stepsize=    0.0000 -----------------------
 | Etotal =8.407      grad(E)=0.879      E(RAMA)=8.407                         |
 -------------------------------------------------------------------------------
 --------------- cycle=    14 ------ stepsize=    0.0000 -----------------------
 | Etotal =8.407      grad(E)=0.879      E(RAMA)=8.407                         |
 -------------------------------------------------------------------------------
 --------------- cycle=    15 ------ stepsize=    0.0000 -----------------------
 | Etotal =8.407      grad(E)=0.581      E(RAMA)=8.407                         |
 -------------------------------------------------------------------------------
 --------------- cycle=    16 ------ stepsize=    0.0000 -----------------------
 | Etotal =8.407      grad(E)=0.581      E(RAMA)=8.407                         |
 -------------------------------------------------------------------------------
 --------------- cycle=    17 ------ stepsize=    0.0000 -----------------------
 | Etotal =8.407      grad(E)=0.879      E(RAMA)=8.407                         |
 -------------------------------------------------------------------------------
 --------------- cycle=    18 ------ stepsize=    0.0000 -----------------------
 | Etotal =8.407      grad(E)=0.879      E(RAMA)=8.407                         |
 -------------------------------------------------------------------------------
 --------------- cycle=    19 ------ stepsize=    0.0000 -----------------------
 | Etotal =8.407      grad(E)=0.879      E(RAMA)=8.407                         |
 -------------------------------------------------------------------------------
 POWELL: Line search terminated
 POWELL: Current coordinates set to last minimum
 CNSsolve>energy end 
 --------------- cycle=     2 --------------------------------------------------
 | Etotal =8.407      grad(E)=0.879      E(RAMA)=8.407                         |
 -------------------------------------------------------------------------------
 CNSsolve> 
 CNSsolve>rama print thresh=1.0 all end 
The following torsion angle DB entries
have energies greater than the cutoff:
class PHI_PSI_ALL
(atom K) (atom P) (energy)
    3   LYS CA      3   LYS C          2.105      47.764     311.500
class CHI1_CHI2_LYS
(atom K) (atom P) (energy)
    3   LYS CB      3   LYS CG         2.424     180.000      83.436
class CHI1_LYS
(atom K) (energy)
class CHI3_LYS
(atom K) (energy)
class CHI4_LYS
(atom K) (energy)
    3   LYS CE         1.356      67.074
class PHI_PSI_CHI1_LYS
(atom K) (atom P) (atomT) (energy)
    3   LYS CA      3   LYS C       3   LYS CB         1.856      47.764     311.500     180.000
RMS energy =           1.627
total energy =           8.407
 CNSsolve> 
 CNSsolve>test first 
 TEST-FIRST>  selection=( resname lys  ) 
 SELRPN:     22 atoms have been selected out of     74
 TEST-FIRST>  tolerance=0.0 step=0.000001 
 TEST-FIRST>end 
 TESTFD: Parameters: STEP=   0.00000  MASSweighting=F
 TESTFD: The following first derivatives differ by more than TOL=    0.000000

  DIM.         ATOM                 ANALYTIC        FINITE-DIFF     DEVIATION
   36 X (      3    LYS  N   )       3.775546       1.614245       2.161301
   36 Y (      3    LYS  N   )       1.762649       1.300189       0.462460
   36 Z (      3    LYS  N   )      -3.692682      -0.605905       3.086778
   37 X (      3    LYS  HN  )       0.000000       0.000000       0.000000
   37 Y (      3    LYS  HN  )       0.000000       0.000000       0.000000
   37 Z (      3    LYS  HN  )       0.000000       0.000000       0.000000
   38 X (      3    LYS  CA  )      -0.046409       2.018509       2.064918
   38 Y (      3    LYS  CA  )       0.625047       1.068451       0.443404
   38 Z (      3    LYS  CA  )       1.924241      -1.021999       2.946240
   39 X (      3    LYS  HA  )       0.000000       0.000000       0.000000
   39 Y (      3    LYS  HA  )       0.000000       0.000000       0.000000
   39 Z (      3    LYS  HA  )       0.000000       0.000000       0.000000
   40 X (      3    LYS  CB  )      -5.252954      -3.026830       2.226124
   40 Y (      3    LYS  CB  )      -1.333910      -0.850495       0.483415
   40 Z (      3    LYS  CB  )       7.400728       4.227547       3.173181
   41 X (      3    LYS  HB1 )       0.000000       0.000000       0.000000
   41 Y (      3    LYS  HB1 )       0.000000       0.000000       0.000000
   41 Z (      3    LYS  HB1 )       0.000000       0.000000       0.000000
   42 X (      3    LYS  HB2 )       0.000000       0.000000       0.000000
   42 Y (      3    LYS  HB2 )       0.000000       0.000000       0.000000
   42 Z (      3    LYS  HB2 )       0.000000       0.000000       0.000000
   43 X (      3    LYS  CG  )       4.202726       2.074627       2.128099
   43 Y (      3    LYS  CG  )       2.100442       1.644971       0.455471
   43 Z (      3    LYS  CG  )      -3.515229      -0.480943       3.034286
   44 X (      3    LYS  HG1 )       0.000000       0.000000       0.000000
   44 Y (      3    LYS  HG1 )       0.000000       0.000000       0.000000
   44 Z (      3    LYS  HG1 )       0.000000       0.000000       0.000000
   45 X (      3    LYS  HG2 )       0.000000       0.000000       0.000000
   45 Y (      3    LYS  HG2 )       0.000000       0.000000       0.000000
   45 Z (      3    LYS  HG2 )       0.000000       0.000000       0.000000
   46 X (      3    LYS  CD  )      -1.641119      -1.641119       0.000000
   46 Y (      3    LYS  CD  )      -1.621493      -1.621493       0.000000
   46 Z (      3    LYS  CD  )      -0.500762      -0.500762       0.000000
   47 X (      3    LYS  HD1 )       0.000000       0.000000       0.000000
   47 Y (      3    LYS  HD1 )       0.000000       0.000000       0.000000
   47 Z (      3    LYS  HD1 )       0.000000       0.000000       0.000000
   48 X (      3    LYS  HD2 )       0.000000       0.000000       0.000000
   48 Y (      3    LYS  HD2 )       0.000000       0.000000       0.000000
   48 Z (      3    LYS  HD2 )       0.000000       0.000000       0.000000
   49 X (      3    LYS  CE  )       0.947382       0.947382       0.000000
   49 Y (      3    LYS  CE  )      -0.110575      -0.110575       0.000000
   49 Z (      3    LYS  CE  )      -1.905699      -1.905699       0.000000
   50 X (      3    LYS  HE1 )       0.000000       0.000000       0.000000
   50 Y (      3    LYS  HE1 )       0.000000       0.000000       0.000000
   50 Z (      3    LYS  HE1 )       0.000000       0.000000       0.000000
   51 X (      3    LYS  HE2 )       0.000000       0.000000       0.000000
   51 Y (      3    LYS  HE2 )       0.000000       0.000000       0.000000
   51 Z (      3    LYS  HE2 )       0.000000       0.000000       0.000000
   52 X (      3    LYS  NZ  )      -0.465007      -0.465007       0.000000
   52 Y (      3    LYS  NZ  )       0.400771       0.400771       0.000000
   52 Z (      3    LYS  NZ  )       1.624522       1.624522       0.000000
   53 X (      3    LYS  HZ1 )       0.000000       0.000000       0.000000
   53 Y (      3    LYS  HZ1 )       0.000000       0.000000       0.000000
   53 Z (      3    LYS  HZ1 )       0.000000       0.000000       0.000000
   54 X (      3    LYS  HZ2 )       0.000000       0.000000       0.000000
   54 Y (      3    LYS  HZ2 )       0.000000       0.000000       0.000000
   54 Z (      3    LYS  HZ2 )       0.000000       0.000000       0.000000
   55 X (      3    LYS  HZ3 )       0.000000       0.000000       0.000000
   55 Y (      3    LYS  HZ3 )       0.000000       0.000000       0.000000
   55 Z (      3    LYS  HZ3 )       0.000000       0.000000       0.000000
   56 X (      3    LYS  C   )      -0.490974      -0.490974       0.000000
   56 Y (      3    LYS  C   )       0.078386       0.078386       0.000000
   56 Z (      3    LYS  C   )      -0.984653      -0.984653       0.000000
   57 X (      3    LYS  O   )       0.000000       0.000000       0.000000
   57 Y (      3    LYS  O   )       0.000000       0.000000       0.000000
   57 Z (      3    LYS  O   )       0.000000       0.000000       0.000000
 TESTFD: A total of     0 elements were within the tolerance
 CNSsolve> 
 CNSsolve>stop 
          ============================================================
           Maximum dynamic memory allocation:    10080880 bytes
           Maximum dynamic memory overhead:         16400 bytes
           Program started at: 16:08:05 on 05-Jul-2018
           Program stopped at: 16:08:06 on 05-Jul-2018
           CPU time used:       0.5185 seconds
          ============================================================
