          ============================================================
          |                                                          |
          |            Crystallography & NMR System (CNS)            |
          |                         CNSsolve                         |
          |                                                          |
          ============================================================
           Version: 1.3
           Status: General release
          ============================================================
           Written by: A.T.Brunger, P.D.Adams, G.M.Clore, W.L.DeLano,
                       P.Gros, R.W.Grosse-Kunstleve,J.-S.Jiang,J.M.Krahn,
                       J.Kuszewski, M.Nilges, N.S.Pannu, R.J.Read,
                       L.M.Rice, G.F.Schroeder, T.Simonson, G.L.Warren.
           Copyright (c) 1997-2010 Yale University
          ============================================================
           Running on machine: lewis4-r710-login-node223 (x86_64/Linux,64-bit)
                               with 16 threads
           Program started by: oeow39
           Program started at: 16:08:06 on 05-Jul-2018
          ============================================================

 FFT3C: Using FFTPACK4.1

 CNSsolve> remarks  file NCSTEST.INP 
 CNSsolve> remarks  TEST OF NCS OPTIONS 
 CNSsolve> 
 CNSsolve> parameter 
 PARRDR>   @CNS_TOPPAR:protein.param 
 ASSFIL: file protein.param opened.
 PARRDR>remarks file toppar/protein.param 
 PARRDR>remarks   protein parameters with Lennard-Jones van der Waals parameters 
 PARRDR>remarks   for crystallographic structure determination 
 PARRDR> 
 PARRDR>! 
 PARRDR>! Please cite the following reference when using these parameters: 
 PARRDR>! Engh, R.A. and  Huber, R. (1991). Accurate Bond and 
 PARRDR>!  Angle Parameters for X-ray Protein-Structure Refinement, 
 PARRDR>!  Acta Cryst. A47, 392-400. 
 PARRDR>! 
 PARRDR>! 
 PARRDR> 
 PARRDR>set message ? end eval ($old_message=$result) set echo ? end eval ($old_echo=$result) 
 MESSage=NORM
 EVALUATE: symbol $OLD_MESSAGE set to "NORM" (string)
 ECHO=TRUE {ON}
 EVALUATE: symbol $OLD_ECHO set to TRUE (logical)
 PARRDR>set message=off echo=off end 
 PARRDR> 
 PARRDR> 
 PARRDR>   nbonds                                       {* this statement specifies  *} 
 NBDSET>      atom cdie shift eps=1.0  e14fac=0.4       {* the nonbonded interaction *} 
 NBDSET>      cutnb=7.5 ctonnb=6.0 ctofnb=6.5           {* energy options.  Note the *} 
 NBDSET>      nbxmod=5 vswitch                          {* reduced nonbonding cutoff *} 
 NBDSET>   end                                          {* to save some CPU time     *} 
 PARRDR> 
 PARRDR> end 
 CNSsolve> 
 CNSsolve> topology @CNS_TOPPAR:protein.top end 
 ASSFIL: file protein.top opened.
 RTFRDR>remarks file toppar/protein.top 
 RTFRDR>remarks   protein topology with polar hydrogens 
 RTFRDR> 
 RTFRDR>! 
 RTFRDR>! Please cite the following reference when using these parameters: 
 RTFRDR>! Engh, R.A. and  Huber, R. (1991). Accurate Bond and 
 RTFRDR>!  Angle Parameters for X-ray Protein-Structure Refinement, 
 RTFRDR>!  Acta Cryst. A47, 392-400. 
 RTFRDR>! 
 RTFRDR>! 
 RTFRDR> 
 RTFRDR>set message ? end eval ($old_message=$result) set echo ? end eval ($old_echo=$result) 
 MESSage=NORM
 EVALUATE: symbol $OLD_MESSAGE set to "NORM" (string)
 ECHO=TRUE {ON}
 EVALUATE: symbol $OLD_ECHO set to TRUE (logical)
 RTFRDR>set message=off echo=off end 
 RTFRDR> 
 RTFRDR> 
 RTFRDR> end 
 CNSsolve> 
 CNSsolve> segment 
 SEGMENT>  name="1   " 
 SEGMENT>  chain 
 CHAIN>    @CNS_TOPPAR:protein.link 
 ASSFIL: file protein.link opened.
 CHAIN>remarks file toppar/protein.link 
 CHAIN>remarks 
 CHAIN>remarks this is a macro to define standard protein peptide bonds 
 CHAIN>remarks and termini to generate a protein sequence. 
 CHAIN> 
 CHAIN>set message ? end eval ($old_message=$result) set echo ? end eval ($old_echo=$result) 
 MESSage=NORM
 EVALUATE: symbol $OLD_MESSAGE set to "NORM" (string)
 ECHO=TRUE {ON}
 EVALUATE: symbol $OLD_ECHO set to TRUE (logical)
 CHAIN>set message=off echo=off end 
 CHAIN>    coordinates 
 COOR>REMARK FILENAME="" 
 COOR>REMARK  Test for NCS options 
 COOR>REMARK orthogonal coordinates     x       y       z      q     b       chain 
 COOR>REMARK DATE:18-JUL-88  18:06:07       created by user: WEIS 
 COOR>ATOM      1  CB  ILE     1      16.575  21.694   9.912  1.00 12.52      1 
 SEGMNT-info: chain termination due to END keyword.     9 residues were inserted into segid "1   "
 CHAIN>  end 
 SEGMENT>end 
 Status of internal molecular topology database:
 -> NATOM=         97(MAXA=     1000000)  NBOND=         97(MAXB=     1000000)
 -> NTHETA=       139(MAXT=     2000000)  NGRP=          11(MAXGRP=   1000000)
 -> NPHI=          55(MAXP=     2000000)  NIMPHI=        42(MAXIMP=   1000000)
 -> NNB=            0(MAXNB=    1000000) 
 CNSsolve> 
 CNSsolve> segment 
 SEGMENT>  name="2   " 
 SEGMENT>  chain 
 CHAIN>    @CNS_TOPPAR:protein.link 
 ASSFIL: file protein.link opened.
 CHAIN>remarks file toppar/protein.link 
 CHAIN>remarks 
 CHAIN>remarks this is a macro to define standard protein peptide bonds 
 CHAIN>remarks and termini to generate a protein sequence. 
 CHAIN> 
 CHAIN>set message ? end eval ($old_message=$result) set echo ? end eval ($old_echo=$result) 
 MESSage=NORM
 EVALUATE: symbol $OLD_MESSAGE set to "NORM" (string)
 ECHO=TRUE {ON}
 EVALUATE: symbol $OLD_ECHO set to TRUE (logical)
 CHAIN>set message=off echo=off end 
 CHAIN>    coordinates 
 COOR>ATOM     98  CB  ILE     1      20.981  23.729   4.684  1.00 12.40      2 
 SEGMNT-info: chain termination due to END keyword.     9 residues were inserted into segid "2   "
 CHAIN>  end 
 SEGMENT>end 
 Status of internal molecular topology database:
 -> NATOM=        194(MAXA=     1000000)  NBOND=        194(MAXB=     1000000)
 -> NTHETA=       278(MAXT=     2000000)  NGRP=          22(MAXGRP=   1000000)
 -> NPHI=         110(MAXP=     2000000)  NIMPHI=        84(MAXIMP=   1000000)
 -> NNB=            0(MAXNB=    1000000) 
 CNSsolve> 
 CNSsolve> segment 
 SEGMENT>  name="3   " 
 SEGMENT>  chain 
 CHAIN>    @CNS_TOPPAR:protein.link 
 ASSFIL: file protein.link opened.
 CHAIN>remarks file toppar/protein.link 
 CHAIN>remarks 
 CHAIN>remarks this is a macro to define standard protein peptide bonds 
 CHAIN>remarks and termini to generate a protein sequence. 
 CHAIN> 
 CHAIN>set message ? end eval ($old_message=$result) set echo ? end eval ($old_echo=$result) 
 MESSage=NORM
 EVALUATE: symbol $OLD_MESSAGE set to "NORM" (string)
 ECHO=TRUE {ON}
 EVALUATE: symbol $OLD_ECHO set to TRUE (logical)
 CHAIN>set message=off echo=off end 
 CHAIN>    coordinates 
 COOR>ATOM    195  CB  ILE     1      21.904  26.165  11.321  1.00 12.12      3 
 SEGMNT-info: chain termination due to END keyword.     9 residues were inserted into segid "3   "
 CHAIN>  end 
 SEGMENT>end 
 Status of internal molecular topology database:
 -> NATOM=        291(MAXA=     1000000)  NBOND=        291(MAXB=     1000000)
 -> NTHETA=       417(MAXT=     2000000)  NGRP=          33(MAXGRP=   1000000)
 -> NPHI=         165(MAXP=     2000000)  NIMPHI=       126(MAXIMP=   1000000)
 -> NNB=            0(MAXNB=    1000000) 
 CNSsolve> 
 CNSsolve>coordinates 
 COOR>REMARK FILENAME="" 
 COOR>REMARK  Test for NCS options 
 COOR>REMARK orthogonal coordinates     x       y       z      q     b       chain 
 COOR>REMARK DATE:18-JUL-88  18:06:07       created by user: WEIS 
 COOR>ATOM      1  CB  ILE     1      16.575  21.694   9.912  1.00 12.52      1 
 COOR>ATOM      2  CG2 ILE     1      16.915  21.468  11.405  1.00 12.06      1 
 CNSsolve> 
 CNSsolve> flags 
 FLAGS>    include ncs 
 FLAGS>    xref pele pvdw 
 FLAGS>    ? 
 EFLAGS: the following energy flags are set
 EFLAGS: BOND ANGL DIHE IMPR VDW  ELEC PVDW PELE NCS  XREF
 FLAGS> end 
 CNSsolve> xray 
 XRAY>   declare name=fobs type=complex domain=reciprocal end 
 XDECLARE: Object FOBS has been declared.
 XRAY>   declare name=fpart domain=reciprocal type=complex end 
 XDECLARE: Object FPART has been declared.
 XRAY>   declare name=fcalc domain=reciprocal type=complex end 
 XDECLARE: Object FCALC has been declared.
 XRAY>   declare name=fom domain=reciprocal type=real end 
 XDECLARE: Object FOM has been declared.
 XRAY>   declare name=weight domain=reciprocal type=real end 
 XDECLARE: Object WEIGHT has been declared.
 XRAY>   declare name=sigma domain=reciprocal type=real end 
 XDECLARE: Object SIGMA has been declared.
 XRAY>   declare name=test domain=reciprocal type=integer end 
 XDECLARE: Object TEST has been declared.
 XRAY> 
 XRAY>  evaluate ($lr=5.) 
 EVALUATE: symbol $LR set to    5.00000     (real)
 XRAY>  evaluate ($hr=2) 
 EVALUATE: symbol $HR set to    2.00000     (real)
 XRAY>  binresolution $lr $hr 
 XRAY>  mapresolution $hr 
 XRAY>  tselection=( $hr <= d <= $lr  ) 
 XRAY> 
 XRAY>   wa=8043.8 
 XRAY> 
 XRAY>   a=34. b=34. c=65. alpha=90.0 beta=90.0 gamma=90.0       {* unitcell *} 
 XRAY> 
 XRAY>   symmetry=(x,y,z)                {* symmetry operators for space group P41 *} 
 XRAY>   symmetry=(-x,-y,z+1/2)          {* notation is as in Int. Tables          *} 
 XRAY>   symmetry=(-y,x,z+1/4) 
 XRAY>   symmetry=(y,-x,z+3/4) 
 XRAY> 
 XRAY>          {* the following contains the atomic form factors.  A 4-Gaussian   *} 
 XRAY>          {* approximation is used.  Atoms are selected based on their       *} 
 XRAY>          {* chemical atom type.  Note the use of wildcards in the selection *} 
 XRAY> 
 XRAY>   SCATter ( chemical C* ) 
 SELRPN:    153 atoms have been selected out of    291
 SCATTER_A1=   2.31000 20.8439 1.02000 10.2075 1.58860 .568700 .865000 51.6512 .215600 
 XRAY> 
 XRAY>   SCATter ( chemical N* ) 
 SELRPN:     33 atoms have been selected out of    291
 SCATTER_A1=   12.2126 .005700 3.13220 9.89330 2.01250 28.9975 1.16630 .582600 -11.529 
 XRAY> 
 XRAY>   SCATter ( chemical O* ) 
 SELRPN:     54 atoms have been selected out of    291
 SCATTER_A1=   3.04850 13.2771 2.28680 5.70110 1.54630 .323900 .867000 32.9089 .250800 
 XRAY> 
 XRAY>   nrefl=500 
 XRAY: allocating space for     500 reflections.
 XRAY> 
 XRAY>{ * read in the diffraction data *} 
 XRAY>reflection 
 REFLection> INDEx   1   0  17  FOBS= 132.177 
 XSFAL: allocating space for complex reciprocal space object.
 XRRR2:      468 new h,k,l indices have been added.
 XRAY> 
 XRAY>do (fpart=0 ) ( all ) 
 XSFAL: allocating space for complex reciprocal space object.
 Total of       468 structure factor elements were selected.
 XRAY> 
 XRAY>   method=FFT 
 XRAY>   fft 
 XFFT>      prime=5 avoid=2 
 XFFT>      memory=500000 
 XFFT>   end 
 XRAY>end 
 CNSsolve> 
 CNSsolve> 
 CNSsolve>ncs restraints      {* define the NCS restraints; main chain atoms only *} 
 NCS-restraints> 
 NCS-restraints>    group 
 NCS-restraints-group>      equivalence (segid 1 and (name ca or name n or name o or name c)) 
 SELRPN:     36 atoms have been selected out of    291
 NCS-restraints-group>      equivalence (segid 2 and (name ca or name n or name o or name c)) 
 SELRPN:     36 atoms have been selected out of    291
 NCS-restraints-group>      equivalence (segid 3 and (name ca or name n or name o or name c)) 
 SELRPN:     36 atoms have been selected out of    291
 NCS-restraints-group>      weight-ncs=150.0 
 NCS-restraints-group>      sigb-ncs=1.0 
 NCS-restraints-group>    end 
 NCS-restraints>    ? 
 NOTE: The first EQUIvalence set defined in a GROUp is taken as the reference!
 NCS group  1 has  3 sets of equivalent atoms:


  Equivalence set  2 :


 Reference set r is superimposed on equivalence set by: rnew=R*r + T
 Translation vector T = (   44.1224   31.0205  -11.3039)

 Rotation matrix =
    0.028939   -0.855938   -0.516268
   -0.546869    0.418775   -0.724956
    0.836718    0.303310   -0.455967
 Corresp. Eulerian angles (theta1,theta2,theta3)   109.9256  117.1272  215.4561
 Corresp. spherical polar angles (psi,phi,kappa)    38.4350  163.2707  120.2734
 Corresp. rotation angle   120.2734 about axis      -0.5953    0.7833   -0.1789
 Corresp. quaternions     0.4979   -0.5163    0.6793   -0.1552


 Equivalence set r' is superimposed on reference set by: r'new=R'*r' + T'
 Translation vector T = (   25.1455   28.2040   40.1133)

 Rotation matrix =
    0.028939   -0.546869    0.836718
   -0.855938    0.418775    0.303310
   -0.516268   -0.724956   -0.455967
 Corresp. Eulerian angles (theta1,theta2,theta3)   324.5439  117.1272   70.0744
 Corresp. spherical polar angles (psi,phi,kappa)    38.4350  163.2707  239.7266
 Corresp. rotation angle   120.2734 about axis       0.5953   -0.7833    0.1789
 Corresp. quaternions     0.4979    0.5163   -0.6793    0.1552

 R.m.s. diff. between molecule and reference for selected atoms =    0.0694


  Equivalence set  3 :


 Reference set r is superimposed on equivalence set by: rnew=R*r + T
 Translation vector T = (   24.9492   28.0704   40.1681)

 Rotation matrix =
    0.030369   -0.544352    0.838307
   -0.852905    0.423202    0.305702
   -0.521183   -0.724280   -0.451428
 Corresp. Eulerian angles (theta1,theta2,theta3)   324.2617  116.8353   69.9648
 Corresp. spherical polar angles (psi,phi,kappa)    38.3401  163.3233  240.0709
 Corresp. rotation angle   119.9291 about axis       0.5942   -0.7843    0.1780
 Corresp. quaternions     0.5005    0.5144   -0.6790    0.1541


 Equivalence set r' is superimposed on reference set by: r'new=R'*r' + T'
 Translation vector T = (   44.1186   30.7946  -11.3632)

 Rotation matrix =
    0.030369   -0.852905   -0.521183
   -0.544352    0.423202   -0.724280
    0.838307    0.305702   -0.451428
 Corresp. Eulerian angles (theta1,theta2,theta3)   110.0352  116.8353  215.7383
 Corresp. spherical polar angles (psi,phi,kappa)    38.3401  163.3233  119.9291
 Corresp. rotation angle   119.9291 about axis      -0.5942    0.7843   -0.1780
 Corresp. quaternions     0.5005   -0.5144    0.6790   -0.1541

 R.m.s. diff. between molecule and reference for selected atoms =    0.0707

 NCS GROUP NO.  1:
 Effective force constant for NCS positional restraints =    150.00 Kcal/mol-A**2
 Target deviation of NCS related B factors from average =    1.000 A**2

 NCS-restraints>end 
 CNSsolve>energy end 
 NBONDS: generating intra-molecular exclusion list with mode= 5
 MAKINB: mode   5 found    708 exclusions and    492 interactions(1-4)
 NBONDS: found     7124 intra-atom interactions
 NBONDS: found      781 symmetry-atom interactions
 XRTSELSET: number of selected reflections     468
 FCALC: #scatt.=    240 #anomalous=   0 #special pos.=  0 occupancies=1
 XSFAL: allocating space for complex reciprocal space object.
 XFFT: using grid [  54,  54, 128] and sublattice [  54(  55),  54(  55),   8]
 XTAREXPR:                 monitor=  0.237
 --------------- cycle=     1 --------------------------------------------------
 | Etotal =2647.833   grad(E)=179.215    E(BOND)=294.228    E(ANGL)=1048.027   |
 | E(DIHE)=241.075    E(IMPR)=77.278     E(VDW )=107.718    E(ELEC)=-386.607   |
 | E(PVDW)=618.252    E(PELE)=22.280     E(NCS )=27.794     E(XREF)=597.789    |
 -------------------------------------------------------------------------------
 CNSsolve>test first select=(segid 1 and resid 8 and name ca) step=.008 tol=0.0 end 
 SELRPN:      1 atoms have been selected out of    291
 TESTFD: Parameters: STEP=   0.00800  MASSweighting=F
 TESTFD: The following first derivatives differ by more than TOL=    0.000000

  DIM.         ATOM                 ANALYTIC        FINITE-DIFF     DEVIATION
   81 X ( 1    8    VAL  CA  )      64.499159      64.501500       0.002341
   81 Y ( 1    8    VAL  CA  )     139.794524     139.788249       0.006275
   81 Z ( 1    8    VAL  CA  )      73.920293      73.954194       0.033901
 TESTFD: A total of     0 elements were within the tolerance
 CNSsolve>test first select=(segid 2 and resid 7 and name o) step=.008 tol=0.0 end 
 SELRPN:      1 atoms have been selected out of    291
 TESTFD: Parameters: STEP=   0.00800  MASSweighting=F
 TESTFD: The following first derivatives differ by more than TOL=    0.000000

  DIM.         ATOM                 ANALYTIC        FINITE-DIFF     DEVIATION
  175 X ( 2    7    TYR  O   )      89.228301      89.216712       0.011589
  175 Y ( 2    7    TYR  O   )     -65.335399     -65.351336       0.015937
  175 Z ( 2    7    TYR  O   )     -28.812056     -28.801279       0.010777
 TESTFD: A total of     0 elements were within the tolerance
 CNSsolve> 
 CNSsolve>flags exclude xref end 
 CNSsolve>minimize powell 
 POWELL>   nstep=3 
 POWELL>   drop=40. 
 POWELL>end 
 POWELL: number of degrees of freedom=   873
 --------------- cycle=     1 ------ stepsize=    0.0000 -----------------------
 | Etotal =2050.044   grad(E)=179.416    E(BOND)=294.228    E(ANGL)=1048.027   |
 | E(DIHE)=241.075    E(IMPR)=77.278     E(VDW )=107.718    E(ELEC)=-386.607   |
 | E(PVDW)=618.252    E(PELE)=22.280     E(NCS )=27.794                        |
 -------------------------------------------------------------------------------
 --------------- cycle=     2 ------ stepsize=    0.0000 -----------------------
 | Etotal =1880.735   grad(E)=159.945    E(BOND)=270.841    E(ANGL)=975.301    |
 | E(DIHE)=240.391    E(IMPR)=74.468     E(VDW )=106.579    E(ELEC)=-386.809   |
 | E(PVDW)=551.380    E(PELE)=21.273     E(NCS )=27.312                        |
 -------------------------------------------------------------------------------
 --------------- cycle=     3 ------ stepsize=    0.0001 -----------------------
 | Etotal =1051.692   grad(E)=70.952     E(BOND)=173.580    E(ANGL)=564.671    |
 | E(DIHE)=236.153    E(IMPR)=64.988     E(VDW )=98.087     E(ELEC)=-388.595   |
 | E(PVDW)=265.041    E(PELE)=13.811     E(NCS )=23.955                        |
 -------------------------------------------------------------------------------
 POWELL: STEP number limit. Normal termination
 POWELL: Current coordinates set to last minimum
 CNSsolve> 
 CNSsolve>ncs restraints ?     end     {* check the ncs relations after minimization *} 
 NOTE: The first EQUIvalence set defined in a GROUp is taken as the reference!
 NCS group  1 has  3 sets of equivalent atoms:


  Equivalence set  2 :


 Reference set r is superimposed on equivalence set by: rnew=R*r + T
 Translation vector T = (   44.1209   31.0160  -11.3092)

 Rotation matrix =
    0.029055   -0.855863   -0.516386
   -0.546722    0.418875   -0.725009
    0.836810    0.303385   -0.455749
 Corresp. Eulerian angles (theta1,theta2,theta3)   109.9281  117.1131  215.4603
 Corresp. spherical polar angles (psi,phi,kappa)    38.4344  163.2690  120.2590
 Corresp. rotation angle   120.2590 about axis      -0.5953    0.7833   -0.1790
 Corresp. quaternions     0.4980   -0.5162    0.6793   -0.1552


 Equivalence set r' is superimposed on reference set by: r'new=R'*r' + T'
 Translation vector T = (   25.1388   28.2006   40.1161)

 Rotation matrix =
    0.029055   -0.546722    0.836810
   -0.855863    0.418875    0.303385
   -0.516386   -0.725009   -0.455749
 Corresp. Eulerian angles (theta1,theta2,theta3)   324.5397  117.1131   70.0719
 Corresp. spherical polar angles (psi,phi,kappa)    38.4344  163.2690  239.7410
 Corresp. rotation angle   120.2590 about axis       0.5953   -0.7833    0.1790
 Corresp. quaternions     0.4980    0.5162   -0.6793    0.1552

 R.m.s. diff. between molecule and reference for selected atoms =    0.0637


  Equivalence set  3 :


 Reference set r is superimposed on equivalence set by: rnew=R*r + T
 Translation vector T = (   24.9542   28.0693   40.1684)

 Rotation matrix =
    0.030364   -0.544565    0.838169
   -0.852894    0.423141    0.305816
   -0.521200   -0.724155   -0.451608
 Corresp. Eulerian angles (theta1,theta2,theta3)   324.2561  116.8469   69.9549
 Corresp. spherical polar angles (psi,phi,kappa)    38.3406  163.3345  240.0628
 Corresp. rotation angle   119.9372 about axis       0.5943   -0.7843    0.1779
 Corresp. quaternions     0.5005    0.5145   -0.6790    0.1540


 Equivalence set r' is superimposed on reference set by: r'new=R'*r' + T'
 Translation vector T = (   44.1182   30.8000  -11.3595)

 Rotation matrix =
    0.030364   -0.852894   -0.521200
   -0.544565    0.423141   -0.724155
    0.838169    0.305816   -0.451608
 Corresp. Eulerian angles (theta1,theta2,theta3)   110.0451  116.8469  215.7439
 Corresp. spherical polar angles (psi,phi,kappa)    38.3406  163.3345  119.9372
 Corresp. rotation angle   119.9372 about axis      -0.5943    0.7843   -0.1779
 Corresp. quaternions     0.5005   -0.5145    0.6790   -0.1540

 R.m.s. diff. between molecule and reference for selected atoms =    0.0656

 NCS GROUP NO.  1:
 Effective force constant for NCS positional restraints =    150.00 Kcal/mol-A**2
 Target deviation of NCS related B factors from average =    1.000 A**2

 CNSsolve> 
 CNSsolve>xray 
 XRAY>   predict 
 PREDict>      mode=reciprocal 
 PREDict>      to=fcalc 
 PREDict>      selection=( $hr <= d <= $lr  ) 
 Total of       468 structure factor elements were selected.
 PREDict>      atomselection=( not hydrogen ) 
 SELRPN:    240 atoms have been selected out of    291
 PREDict>   end 
 FCALC: #scatt.=    240 #anomalous=   0 #special pos.=  0 occupancies=1
 XFFT: using grid [  54,  54, 128] and sublattice [  54(  55),  54(  55),   8]
 XRAY> 
 XRAY>   statistics 
 STATistics>      (rvalue(fobs,fcalc+fpart)) 
 STATistics>      (rvalue[overall](fobs,fcalc+fpart)) 
 STATistics>      selection=( $hr <= d <= $lr  ) 
 Total of       468 structure factor elements were selected.
 STATistics>      output=OUTPUT 
 STATistics>   end 
 #bin | resolution range | #refl | 
    1   3.54    5.00         66      0.2219    0.2408
    2   2.99    3.54         53      0.1732    0.2408
    3   2.68    2.99         55      0.2575    0.2408
    4   2.47    2.68         59      0.2971    0.2408
    5   2.31    2.47         64      0.2906    0.2408
    6   2.19    2.31         57      0.2263    0.2408
    7   2.08    2.19         59      0.2091    0.2408
    8   2.00    2.08         55      0.3225    0.2408
 XRAY> 
 XRAY>  optimize bfactors 
 XROPTI>    nstep=2 
 XROPTI>    drop=10. 
 XROPTI>    bsigma=(all)=1.5 
 SELRPN:    291 atoms have been selected out of    291
 XROPTI>    asigma=(all)=2.0 
 SELRPN:    291 atoms have been selected out of    291
 XROPTI>  end 
 XBREF:      240 individual B-factors will be refined.
 XBSET: There are   240 bond restraints on B-factors
        Initial sum (bi-bj)/bsigma^2:    0.26139
 XBSET: There are   321 angle restraints on B-factors
        Initial sum (bi-bj)/asigma^2:    0.29617
 XBSET: There are   108 NCS restraints on B-factors for group   1
        Initial rms deviation of B-factors is:    0.20814 target=   1.00000
 XBRMS: total number of bond B restraints =      240 ( $BN_BOND   )
 XBRMS: overall rmsd for bond B restraints =    0.392 ( $BRMS_BOND )
 XBRMS: number of bond B restraints for group   1 =      240 ( $BN_BOND_1   )
 XBRMS: rmsd for bond B restraints for group   1 =    0.392 ( $BRMS_BOND_1 )
 XBRMS: total number of angle B restraints =      321 ( $BN_ANGL   )
 XBRMS: overall rmsd for angle B restraints =    0.592 ( $BRMS_ANGL )
 XBRMS: number of angle B restraints for group   1 =      321 ( $BN_ANGL_1   )
 XBRMS: rmsd for angle B restraints for group   1 =    0.592 ( $BRMS_ANGL_1 )
 XBRMS: number of NCS B restraints for group   1 =      108 ( $BN_NCS_1   )
 XBRMS: rmsd for NCS B restraints for group   1 =    0.208 ( $BRMS_NCS_1 )
 FCALC: #scatt.=    240 #anomalous=   0 #special pos.=  0 occupancies=1
 XFFT: using grid [  54,  54, 128] and sublattice [  54(  55),  54(  55),   8]
 XTAREXPR:                 monitor=  0.241
 XBFUNC: restraint weight has been set to         0.33313
 --------------- cycle=     1 --------------------------------------------------
 | Target= 0.623E+03 E(XREF)= 0.607E+03  E(BRES)= 0.492E+02  E(grad)= 0.394E+00|
 -------------------------------------------------------------------------------
 FCALC: #scatt.=    240 #anomalous=   0 #special pos.=  0 occupancies=1
 XFFT: using grid [  54,  54, 128] and sublattice [  54(  55),  54(  55),   8]
 XTAREXPR:                 monitor=  0.240
 --------------- cycle=     2 --------------------------------------------------
 | Target= 0.615E+03 E(XREF)= 0.602E+03  E(BRES)= 0.388E+02  E(grad)= 0.275E+00|
 -------------------------------------------------------------------------------
 XBREF: step limit reached
 XBREF: using the parameters (at cycle      2) which produce the minimum target. 
 XBRMS: total number of bond B restraints =      240 ( $BN_BOND   )
 XBRMS: overall rmsd for bond B restraints =    0.349 ( $BRMS_BOND )
 XBRMS: number of bond B restraints for group   1 =      240 ( $BN_BOND_1   )
 XBRMS: rmsd for bond B restraints for group   1 =    0.349 ( $BRMS_BOND_1 )
 XBRMS: total number of angle B restraints =      321 ( $BN_ANGL   )
 XBRMS: overall rmsd for angle B restraints =    0.527 ( $BRMS_ANGL )
 XBRMS: number of angle B restraints for group   1 =      321 ( $BN_ANGL_1   )
 XBRMS: rmsd for angle B restraints for group   1 =    0.527 ( $BRMS_ANGL_1 )
 XBRMS: number of NCS B restraints for group   1 =      108 ( $BN_NCS_1   )
 XBRMS: rmsd for NCS B restraints for group   1 =    0.180 ( $BRMS_NCS_1 )
 XRAY>end 
 CNSsolve> 
 CNSsolve>show element (x) (segid 2 and resid 8 and name c*) 
 SELRPN:      5 atoms have been selected out of    291
 ( 2    VAL  8    CA   )    27.626    
 ( 2    VAL  8    CB   )    26.200    
 ( 2    VAL  8    CG1  )    25.535    
 ( 2    VAL  8    CG2  )    26.072    
 ( 2    VAL  8    C    )    27.807    
 CNSsolve>show element (y) (segid 2 and resid 8 and name c*) 
 SELRPN:      5 atoms have been selected out of    291
 ( 2    VAL  8    CA   )    14.843    
 ( 2    VAL  8    CB   )    15.021    
 ( 2    VAL  8    CG1  )    13.690    
 ( 2    VAL  8    CG2  )    15.996    
 ( 2    VAL  8    C    )    13.538    
 CNSsolve>show element (z) (segid 2 and resid 8 and name c*) 
 SELRPN:      5 atoms have been selected out of    291
 ( 2    VAL  8    CA   )    6.9039    
 ( 2    VAL  8    CB   )    7.3736    
 ( 2    VAL  8    CG1  )    7.6730    
 ( 2    VAL  8    CG2  )    8.5003    
 ( 2    VAL  8    C    )    6.1401    
 CNSsolve> 
 CNSsolve>ncs restraints 
 NCS-restraints>    initialize 
 NCS-restraints>    group 
 NCS-restraints-group>      equivalence (segid 1 and (name ca or name n or name o or name c)) 
 SELRPN:     36 atoms have been selected out of    291
 NCS-restraints-group>      equivalence (segid 2 and (name ca or name n or name o or name c)) 
 SELRPN:     36 atoms have been selected out of    291
 NCS-restraints-group>      equivalence (segid 3 and (name ca or name n or name o or name c)) 
 SELRPN:     36 atoms have been selected out of    291
 NCS-restraints-group>      weight-ncs=150.0 
 NCS-restraints-group>      sigb-ncs=1.0 
 NCS-restraints-group>    end 
 NCS-restraints>end 
 CNSsolve>ncs restraints 
 NCS-restraints>    group 
 NCS-restraints-group>      equivalence (segid 1 and not (name ca or name n or name o or name c)) 
 SELRPN:     61 atoms have been selected out of    291
 NCS-restraints-group>      equivalence (segid 2 and not (name ca or name n or name o or name c)) 
 SELRPN:     61 atoms have been selected out of    291
 NCS-restraints-group>      equivalence (segid 3 and not (name ca or name n or name o or name c)) 
 SELRPN:     61 atoms have been selected out of    291
 NCS-restraints-group>      weight-ncs=50.0 
 NCS-restraints-group>      sigb-ncs=2.0 
 NCS-restraints-group>    end 
 NCS-restraints>    ? 
 NOTE: The first EQUIvalence set defined in a GROUp is taken as the reference!
 NCS group  1 has  3 sets of equivalent atoms:


  Equivalence set  2 :


 Reference set r is superimposed on equivalence set by: rnew=R*r + T
 Translation vector T = (   44.1209   31.0160  -11.3092)

 Rotation matrix =
    0.029055   -0.855863   -0.516386
   -0.546722    0.418875   -0.725009
    0.836810    0.303385   -0.455749
 Corresp. Eulerian angles (theta1,theta2,theta3)   109.9281  117.1131  215.4603
 Corresp. spherical polar angles (psi,phi,kappa)    38.4344  163.2690  120.2590
 Corresp. rotation angle   120.2590 about axis      -0.5953    0.7833   -0.1790
 Corresp. quaternions     0.4980   -0.5162    0.6793   -0.1552


 Equivalence set r' is superimposed on reference set by: r'new=R'*r' + T'
 Translation vector T = (   25.1388   28.2006   40.1161)

 Rotation matrix =
    0.029055   -0.546722    0.836810
   -0.855863    0.418875    0.303385
   -0.516386   -0.725009   -0.455749
 Corresp. Eulerian angles (theta1,theta2,theta3)   324.5397  117.1131   70.0719
 Corresp. spherical polar angles (psi,phi,kappa)    38.4344  163.2690  239.7410
 Corresp. rotation angle   120.2590 about axis       0.5953   -0.7833    0.1790
 Corresp. quaternions     0.4980    0.5162   -0.6793    0.1552

 R.m.s. diff. between molecule and reference for selected atoms =    0.0637


  Equivalence set  3 :


 Reference set r is superimposed on equivalence set by: rnew=R*r + T
 Translation vector T = (   24.9542   28.0693   40.1684)

 Rotation matrix =
    0.030364   -0.544565    0.838169
   -0.852894    0.423141    0.305816
   -0.521200   -0.724155   -0.451608
 Corresp. Eulerian angles (theta1,theta2,theta3)   324.2561  116.8469   69.9549
 Corresp. spherical polar angles (psi,phi,kappa)    38.3406  163.3345  240.0628
 Corresp. rotation angle   119.9372 about axis       0.5943   -0.7843    0.1779
 Corresp. quaternions     0.5005    0.5145   -0.6790    0.1540


 Equivalence set r' is superimposed on reference set by: r'new=R'*r' + T'
 Translation vector T = (   44.1182   30.8000  -11.3595)

 Rotation matrix =
    0.030364   -0.852894   -0.521200
   -0.544565    0.423141   -0.724155
    0.838169    0.305816   -0.451608
 Corresp. Eulerian angles (theta1,theta2,theta3)   110.0451  116.8469  215.7439
 Corresp. spherical polar angles (psi,phi,kappa)    38.3406  163.3345  119.9372
 Corresp. rotation angle   119.9372 about axis      -0.5943    0.7843   -0.1779
 Corresp. quaternions     0.5005   -0.5145    0.6790   -0.1540

 R.m.s. diff. between molecule and reference for selected atoms =    0.0656
 NCS group  2 has  3 sets of equivalent atoms:


  Equivalence set  2 :


 Reference set r is superimposed on equivalence set by: rnew=R*r + T
 Translation vector T = (   43.9161   30.8932  -11.6909)

 Rotation matrix =
    0.042001   -0.850503   -0.524290
   -0.542102    0.421396   -0.727015
    0.839262    0.314754   -0.443361
 Corresp. Eulerian angles (theta1,theta2,theta3)   110.5579  116.3185  215.7974
 Corresp. spherical polar angles (psi,phi,kappa)    38.5473  163.5094  119.3394
 Corresp. rotation angle   119.3394 about axis      -0.5975    0.7821   -0.1769
 Corresp. quaternions     0.5050   -0.5157    0.6750   -0.1527


 Equivalence set r' is superimposed on reference set by: r'new=R'*r' + T'
 Translation vector T = (   24.7145   28.0123   40.3013)

 Rotation matrix =
    0.042001   -0.542102    0.839262
   -0.850503    0.421396    0.314754
   -0.524290   -0.727015   -0.443361
 Corresp. Eulerian angles (theta1,theta2,theta3)   324.2026  116.3185   69.4421
 Corresp. spherical polar angles (psi,phi,kappa)    38.5473  163.5094  240.6606
 Corresp. rotation angle   119.3394 about axis       0.5975   -0.7821    0.1769
 Corresp. quaternions     0.5050    0.5157   -0.6750    0.1527

 R.m.s. diff. between molecule and reference for selected atoms =    0.2285


  Equivalence set  3 :


 Reference set r is superimposed on equivalence set by: rnew=R*r + T
 Translation vector T = (   25.1080   28.2414   40.1738)

 Rotation matrix =
    0.031323   -0.551751    0.833421
   -0.856210    0.415387    0.307179
   -0.515678   -0.723205   -0.459403
 Corresp. Eulerian angles (theta1,theta2,theta3)   324.5094  117.3486   69.7673
 Corresp. spherical polar angles (psi,phi,kappa)    38.5338  163.5386  239.5792
 Corresp. rotation angle   120.4208 about axis       0.5974   -0.7822    0.1765
 Corresp. quaternions     0.4968    0.5185   -0.6789    0.1532


 Equivalence set r' is superimposed on reference set by: r'new=R'*r' + T'
 Translation vector T = (   44.1108   31.1761  -11.1447)

 Rotation matrix =
    0.031323   -0.856210   -0.515678
   -0.551751    0.415387   -0.723205
    0.833421    0.307179   -0.459403
 Corresp. Eulerian angles (theta1,theta2,theta3)   110.2327  117.3486  215.4906
 Corresp. spherical polar angles (psi,phi,kappa)    38.5338  163.5386  120.4208
 Corresp. rotation angle   120.4208 about axis      -0.5974    0.7822   -0.1765
 Corresp. quaternions     0.4968   -0.5185    0.6789   -0.1532

 R.m.s. diff. between molecule and reference for selected atoms =    0.2300

 NCS GROUP NO.  1:
 Effective force constant for NCS positional restraints =    150.00 Kcal/mol-A**2
 Target deviation of NCS related B factors from average =    1.000 A**2


 NCS GROUP NO.  2:
 Effective force constant for NCS positional restraints =     50.00 Kcal/mol-A**2
 Target deviation of NCS related B factors from average =    2.000 A**2

 NCS-restraints>end 
 CNSsolve> 
 CNSsolve>flags excl * incl ncs end 
 CNSsolve> 
 CNSsolve>energy end 
 --------------- cycle=     2 --------------------------------------------------
 | Etotal =140.798    grad(E)=6.575      E(NCS )=140.798                       |
 -------------------------------------------------------------------------------
 CNSsolve> 
 CNSsolve>stop 
          ============================================================
           Maximum dynamic memory allocation:    16461664 bytes
           Maximum dynamic memory overhead:          3008 bytes
           Program started at: 16:08:06 on 05-Jul-2018
           Program stopped at: 16:08:06 on 05-Jul-2018
           CPU time used:       0.6977 seconds
          ============================================================
