          ============================================================
          |                                                          |
          |            Crystallography & NMR System (CNS)            |
          |                         CNSsolve                         |
          |                                                          |
          ============================================================
           Version: 1.3
           Status: General release
          ============================================================
           Written by: A.T.Brunger, P.D.Adams, G.M.Clore, W.L.DeLano,
                       P.Gros, R.W.Grosse-Kunstleve,J.-S.Jiang,J.M.Krahn,
                       J.Kuszewski, M.Nilges, N.S.Pannu, R.J.Read,
                       L.M.Rice, G.F.Schroeder, T.Simonson, G.L.Warren.
           Copyright (c) 1997-2010 Yale University
          ============================================================
           Running on machine: lewis4-r710-login-node223 (x86_64/Linux,64-bit)
                               with 16 threads
           Program started by: oeow39
           Program started at: 16:08:07 on 05-Jul-2018
          ============================================================

 FFT3C: Using FFTPACK4.1

 CNSsolve>remarks file: sanitest.inp 
 CNSsolve>remarks susceptability anisotropy 
 CNSsolve>remarks 
 CNSsolve> 
 CNSsolve>set seed 584930 end                     { seed for random velocity assignemnt } 
 CNSsolve> 
 CNSsolve>structure 
 STRUcture>data_cns_mtf 
 REMARKS FILENAME="/data/rwgk/test/tmp.mtf"
 REMARKS generic parameter file for all-h proteins PARALLHSA.PRO
 REMARKS based on PARMALLH6.PRO
 REMARKS DATE:18-Nov-98  14:17:45       created by user: rwgk
 REMARKS VERSION:0.4a
 Status of internal molecular topology database:
 -> NATOM=        114(MAXA=     1000000)  NBOND=        119(MAXB=     1000000)
 -> NTHETA=       214(MAXT=     2000000)  NGRP=           6(MAXGRP=   1000000)
 -> NPHI=          11(MAXP=     2000000)  NIMPHI=        68(MAXIMP=   1000000)
 -> NNB=           18(MAXNB=    1000000) 
 STRUcture> 
 STRUcture>end                                   { read structure file } 
 CNSsolve>structure 
 STRUcture>data_cns_mtf 
 REMARKS FILENAME="/data/rwgk/test/tmp.mtf"
 REMARKS   para_anis.pro
 REMARKS molecule for anisotropy
 REMARKS DATE:18-Nov-98  14:17:45       created by user: rwgk
 REMARKS VERSION:0.4a
 Status of internal molecular topology database:
 -> NATOM=        118(MAXA=     1000000)  NBOND=        122(MAXB=     1000000)
 -> NTHETA=       217(MAXT=     2000000)  NGRP=           7(MAXGRP=   1000000)
 -> NPHI=          11(MAXP=     2000000)  NIMPHI=        68(MAXIMP=   1000000)
 -> NNB=           18(MAXNB=    1000000) 
 STRUcture> 
 STRUcture>end 
 CNSsolve> 
 CNSsolve> 
 CNSsolve>parameter                                             { set energy parameters } 
 PARRDR>    @CNS_TOPPAR:protein-allhdg5-4.param 
 ASSFIL: file protein-allhdg5-4.param opened.
 PARRDR>remarks file toppar/protein-allhdg5-4.param 
 PARRDR>remark 
 PARRDR>remark   for file protein-allhdg-ucl.top  version UCL  date 14-MAR-00 
 PARRDR>remark   for file protein-allhdg-dih-ucl.top  version UCL  date 07-JUL-01 
 PARRDR>remark   Geometric energy function parameters for distance geometry and 
 PARRDR>remark   simulated annealing. 
 PARRDR>remark   Original author: Michael Nilges, EMBL Heidelberg 
 PARRDR>remark   Modifications: Mark A. Williams, UCL London 
 PARRDR>remark   Several modifications for HADDOCK: Alexandre Bonvin, Utrecht Uni 
 PARRDR>remark   Last modification 8-19-2011 
 PARRDR> 
 PARRDR>set message ? end eval ($old_message=$result) set echo ? end eval ($old_echo=$result) 
 MESSage=NORM
 EVALUATE: symbol $OLD_MESSAGE set to "NORM" (string)
 ECHO=TRUE {ON}
 EVALUATE: symbol $OLD_ECHO set to TRUE (logical)
 PARRDR>set message=off echo=off end 
 PARRDR> 
 PARRDR>    remark   para_anis.pro 
 PARRDR>    remark molecule for anisotropy 
 PARRDR>    set message off echo off end 
 PARRDR> 
 PARRDR>    nbonds 
 NBDSET>        atom  nbxmod -3  tolerance 0.5 
 NBDSET>        repel 0.75  rcon 4.0  rexp 2  cutnb 4.5 
 NBDSET>    end 
 PARRDR>end 
 %PARRDR-info: duplication of bond HC   NC2 
 %PARRDR-info: duplication of angle CH2P CH2E HA  
 CNSsolve> 
 CNSsolve>flags include sani harm end 
 CNSsolve> 
 CNSsolve> 
 CNSsolve>coor 
 COOR>REMARK FILENAME="" 
 COOR>REMARK randoma01 final structure 
 COOR>REMARK DATE: 3-JUN-89  18:50:57       created by user: NILGES 
 COOR>ATOM      1  N   PHE     1       2.099  -0.708  -0.487  1.00  0.00 
 COOR>ATOM      2  HN  PHE     1       2.770  -0.387  -1.118  1.00  0.00 
 CNSsolve> 
 CNSsolve>do (harmonic=20.0) (resid 500 and name OO) 
 SELRPN:      1 atoms have been selected out of    118
 CNSsolve>do (harmonic=0.0) (resid 500 and name Z ) 
 SELRPN:      1 atoms have been selected out of    118
 CNSsolve>do (harmonic=0.0) (resid 500 and name X ) 
 SELRPN:      1 atoms have been selected out of    118
 CNSsolve>do (harmonic=0.0) (resid 500 and name Y ) 
 SELRPN:      1 atoms have been selected out of    118
 CNSsolve>do (harmonic=0.0) (not (resid 500)) 
 SELRPN:    114 atoms have been selected out of    118
 CNSsolve>restraints harmonic exponent=2 end 
 CNSsolve> 
 CNSsolve>sani 
 SANI>    nrestraints 200                           { expected number of restraints } 
SANI: Allocating space for     200
number of constraints 
 SANI> 
 SANI>	class JNH 
 SANI>	force 50 
Setting force const for class JNH      to   50.000
 SANI>	potential harmonicc 
using harmonic potential.
 SANI>	coef -0.0601 -8.02 0.4 
Setting coefficients for class JNH     to  -0.060  -8.020   0.400
 SANI> 
 SANI>       set echo off message off end 
 SANI> 
 SANI>	class JCAC 
 SANI>	force 12.5 
Setting force const for class JCAC     to   12.500
 SANI>	potential harmonicc 
using harmonic potential.
 SANI>	coef 0.0 -16.0 0.4 
Setting coefficients for class JCAC    to   0.000 -16.000   0.400
 SANI> 
 SANI>       set echo off message off end 
 SANI> 
 SANI> 
 SANI>end 
 CNSsolve> 
 CNSsolve>sani print threshold=0.0 all end 
The following anisotropies have
delta SANI greater than the cutoff:
(calc Anis) (obs Anis) (delta Anis)
class JNH     
           1    PHE  N         1    PHE  HN     7.149   7.149   0.000
           3    THR  N         3    THR  HN     9.375   9.375   0.000
           4    LYS  N         4    LYS  HN     7.928   7.928   0.000
           5    TRP  N         5    TRP  HN     1.169   1.169   0.000
           6    PHE  N         6    PHE  HN     5.975   5.975   0.000
class JCAC    
           1    PHE  CA        1    PHE  C      9.212   9.212   0.000
           2    PRO  CA        2    PRO  C     12.144  12.144   0.000
           3    THR  CA        3    THR  C    -19.273 -19.273   0.000
           4    LYS  CA        4    LYS  C    -10.991 -10.991   0.000
           5    TRP  CA        5    TRP  C     14.036  14.036   0.000
           6    PHE  CA        6    PHE  C    -25.215 -25.215   0.000
 CNSsolve> 
 CNSsolve>flags exclude harm end 
 CNSsolve> 
 CNSsolve>fix 
 FIX>   select=(resname ANI) 
 SELRPN:      4 atoms have been selected out of    118
 FIX>end 
 CNSsolve> 
 CNSsolve>sani print threshold=0.0 all end 
The following anisotropies have
delta SANI greater than the cutoff:
(calc Anis) (obs Anis) (delta Anis)
class JNH     
           1    PHE  N         1    PHE  HN     7.149   7.149   0.000
           3    THR  N         3    THR  HN     9.375   9.375   0.000
           4    LYS  N         4    LYS  HN     7.928   7.928   0.000
           5    TRP  N         5    TRP  HN     1.169   1.169   0.000
           6    PHE  N         6    PHE  HN     5.975   5.975   0.000
class JCAC    
           1    PHE  CA        1    PHE  C      9.212   9.212   0.000
           2    PRO  CA        2    PRO  C     12.144  12.144   0.000
           3    THR  CA        3    THR  C    -19.273 -19.273   0.000
           4    LYS  CA        4    LYS  C    -10.991 -10.991   0.000
           5    TRP  CA        5    TRP  C     14.036  14.036   0.000
           6    PHE  CA        6    PHE  C    -25.215 -25.215   0.000
 CNSsolve> 
 CNSsolve>stop 
          ============================================================
           Maximum dynamic memory allocation:     8260504 bytes
           Maximum dynamic memory overhead:           336 bytes
           Program started at: 16:08:07 on 05-Jul-2018
           Program stopped at: 16:08:07 on 05-Jul-2018
           CPU time used:       0.0290 seconds
          ============================================================
