          ============================================================
          |                                                          |
          |            Crystallography & NMR System (CNS)            |
          |                         CNSsolve                         |
          |                                                          |
          ============================================================
           Version: 1.3
           Status: General release
          ============================================================
           Written by: A.T.Brunger, P.D.Adams, G.M.Clore, W.L.DeLano,
                       P.Gros, R.W.Grosse-Kunstleve,J.-S.Jiang,J.M.Krahn,
                       J.Kuszewski, M.Nilges, N.S.Pannu, R.J.Read,
                       L.M.Rice, G.F.Schroeder, T.Simonson, G.L.Warren.
           Copyright (c) 1997-2010 Yale University
          ============================================================
           Running on machine: lewis4-r710-login-node223 (x86_64/Linux,64-bit)
                               with 16 threads
           Program started by: oeow39
           Program started at: 16:08:09 on 05-Jul-2018
          ============================================================

 FFT3C: Using FFTPACK4.1

 CNSsolve>remarks SURFTEST.INP 
 CNSsolve>remarks TEST OF THE RICHARD'S ACCESSIBLE SURFACE AND CONTACT PROPERTIES USING 
 CNSsolve>remarks A SHORTENED PTI TO SPEED THE RUN. 
 CNSsolve> 
 CNSsolve> 
 CNSsolve>topology @CNS_TOPPAR:protein.top  @CNS_TOPPAR:water.top end 
 ASSFIL: file protein.top opened.
 RTFRDR>remarks file toppar/protein.top 
 RTFRDR>remarks   protein topology with polar hydrogens 
 RTFRDR> 
 RTFRDR>! 
 RTFRDR>! Please cite the following reference when using these parameters: 
 RTFRDR>! Engh, R.A. and  Huber, R. (1991). Accurate Bond and 
 RTFRDR>!  Angle Parameters for X-ray Protein-Structure Refinement, 
 RTFRDR>!  Acta Cryst. A47, 392-400. 
 RTFRDR>! 
 RTFRDR>! 
 RTFRDR> 
 RTFRDR>set message ? end eval ($old_message=$result) set echo ? end eval ($old_echo=$result) 
 MESSage=NORM
 EVALUATE: symbol $OLD_MESSAGE set to "NORM" (string)
 ECHO=TRUE {ON}
 EVALUATE: symbol $OLD_ECHO set to TRUE (logical)
 RTFRDR>set message=off echo=off end 
 RTFRDR> 
 RTFRDR> 
 RTFRDR>  @CNS_TOPPAR:water.top end 
 ASSFIL: file water.top opened.
 RTFRDR>remarks file toppar/water.top 
 RTFRDR>remarks   water topology for crystallographic structure determination 
 RTFRDR>remarks   based on Jorgensen Tip3p water model 
 RTFRDR> 
 RTFRDR>set message ? end eval ($old_message=$result) set echo ? end eval ($old_echo=$result) 
 MESSage=NORM
 EVALUATE: symbol $OLD_MESSAGE set to "NORM" (string)
 ECHO=TRUE {ON}
 EVALUATE: symbol $OLD_ECHO set to TRUE (logical)
 RTFRDR>set message=off echo=off end 
 RTFRDR> 
 RTFRDR> end 
 CNSsolve>parameter @CNS_TOPPAR:protein.param  @CNS_TOPPAR:water.param end 
 ASSFIL: file protein.param opened.
 PARRDR>remarks file toppar/protein.param 
 PARRDR>remarks   protein parameters with Lennard-Jones van der Waals parameters 
 PARRDR>remarks   for crystallographic structure determination 
 PARRDR> 
 PARRDR>! 
 PARRDR>! Please cite the following reference when using these parameters: 
 PARRDR>! Engh, R.A. and  Huber, R. (1991). Accurate Bond and 
 PARRDR>!  Angle Parameters for X-ray Protein-Structure Refinement, 
 PARRDR>!  Acta Cryst. A47, 392-400. 
 PARRDR>! 
 PARRDR>! 
 PARRDR> 
 PARRDR>set message ? end eval ($old_message=$result) set echo ? end eval ($old_echo=$result) 
 MESSage=NORM
 EVALUATE: symbol $OLD_MESSAGE set to "NORM" (string)
 ECHO=TRUE {ON}
 EVALUATE: symbol $OLD_ECHO set to TRUE (logical)
 PARRDR>set message=off echo=off end 
 PARRDR> 
 PARRDR>  @CNS_TOPPAR:water.param end 
 ASSFIL: file water.param opened.
 PARRDR>remarks file toppar/water.param 
 PARRDR>remarks   water parameters for structure determination 
 PARRDR>remarks 
 PARRDR>remarks   available: Jorgensen TIPS3P model 
 PARRDR> 
 PARRDR>set message ? end eval ($old_message=$result) set echo ? end eval ($old_echo=$result) 
 MESSage=NORM
 EVALUATE: symbol $OLD_MESSAGE set to "NORM" (string)
 ECHO=TRUE {ON}
 EVALUATE: symbol $OLD_ECHO set to TRUE (logical)
 PARRDR>set message=off echo=off end 
 PARRDR> 
 PARRDR> end 
 CNSsolve> 
 CNSsolve>segment 
 SEGMENT>   name=m1 
 SEGMENT>   chain 
 CHAIN>      @CNS_TOPPAR:protein.link 
 ASSFIL: file protein.link opened.
 CHAIN>remarks file toppar/protein.link 
 CHAIN>remarks 
 CHAIN>remarks this is a macro to define standard protein peptide bonds 
 CHAIN>remarks and termini to generate a protein sequence. 
 CHAIN> 
 CHAIN>set message ? end eval ($old_message=$result) set echo ? end eval ($old_echo=$result) 
 MESSage=NORM
 EVALUATE: symbol $OLD_MESSAGE set to "NORM" (string)
 ECHO=TRUE {ON}
 EVALUATE: symbol $OLD_ECHO set to TRUE (logical)
 CHAIN>set message=off echo=off end 
 CHAIN>      sequence 
 SEQUENCE>         arg pro asp phe cys leu 
 SEQUence-element (terminate with END) =      end 
 SEGMNT:     6 residues were inserted into segment "M1  "
 CHAIN>   end 
 SEGMENT>end 
 Status of internal molecular topology database:
 -> NATOM=         64(MAXA=     1000000)  NBOND=         65(MAXB=     1000000)
 -> NTHETA=        93(MAXT=     2000000)  NGRP=           8(MAXGRP=   1000000)
 -> NPHI=          39(MAXP=     2000000)  NIMPHI=        32(MAXIMP=   1000000)
 -> NNB=            0(MAXNB=    1000000) 
 CNSsolve> 
 CNSsolve>segment 
 SEGMENT>  name=m2 
 SEGMENT>  chain 
 CHAIN>     @CNS_TOPPAR:protein.link 
 ASSFIL: file protein.link opened.
 CHAIN>remarks file toppar/protein.link 
 CHAIN>remarks 
 CHAIN>remarks this is a macro to define standard protein peptide bonds 
 CHAIN>remarks and termini to generate a protein sequence. 
 CHAIN> 
 CHAIN>set message ? end eval ($old_message=$result) set echo ? end eval ($old_echo=$result) 
 MESSage=NORM
 EVALUATE: symbol $OLD_MESSAGE set to "NORM" (string)
 ECHO=TRUE {ON}
 EVALUATE: symbol $OLD_ECHO set to TRUE (logical)
 CHAIN>set message=off echo=off end 
 CHAIN>     sequence cys end 
 SEGMNT:     1 residues were inserted into segment "M2  "
 CHAIN>  end 
 SEGMENT>end 
 Status of internal molecular topology database:
 -> NATOM=         74(MAXA=     1000000)  NBOND=         74(MAXB=     1000000)
 -> NTHETA=       106(MAXT=     2000000)  NGRP=          11(MAXGRP=   1000000)
 -> NPHI=          44(MAXP=     2000000)  NIMPHI=        34(MAXIMP=   1000000)
 -> NNB=            0(MAXNB=    1000000) 
 CNSsolve> 
 CNSsolve>patch disu reference 1 ( atom m1 5 * ) reference 2 ( atom m2 1 * )  end 
 SELRPN:      7 atoms have been selected out of     74
 SELRPN:     10 atoms have been selected out of     74
 Status of internal molecular topology database:
 -> NATOM=         74(MAXA=     1000000)  NBOND=         75(MAXB=     1000000)
 -> NTHETA=       108(MAXT=     2000000)  NGRP=          12(MAXGRP=   1000000)
 -> NPHI=          47(MAXP=     2000000)  NIMPHI=        34(MAXIMP=   1000000)
 -> NNB=            0(MAXNB=    1000000) 
 CNSsolve> 
 CNSsolve>segment 
 SEGMENT>    name=solv 
 SEGMENT>    molecule 
 MOLECULE>       name=TIP  number=1 
 MOLECULE>    end 
 SEGMENT>end 
 Status of internal molecular topology database:
 -> NATOM=         77(MAXA=     1000000)  NBOND=         77(MAXB=     1000000)
 -> NTHETA=       109(MAXT=     2000000)  NGRP=          13(MAXGRP=   1000000)
 -> NPHI=          47(MAXP=     2000000)  NIMPHI=        34(MAXIMP=   1000000)
 -> NNB=            0(MAXNB=    1000000) 
 CNSsolve> 
 CNSsolve>coor 
 COOR>ATOM      1  HT1 ARG     1      26.033  27.513  -3.554  1.00  0.00      M1 
 COOR>ATOM      2  HT2 ARG     1      26.877  28.308  -2.405  1.00  0.00      M1 
 CNSsolve> 
 CNSsolve>surface 
 SURFAC>   mode=access rh2o=1.4 accuracy=0.05 selection=( all ) 
 SELRPN:     77 atoms have been selected out of     77
 SURFAC>end 
 SURFAC: half the sigma value being used for atomic radii.
 SURFAC: ACCEssible surface area
 SURFAC: ACCUracy= 0.05 RH2O=  1.40
         Z-grid=  0.16 number-of-Z-sections=  121
         measures-of-arc=   615 and  1257
 CNSsolve> 
 CNSsolve>show element ( rmsd ) ( attr rmsd > 0 ) 
 SELRPN:     63 atoms have been selected out of     77
 ( M1   ARG  1    CB   )    3.0523    
 ( M1   ARG  1    CG   )    9.3788    
 ( M1   ARG  1    CD   )    5.7440    
 ( M1   ARG  1    NE   )   0.39040    
 ( M1   ARG  1    CZ   )    20.415    
 ( M1   ARG  1    NH1  )    27.691    
 ( M1   ARG  1    HH11 )   0.32573    
 ( M1   ARG  1    HH12 )    3.8042    
 ( M1   ARG  1    NH2  )    23.691    
 ( M1   ARG  1    HH21 )    3.2974    
 ( M1   ARG  1    C    )    3.7643    
 ( M1   ARG  1    O    )    16.579    
 ( M1   ARG  1    HT1  )    1.8519    
 ( M1   ARG  1    HT2  )    2.6927    
 ( M1   ARG  1    N    )    26.708    
 ( M1   ARG  1    HT3  )    1.7341    
 ( M1   ARG  1    CA   )    16.550    
 ( M1   PRO  2    CD   )    15.026    
 ( M1   PRO  2    CA   )    14.735    
 ( M1   PRO  2    CB   )    11.886    
 ( M1   PRO  2    CG   )    29.150    
 ( M1   PRO  2    C    )   0.19508E-03
 ( M1   ASP  3    N    )   0.14288    
 ( M1   ASP  3    H    )    2.4591    
 ( M1   ASP  3    CA   )   0.31114    
 ( M1   ASP  3    CB   )    32.490    
 ( M1   ASP  3    CG   )    17.925    
 ( M1   ASP  3    OD1  )    26.914    
 ( M1   ASP  3    OD2  )    36.700    
 ( M1   ASP  3    C    )   0.60049    
 ( M1   ASP  3    O    )    6.4603    
 ( M1   PHE  4    CA   )    14.825    
 ( M1   PHE  4    CB   )    33.294    
 ( M1   PHE  4    CG   )    1.5851    
 ( M1   PHE  4    CD1  )    12.323    
 ( M1   PHE  4    CD2  )    21.774    
 ( M1   PHE  4    CE1  )    20.171    
 ( M1   PHE  4    CE2  )    23.480    
 ( M1   PHE  4    CZ   )    24.484    
 ( M1   PHE  4    O    )    17.132    
 ( M1   CYS  5    CA   )    7.1278    
 ( M1   CYS  5    C    )    1.0672    
 ( M1   CYS  5    O    )    25.959    
 ( M1   CYS  5    CB   )    1.5947    
 ( M1   LEU  6    CA   )    6.0464    
 ( M1   LEU  6    CB   )    15.125    
 ( M1   LEU  6    CG   )    1.1060    
 ( M1   LEU  6    CD1  )    58.073    
 ( M1   LEU  6    CD2  )    34.732    
 ( M1   LEU  6    C    )    14.759    
 ( M1   LEU  6    O    )    35.306    
 ( M1   LEU  6    OXT  )    23.883    
 ( M2   CYS  1    CB   )    30.748    
 ( M2   CYS  1    SG   )    19.761    
 ( M2   CYS  1    C    )    7.7467    
 ( M2   CYS  1    O    )    6.3248    
 ( M2   CYS  1    OXT  )    26.225    
 ( M2   CYS  1    HT1  )    1.6625    
 ( M2   CYS  1    HT2  )    1.3375    
 ( M2   CYS  1    N    )    27.614    
 ( M2   CYS  1    HT3  )    1.7758    
 ( M2   CYS  1    CA   )    5.6333    
 ( SOLV TIP  1    OH2  )    69.735    
 CNSsolve> 
 CNSsolve>surface 
 SURFAC>   mode=contact selection= ( all  ) 
 SELRPN:     77 atoms have been selected out of     77
 SURFAC>end 
 SURFAC: half the sigma value being used for atomic radii.
 SURFAC: CONTact area
 SURFAC: ACCUracy= 0.05 RH2O=  1.60
         Z-grid=  0.18 number-of-Z-sections=  110
         measures-of-arc=   639 and  1432
 CNSsolve> 
 CNSsolve>show element ( rmsd ) ( attr rmsd > 0  ) 
 SELRPN:     61 atoms have been selected out of     77
 ( M1   ARG  1    CB   )   0.65194    
 ( M1   ARG  1    CG   )    2.5375    
 ( M1   ARG  1    CD   )    1.5874    
 ( M1   ARG  1    NE   )   0.59569E-01
 ( M1   ARG  1    CZ   )    5.8415    
 ( M1   ARG  1    NH1  )    6.5387    
 ( M1   ARG  1    HH11 )   0.12794E-01
 ( M1   ARG  1    HH12 )   0.26987    
 ( M1   ARG  1    NH2  )    5.3708    
 ( M1   ARG  1    HH21 )   0.27616    
 ( M1   ARG  1    C    )    1.0920    
 ( M1   ARG  1    O    )    3.6529    
 ( M1   ARG  1    HT1  )   0.15011    
 ( M1   ARG  1    HT2  )   0.19146    
 ( M1   ARG  1    N    )    6.7837    
 ( M1   ARG  1    HT3  )   0.11190    
 ( M1   ARG  1    CA   )    5.5013    
 ( M1   PRO  2    CD   )    4.6371    
 ( M1   PRO  2    CA   )    4.8625    
 ( M1   PRO  2    CB   )    3.7551    
 ( M1   PRO  2    CG   )    9.3738    
 ( M1   ASP  3    H    )   0.21359    
 ( M1   ASP  3    CA   )   0.20272    
 ( M1   ASP  3    CB   )    9.7696    
 ( M1   ASP  3    CG   )    5.2719    
 ( M1   ASP  3    OD1  )    5.9866    
 ( M1   ASP  3    OD2  )    9.1884    
 ( M1   ASP  3    C    )   0.12264    
 ( M1   ASP  3    O    )    1.3410    
 ( M1   PHE  4    CA   )    4.7412    
 ( M1   PHE  4    CB   )    10.947    
 ( M1   PHE  4    CG   )   0.49455    
 ( M1   PHE  4    CD1  )    3.5947    
 ( M1   PHE  4    CD2  )    6.5918    
 ( M1   PHE  4    CE1  )    6.0920    
 ( M1   PHE  4    CE2  )    7.3428    
 ( M1   PHE  4    CZ   )    7.6357    
 ( M1   PHE  4    O    )    3.9078    
 ( M1   CYS  5    CA   )    2.1461    
 ( M1   CYS  5    C    )   0.27928    
 ( M1   CYS  5    O    )    6.0468    
 ( M1   CYS  5    CB   )   0.19092    
 ( M1   LEU  6    CA   )    1.9163    
 ( M1   LEU  6    CB   )    4.5947    
 ( M1   LEU  6    CG   )   0.11074    
 ( M1   LEU  6    CD1  )    18.376    
 ( M1   LEU  6    CD2  )    10.456    
 ( M1   LEU  6    C    )    4.3737    
 ( M1   LEU  6    O    )    8.6563    
 ( M1   LEU  6    OXT  )    5.4054    
 ( M2   CYS  1    CB   )    9.9981    
 ( M2   CYS  1    SG   )    5.1380    
 ( M2   CYS  1    C    )    2.0732    
 ( M2   CYS  1    O    )    1.3435    
 ( M2   CYS  1    OXT  )    6.1544    
 ( M2   CYS  1    HT1  )   0.10041    
 ( M2   CYS  1    HT2  )   0.87065E-01
 ( M2   CYS  1    N    )    6.8605    
 ( M2   CYS  1    HT3  )   0.79797E-01
 ( M2   CYS  1    CA   )    1.6246    
 ( SOLV TIP  1    OH2  )    18.553    
 CNSsolve> 
 CNSsolve>surface 
 SURFAC>   mode=access radius=vdw rh2o=1.4 accuracy=0.05 selection=( all ) 
 SELRPN:     77 atoms have been selected out of     77
 SURFAC>end 
 SURFAC: half the vdw value being used for atomic radii.
 SURFAC: ACCEssible surface area
 SURFAC: ACCUracy= 0.05 RH2O=  1.40
         Z-grid=  0.16 number-of-Z-sections=  122
         measures-of-arc=   686 and  1557
 CNSsolve> 
 CNSsolve>show element ( rmsd ) ( attr rmsd > 0  ) 
 SELRPN:     52 atoms have been selected out of     77
 ( M1   ARG  1    CB   )    2.0804    
 ( M1   ARG  1    CG   )    8.9902    
 ( M1   ARG  1    CD   )    5.2637    
 ( M1   ARG  1    NE   )   0.75479E-01
 ( M1   ARG  1    CZ   )    23.980    
 ( M1   ARG  1    NH1  )    31.665    
 ( M1   ARG  1    NH2  )    26.337    
 ( M1   ARG  1    C    )    3.7804    
 ( M1   ARG  1    O    )    15.629    
 ( M1   ARG  1    N    )    33.998    
 ( M1   ARG  1    CA   )    19.934    
 ( M1   PRO  2    CD   )    15.133    
 ( M1   PRO  2    CA   )    16.666    
 ( M1   PRO  2    CB   )    12.226    
 ( M1   PRO  2    CG   )    30.987    
 ( M1   ASP  3    H    )   0.74865    
 ( M1   ASP  3    CA   )   0.28442    
 ( M1   ASP  3    CB   )    34.912    
 ( M1   ASP  3    CG   )    21.331    
 ( M1   ASP  3    OD1  )    25.764    
 ( M1   ASP  3    OD2  )    38.486    
 ( M1   ASP  3    C    )   0.46313    
 ( M1   ASP  3    O    )    5.2237    
 ( M1   PHE  4    CA   )    15.700    
 ( M1   PHE  4    CB   )    36.309    
 ( M1   PHE  4    CG   )    1.4517    
 ( M1   PHE  4    CD1  )    12.926    
 ( M1   PHE  4    CD2  )    22.547    
 ( M1   PHE  4    CE1  )    21.411    
 ( M1   PHE  4    CE2  )    25.758    
 ( M1   PHE  4    CZ   )    26.428    
 ( M1   PHE  4    O    )    16.557    
 ( M1   CYS  5    CA   )    7.5781    
 ( M1   CYS  5    C    )    1.1918    
 ( M1   CYS  5    O    )    25.999    
 ( M1   CYS  5    CB   )   0.83379    
 ( M1   LEU  6    CA   )    6.9420    
 ( M1   LEU  6    CB   )    15.852    
 ( M1   LEU  6    CG   )   0.33226    
 ( M1   LEU  6    CD1  )    62.198    
 ( M1   LEU  6    CD2  )    33.566    
 ( M1   LEU  6    C    )    18.078    
 ( M1   LEU  6    O    )    35.949    
 ( M1   LEU  6    OXT  )    23.536    
 ( M2   CYS  1    CB   )    34.199    
 ( M2   CYS  1    SG   )    18.780    
 ( M2   CYS  1    C    )    8.0688    
 ( M2   CYS  1    O    )    5.3920    
 ( M2   CYS  1    OXT  )    26.480    
 ( M2   CYS  1    N    )    32.257    
 ( M2   CYS  1    CA   )    6.7764    
 ( SOLV TIP  1    OH2  )    75.204    
 CNSsolve> 
 CNSsolve> 
 CNSsolve>stop 
          ============================================================
           Maximum dynamic memory allocation:     8251632 bytes
           Maximum dynamic memory overhead:           464 bytes
           Program started at: 16:08:09 on 05-Jul-2018
           Program stopped at: 16:08:09 on 05-Jul-2018
           CPU time used:       0.0428 seconds
          ============================================================
