          ============================================================
          |                                                          |
          |            Crystallography & NMR System (CNS)            |
          |                         CNSsolve                         |
          |                                                          |
          ============================================================
           Version: 1.3
           Status: General release
          ============================================================
           Written by: A.T.Brunger, P.D.Adams, G.M.Clore, W.L.DeLano,
                       P.Gros, R.W.Grosse-Kunstleve,J.-S.Jiang,J.M.Krahn,
                       J.Kuszewski, M.Nilges, N.S.Pannu, R.J.Read,
                       L.M.Rice, G.F.Schroeder, T.Simonson, G.L.Warren.
           Copyright (c) 1997-2010 Yale University
          ============================================================
           Running on machine: lewis4-r710-login-node223 (x86_64/Linux,64-bit)
                               with 16 threads
           Program started by: oeow39
           Program started at: 16:08:11 on 05-Jul-2018
          ============================================================

 FFT3C: Using FFTPACK4.1

 CNSsolve>remark 
 CNSsolve>remark  TORSIONTEST1 
 CNSsolve>remark 
 CNSsolve>remark  tests torsion angle dynamics topology setup 
 CNSsolve> 
 CNSsolve>param 
 PARRDR>   reset 
 PARRDR>remark  file toppar/parallhdg.dna 
 PARRDR>remark   geometric energy function parameters for distance geometry and 
 PARRDR>remark   simulated annealing for NMR structure calculation. 
 PARRDR>remark 
 PARRDR> 
 PARRDR>remark  various changes Michael Nilges and John Kuszewski, 1991 
 PARRDR> 
 PARRDR>set echo off end 
 EVALUATE: symbol $KBOND set to    1000.00     (real)
 EVALUATE: symbol $KANGLE set to    500.000     (real)
 EVALUATE: symbol $KIMPROPER set to    500.000     (real)
 PARRDR>end 
 CNSsolve> 
 CNSsolve>stru 
 STRUcture>   reset 
 Status of internal molecular topology database:
 -> NATOM=          0(MAXA=     1000000)  NBOND=          0(MAXB=     1000000)
 -> NTHETA=         0(MAXT=     2000000)  NGRP=           0(MAXGRP=   1000000)
 -> NPHI=           0(MAXP=     2000000)  NIMPHI=         0(MAXIMP=   1000000)
 -> NNB=            0(MAXNB=    1000000) 
 STRUcture>data_cns_mtf 
 REMARKS FILENAME="/data/rwgk/test/tmp.mtf"
 REMARKS  NUCLEIC ACID PARAMETER FILE CREATION RUN
 REMARKS  >>>NO WARRANTY EXPRESSED OR IMPLIED<<<
 REMARKS  ALL HYDROGEN NUCLEIC ACID PARAMETER FILE.
 REMARKS  DERIVED FROM PARMDNA8. LN and MP 1984
 REMARKS  H-bond wells made 0.5 kcal deeper to improve basepair energies
 REMARKS    8/20/84/ln
 REMARKS  H stretch & bend constants from URACIL normal mode fit.
 REMARKS  Magnesium (fudge) and spermine included.
 REMARKS  all references to water removed, ATB, 3-JAN-85
 REMARKS  ALL IMPROPERS force constants increased to 500 to
 REMARKS    ensure perfect planes and chirality: GMC 1987
 REMARKS  DIHEDRAL force constants that keep purin rings parallel
 REMARKS    increased to 500 (MN 7-NOV-86)
 REMARKS  includes parameters for purine GMC 1987
 REMARKS DATE:18-Nov-98  14:17:47       created by user: rwgk
 REMARKS VERSION:0.4a
 Status of internal molecular topology database:
 -> NATOM=        194(MAXA=     1000000)  NBOND=        209(MAXB=     1000000)
 -> NTHETA=       372(MAXT=     2000000)  NGRP=          64(MAXGRP=   1000000)
 -> NPHI=         169(MAXP=     2000000)  NIMPHI=       136(MAXIMP=   1000000)
 -> NNB=           18(MAXNB=    1000000) 
 STRUcture> 
 STRUcture>end 
 CNSsolve> 
 CNSsolve>coor 
 COOR>REMARK FILENAME="" 
 COOR>REMARK  NUCLEIC ACID PARAMETER FILE CREATION RUN 
 COOR>REMARK  >>>NO WARRANTY EXPRESSED OR IMPLIED<<< 
 COOR>REMARK  ALL HYDROGEN NUCLEIC ACID PARAMETER FILE. 
 COOR>REMARK  DERIVED FROM PARMDNA8. LN and MP 1984 
 COOR>REMARK  H-bond wells made 0.5 kcal deeper to improve basepair energies 
 COOR>REMARK    8/20/84/ln 
 COOR>REMARK  H stretch & bend constants from URACIL normal mode fit. 
 COOR>REMARK  Magnesium (fudge) and spermine included. 
 COOR>REMARK  all references to water removed, ATB, 3-JAN-85 
 COOR>REMARK  ALL IMPROPERS force constants increased to 500 to 
 COOR>REMARK    ensure perfect planes and chirality: GMC 1987 
 COOR>REMARK  DIHEDRAL force constants that keep purin rings parallel 
 COOR>REMARK    increased to 500 (MN 7-NOV-86) 
 COOR>REMARK  includes parameters for purine GMC 1987 
 COOR>REMARK DATE: 9-May-94  14:16:23       created by user: luke 
 COOR>ATOM      1  H5T GUA     1      24.613   3.698  53.632  1.00  0.00      4TNA 
 COOR>ATOM      2  O5' GUA     1      24.476   4.546  53.204  1.00  0.00      4TNA 
 CNSsolve> 
 CNSsolve>set message=all end 
 CNSsolve> 
 CNSsolve>delete selection=( resid 2:6 ) end 
 SELRPN:    162 atoms have been selected out of    194
 MAPIC: Atom numbers being modified
 Status of internal molecular topology database:
 -> NATOM=         32(MAXA=     1000000)  NBOND=         34(MAXB=     1000000)
 -> NTHETA=        59(MAXT=     2000000)  NGRP=          12(MAXGRP=   1000000)
 -> NPHI=          24(MAXP=     2000000)  NIMPHI=        26(MAXIMP=   1000000)
 -> NNB=            3(MAXNB=    1000000) 
 CNSsolve>write coor end 
REMARK FILENAME="OUTPUT"
REMARK  NUCLEIC ACID PARAMETER FILE CREATION RUN
REMARK  >>>NO WARRANTY EXPRESSED OR IMPLIED<<<
REMARK  ALL HYDROGEN NUCLEIC ACID PARAMETER FILE.
REMARK  DERIVED FROM PARMDNA8. LN and MP 1984
REMARK  H-bond wells made 0.5 kcal deeper to improve basepair energies
REMARK    8/20/84/ln
REMARK  H stretch & bend constants from URACIL normal mode fit.
REMARK  Magnesium (fudge) and spermine included.
REMARK  all references to water removed, ATB, 3-JAN-85
REMARK  ALL IMPROPERS force constants increased to 500 to
REMARK    ensure perfect planes and chirality: GMC 1987
REMARK  DIHEDRAL force constants that keep purin rings parallel
REMARK    increased to 500 (MN 7-NOV-86)
REMARK  includes parameters for purine GMC 1987
REMARK DATE:05-Jul-2018  16:08:11       created by user: oeow39
REMARK VERSION:1.3
ATOM      1  H5T GUA     1      24.613   3.698  53.632  1.00  0.00      4TNA
ATOM      2  O5' GUA     1      24.476   4.546  53.204  1.00  0.00      4TNA
ATOM      3  C5' GUA     1      25.156   5.525  53.978  1.00  0.00      4TNA
ATOM      4  H5' GUA     1      24.448   6.268  54.345  1.00  0.00      4TNA
ATOM      5 H5'' GUA     1      25.918   6.016  53.373  1.00  0.00      4TNA
ATOM      6  C4' GUA     1      25.808   4.801  55.152  1.00  0.00      4TNA
ATOM      7  H4' GUA     1      25.930   5.496  55.983  1.00  0.00      4TNA
ATOM      8  O4' GUA     1      24.983   3.707  55.565  1.00  0.00      4TNA
ATOM      9  C1' GUA     1      25.833   2.612  55.903  1.00  0.00      4TNA
ATOM     10  H1' GUA     1      25.532   2.182  56.858  1.00  0.00      4TNA
ATOM     11  N9  GUA     1      25.681   1.623  54.832  1.00  0.00      4TNA
ATOM     12  C4  GUA     1      26.260   0.388  54.839  1.00  0.00      4TNA
ATOM     13  N3  GUA     1      27.078  -0.243  55.747  1.00  0.00      4TNA
ATOM     14  C2  GUA     1      27.481  -1.468  55.532  1.00  0.00      4TNA
ATOM     15  N2  GUA     1      28.055  -2.114  56.534  1.00  0.00      4TNA
ATOM     16  H21 GUA     1      28.169  -1.659  57.429  1.00  0.00      4TNA
ATOM     17  H22 GUA     1      28.379  -3.062  56.404  1.00  0.00      4TNA
ATOM     18  N1  GUA     1      27.127  -2.122  54.405  1.00  0.00      4TNA
ATOM     19  H1  GUA     1      27.449  -3.063  54.230  1.00  0.00      4TNA
ATOM     20  C6  GUA     1      26.336  -1.541  53.483  1.00  0.00      4TNA
ATOM     21  O6  GUA     1      25.983  -2.159  52.466  1.00  0.00      4TNA
ATOM     22  C5  GUA     1      25.874  -0.248  53.697  1.00  0.00      4TNA
ATOM     23  N7  GUA     1      25.012   0.580  52.989  1.00  0.00      4TNA
ATOM     24  C8  GUA     1      24.865   1.712  53.755  1.00  0.00      4TNA
ATOM     25  H8  GUA     1      24.230   2.507  53.542  1.00  0.00      4TNA
ATOM     26  C2' GUA     1      27.282   3.124  55.808  1.00  0.00      4TNA
ATOM     27 H2'' GUA     1      27.941   2.293  55.555  1.00  0.00      4TNA
ATOM     28  O2' GUA     1      27.691   3.684  57.045  1.00  0.00      4TNA
ATOM     29  H2' GUA     1      27.800   4.628  56.909  1.00  0.00      4TNA
ATOM     30  C3' GUA     1      27.185   4.241  54.785  1.00  0.00      4TNA
ATOM     31  H3' GUA     1      27.209   3.860  53.766  1.00  0.00      4TNA
ATOM     32  O3' GUA     1      28.130   5.240  55.163  1.00  0.00      4TNA
END
 CNSsolve> 
 CNSsolve>set message = normal end 
 CNSsolve> 
 CNSsolve>set seed = 123456 end 
 CNSsolve> 
 CNSsolve>do (vx = maxwell(.3)) ( all ) 
 SELRPN:     32 atoms have been selected out of     32
 CNSsolve>do (vy = maxwell(.3)) ( all ) 
 SELRPN:     32 atoms have been selected out of     32
 CNSsolve>do (vz = maxwell(.3)) ( all ) 
 SELRPN:     32 atoms have been selected out of     32
 CNSsolve> 
 CNSsolve>do (fbeta = 100.) ( all ) 
 SELRPN:     32 atoms have been selected out of     32
 CNSsolve> 
 CNSsolve> 
 CNSsolve>dyna tors 
 Torsion Dynamics>   nstep=10 
 Torsion Dynamics>   cmremove=false 
 Torsion Dynamics>   timestep = .001 
 Torsion Dynamics>   nprint = 1 
 Torsion Dynamics>   tcoupl=true 
 TORMD: temperature coupling (TCOUpl) enabled
 Torsion Dynamics>   topology 
 Torsion Topology>      kdihmax=1000 
 Torsion Topology>   end 
 Torsion Dynamics>end 
 Loop detected: bond "4TNA-1   -GUA -C4' " and "4TNA-1   -GUA -C3' " unfixed.
 Loop detected: bond "4TNA-1   -GUA -N9  " and "4TNA-1   -GUA -C8  " unfixed.
 Loop detected: bond "4TNA-1   -GUA -C4  " and "4TNA-1   -GUA -C5  " unfixed.
 DTOREST2: total number of groups         18
 DTOREST2: total number of joints         20
 DTOREST2: total number of closed loops          3
 DTOREST2: total number of distinct bodies          1
 DTOREST2: total number of chains         11
 DTOREST2: maximum number of chains (per distinct body)         11
 DTOREST2: maximum unbranched chain length          3
 TORMD2: re-running topology setup due to closed loops.
 DTOREST2: total number of groups         18
 DTOREST2: total number of joints         17
 DTOREST2: total number of closed loops          0
 DTOREST2: total number of distinct bodies          1
 DTOREST2: total number of chains          7
 DTOREST2: maximum number of chains (per distinct body)          7
 DTOREST2: maximum unbranched chain length          5
 DTOREST2: adj. max. number of chains (per distinct body)          9
 DTOREST2: adj. maximum unbranched chain length          7
 TOPOLOGY: number of distinct bodies          1
 TOPOLOGY: maximum number of chains (per distinct body)          8
 TOPOLOGY: maximum unbranched chain length          6
 -------------------------- Torsion Angle Dynamics -----------------------------
 WARNING: Current Velocities Taken 
          Bad Initial Velocities May Result 
 -------------------------------------------------------------------------------
 NBONDS: generating intra-molecular exclusion list with mode= 5
 MAKINB: mode   5 found     96 exclusions and     74 interactions(1-4)
 %atoms "4TNA-1   -GUA -H5T " and "4TNA-1   -GUA -H8  " only  1.25 A apart
 NBONDS: found      309 intra-atom interactions
 NBONDS: found        1 nonbonded violations
 TORMD3: number of degrees of freedom=      23
 -------------------------- Initial Conditions ---------------------------------
 | E(kin)+E(total)=196.720         E(kin)=1.120         temperature=48.996     |
 | Etotal =195.601    grad(E)=147.899    E(BOND)=13.852     E(ANGL)=170.601    |
 | E(DIHE)=20.405     E(IMPR)=28.240     E(VDW )=6.432      E(ELEC)=-43.930    |
 -------------------------------------------------------------------------------
 --------------- step=        1 at      0.00100 ps -----------------------------
 | E(kin)+E(total)=197.347         E(kin)=6.818         temperature=298.357    |
 | Etotal =190.528    grad(E)=143.177    E(BOND)=13.856     E(ANGL)=169.705    |
 | E(DIHE)=20.463     E(IMPR)=24.412     E(VDW )=6.019      E(ELEC)=-43.927    |
 -------------------------------------------------------------------------------
 --------------- step=        2 at      0.00200 ps -----------------------------
 | E(kin)+E(total)=196.708         E(kin)=14.697        temperature=643.115    |
 | Etotal =182.012    grad(E)=134.600    E(BOND)=13.879     E(ANGL)=167.513    |
 | E(DIHE)=20.565     E(IMPR)=19.038     E(VDW )=4.938      E(ELEC)=-43.922    |
 -------------------------------------------------------------------------------
 --------------- step=        3 at      0.00300 ps -----------------------------
 | E(kin)+E(total)=194.626         E(kin)=16.221        temperature=709.825    |
 | Etotal =178.404    grad(E)=129.584    E(BOND)=13.907     E(ANGL)=164.283    |
 | E(DIHE)=20.695     E(IMPR)=19.703     E(VDW )=3.726      E(ELEC)=-43.909    |
 -------------------------------------------------------------------------------
 --------------- step=        4 at      0.00400 ps -----------------------------
 | E(kin)+E(total)=192.961         E(kin)=12.295        temperature=538.032    |
 | Etotal =180.666    grad(E)=129.577    E(BOND)=13.942     E(ANGL)=161.279    |
 | E(DIHE)=20.842     E(IMPR)=25.674     E(VDW )=2.813      E(ELEC)=-43.885    |
 -------------------------------------------------------------------------------
 --------------- step=        5 at      0.00500 ps -----------------------------
 | E(kin)+E(total)=192.262         E(kin)=9.817         temperature=429.587    |
 | Etotal =182.445    grad(E)=129.718    E(BOND)=14.023     E(ANGL)=159.347    |
 | E(DIHE)=20.996     E(IMPR)=29.600     E(VDW )=2.330      E(ELEC)=-43.852    |
 -------------------------------------------------------------------------------
 --------------- step=        6 at      0.00600 ps -----------------------------
 | E(kin)+E(total)=191.687         E(kin)=11.787        temperature=515.786    |
 | Etotal =179.900    grad(E)=128.186    E(BOND)=14.175     E(ANGL)=158.448    |
 | E(DIHE)=21.155     E(IMPR)=27.629     E(VDW )=2.311      E(ELEC)=-43.818    |
 -------------------------------------------------------------------------------
 --------------- step=        7 at      0.00700 ps -----------------------------
 | E(kin)+E(total)=190.428         E(kin)=13.981        temperature=611.783    |
 | Etotal =176.447    grad(E)=128.597    E(BOND)=14.386     E(ANGL)=158.816    |
 | E(DIHE)=21.310     E(IMPR)=22.954     E(VDW )=2.769      E(ELEC)=-43.789    |
 -------------------------------------------------------------------------------
 --------------- step=        8 at      0.00800 ps -----------------------------
 | E(kin)+E(total)=188.943         E(kin)=12.557        temperature=549.479    |
 | Etotal =176.386    grad(E)=132.852    E(BOND)=14.614     E(ANGL)=160.364    |
 | E(DIHE)=21.446     E(IMPR)=20.080     E(VDW )=3.647      E(ELEC)=-43.766    |
 -------------------------------------------------------------------------------
 --------------- step=        9 at      0.00900 ps -----------------------------
 | E(kin)+E(total)=188.045         E(kin)=9.664         temperature=422.893    |
 | Etotal =178.381    grad(E)=137.431    E(BOND)=14.816     E(ANGL)=161.989    |
 | E(DIHE)=21.545     E(IMPR)=19.080     E(VDW )=4.701      E(ELEC)=-43.750    |
 -------------------------------------------------------------------------------
 --------------- step=       10 at      0.01000 ps -----------------------------
 | E(kin)+E(total)=187.628         E(kin)=9.511         temperature=416.166    |
 | Etotal =178.118    grad(E)=138.453    E(BOND)=14.966     E(ANGL)=162.776    |
 | E(DIHE)=21.595     E(IMPR)=17.058     E(VDW )=5.461      E(ELEC)=-43.739    |
 -------------------------------------------------------------------------------
 CNSsolve> 
 CNSsolve> 
 CNSsolve>stop 
          ============================================================
           Maximum dynamic memory allocation:   104147048 bytes
           Maximum dynamic memory overhead:          1920 bytes
           Program started at: 16:08:11 on 05-Jul-2018
           Program stopped at: 16:08:11 on 05-Jul-2018
           CPU time used:       0.0532 seconds
          ============================================================
