          ============================================================
          |                                                          |
          |            Crystallography & NMR System (CNS)            |
          |                         CNSsolve                         |
          |                                                          |
          ============================================================
           Version: 1.3
           Status: General release
          ============================================================
           Written by: A.T.Brunger, P.D.Adams, G.M.Clore, W.L.DeLano,
                       P.Gros, R.W.Grosse-Kunstleve,J.-S.Jiang,J.M.Krahn,
                       J.Kuszewski, M.Nilges, N.S.Pannu, R.J.Read,
                       L.M.Rice, G.F.Schroeder, T.Simonson, G.L.Warren.
           Copyright (c) 1997-2010 Yale University
          ============================================================
           Running on machine: lewis4-r710-login-node223 (x86_64/Linux,64-bit)
                               with 16 threads
           Program started by: oeow39
           Program started at: 16:08:22 on 05-Jul-2018
          ============================================================

 FFT3C: Using FFTPACK4.1

 CNSsolve>! CNS test of the VEAN energy term 
 CNSsolve>! Alexandre Bonvin, February 2009 
 CNSsolve>! 
 CNSsolve>struc 
 STRUcture>data_cns_mtf 
 REMARKS FILENAME="veantest.psf"
 REMARKS DATE:17-Feb-2009  17:34:01       created by user: abonvin
 REMARKS VERSION:1.2
 Status of internal molecular topology database:
 -> NATOM=         21(MAXA=     1000000)  NBOND=         20(MAXB=     1000000)
 -> NTHETA=        27(MAXT=     2000000)  NGRP=           3(MAXGRP=   1000000)
 -> NPHI=          44(MAXP=     2000000)  NIMPHI=         6(MAXIMP=   1000000)
 -> NNB=            0(MAXNB=    1000000) 
 STRUcture>end 
 CNSsolve> 
 CNSsolve>coor 
 COOR>ATOM      1  N   VAL     8       3.242   2.738  -8.765  1.00 15.00      A 
 COOR>ATOM      2  HN  VAL     8       2.412   2.217  -8.769  1.00 15.00      A 
 CNSsolve> 
 CNSsolve>vean 
 VEANORANGLES>  class vea1 
 VEANORANGLES>  force 40.0 10.0 
Setting force consts for class VEA1     to   40.000  10.000
 VEANORANGLES>  assign (resid 8 and name N)(resid 8 and name HN)(resid 10 and name N)(resid 10 and name HN) 33.3 19.8 146.7 19.8 
 SELRPN:      1 atoms have been selected out of     21
 SELRPN:      1 atoms have been selected out of     21
 SELRPN:      1 atoms have been selected out of     21
 SELRPN:      1 atoms have been selected out of     21
 VEANORANGLES>  assign (resid 9 and name N)(resid 9 and name HN)(resid 10 and name N)(resid 10 and name HN) 31.6 19.1 148.4 19.1 
 SELRPN:      1 atoms have been selected out of     21
 SELRPN:      1 atoms have been selected out of     21
 SELRPN:      1 atoms have been selected out of     21
 SELRPN:      1 atoms have been selected out of     21
 VEANORANGLES>end 
 CNSsolve> 
 CNSsolve>flag excl * incl vean end 
 CNSsolve> 
 CNSsolve>energy end 
 --------------- cycle=     1 --------------------------------------------------
 | Etotal =0.984      grad(E)=3.764      E(VEAN)=0.984                         |
 -------------------------------------------------------------------------------
 CNSsolve> 
 CNSsolve>vean print threshold=5.0 class vea1 end 
The following vectorangles have delta
greater than the cutoff:
(calculated)(observed borderA borderB borderC borderD)(delta)
class VEA1    
          A    8    VAL  N    A    8    VAL  HN   A    10   GLY  N    A    10   GLY  HN   119.416  13.500  53.100 126.900 166.500   7.484
  RMS diff. =   5.300, #(violat.> 5.00)=    1. of      2 vectorangles
 CNSsolve> 
 CNSsolve>stop 
          ============================================================
           Maximum dynamic memory allocation:     8201488 bytes
           Maximum dynamic memory overhead:           208 bytes
           Program started at: 16:08:22 on 05-Jul-2018
           Program stopped at: 16:08:22 on 05-Jul-2018
           CPU time used:       0.0063 seconds
          ============================================================
