          ============================================================
          |                                                          |
          |            Crystallography & NMR System (CNS)            |
          |                         CNSsolve                         |
          |                                                          |
          ============================================================
           Version: 1.3
           Status: General release
          ============================================================
           Written by: A.T.Brunger, P.D.Adams, G.M.Clore, W.L.DeLano,
                       P.Gros, R.W.Grosse-Kunstleve,J.-S.Jiang,J.M.Krahn,
                       J.Kuszewski, M.Nilges, N.S.Pannu, R.J.Read,
                       L.M.Rice, G.F.Schroeder, T.Simonson, G.L.Warren.
           Copyright (c) 1997-2010 Yale University
          ============================================================
           Running on machine: lewis4-r710-login-node223 (x86_64/Linux,64-bit)
                               with 16 threads
           Program started by: oeow39
           Program started at: 16:08:23 on 05-Jul-2018
          ============================================================

 FFT3C: Using FFTPACK4.1

 CNSsolve>remarks  file xassoc.inp  -- test associate feature 
 CNSsolve>remarks  Author: Axel T. Brunger 
 CNSsolve> 
 CNSsolve>topology @CNS_TOPPAR:protein.top end 
 ASSFIL: file protein.top opened.
 RTFRDR>remarks file toppar/protein.top 
 RTFRDR>remarks   protein topology with polar hydrogens 
 RTFRDR> 
 RTFRDR>! 
 RTFRDR>! Please cite the following reference when using these parameters: 
 RTFRDR>! Engh, R.A. and  Huber, R. (1991). Accurate Bond and 
 RTFRDR>!  Angle Parameters for X-ray Protein-Structure Refinement, 
 RTFRDR>!  Acta Cryst. A47, 392-400. 
 RTFRDR>! 
 RTFRDR>! 
 RTFRDR> 
 RTFRDR>set message ? end eval ($old_message=$result) set echo ? end eval ($old_echo=$result) 
 MESSage=NORM
 EVALUATE: symbol $OLD_MESSAGE set to "NORM" (string)
 ECHO=TRUE {ON}
 EVALUATE: symbol $OLD_ECHO set to TRUE (logical)
 RTFRDR>set message=off echo=off end 
 RTFRDR> 
 RTFRDR> 
 RTFRDR> end 
 CNSsolve>param @CNS_TOPPAR:protein.param end 
 ASSFIL: file protein.param opened.
 PARRDR>remarks file toppar/protein.param 
 PARRDR>remarks   protein parameters with Lennard-Jones van der Waals parameters 
 PARRDR>remarks   for crystallographic structure determination 
 PARRDR> 
 PARRDR>! 
 PARRDR>! Please cite the following reference when using these parameters: 
 PARRDR>! Engh, R.A. and  Huber, R. (1991). Accurate Bond and 
 PARRDR>!  Angle Parameters for X-ray Protein-Structure Refinement, 
 PARRDR>!  Acta Cryst. A47, 392-400. 
 PARRDR>! 
 PARRDR>! 
 PARRDR> 
 PARRDR>set message ? end eval ($old_message=$result) set echo ? end eval ($old_echo=$result) 
 MESSage=NORM
 EVALUATE: symbol $OLD_MESSAGE set to "NORM" (string)
 ECHO=TRUE {ON}
 EVALUATE: symbol $OLD_ECHO set to TRUE (logical)
 PARRDR>set message=off echo=off end 
 PARRDR> 
 PARRDR> end 
 CNSsolve> 
 CNSsolve>segment 
 SEGMENT>   chain 
 CHAIN>      @CNS_TOPPAR:protein.link 
 ASSFIL: file protein.link opened.
 CHAIN>remarks file toppar/protein.link 
 CHAIN>remarks 
 CHAIN>remarks this is a macro to define standard protein peptide bonds 
 CHAIN>remarks and termini to generate a protein sequence. 
 CHAIN> 
 CHAIN>set message ? end eval ($old_message=$result) set echo ? end eval ($old_echo=$result) 
 MESSage=NORM
 EVALUATE: symbol $OLD_MESSAGE set to "NORM" (string)
 ECHO=TRUE {ON}
 EVALUATE: symbol $OLD_ECHO set to TRUE (logical)
 CHAIN>set message=off echo=off end 
 CHAIN>      sequence 
 SEQUENCE>       THR THR CYS CYS PRO SER ILE VAL ALA ARG SER ASN PHE ASN VAL CYS 
 SEQUence-element (terminate with END) =       ARG LEU PRO GLY THR PRO GLU ALA ILE CYS ALA THR TYR THR GLY CYS 
 SEQUence-element (terminate with END) =       ILE ILE ILE PRO GLY ALA THR CYS PRO GLY ASP TYR ALA ASN 
 SEQUence-element (terminate with END) =      end 
 SEGMNT:    46 residues were inserted into segment "    "
 CHAIN>   end 
 SEGMENT>end 
 Status of internal molecular topology database:
 -> NATOM=        396(MAXA=     1000000)  NBOND=        403(MAXB=     1000000)
 -> NTHETA=       581(MAXT=     2000000)  NGRP=          48(MAXGRP=   1000000)
 -> NPHI=         235(MAXP=     2000000)  NIMPHI=       190(MAXIMP=   1000000)
 -> NNB=            0(MAXNB=    1000000) 
 CNSsolve> 
 CNSsolve> 
 CNSsolve>coor 
 COOR>ATOM      1  HT1 THR     1      16.206  14.668   3.850  0.00  0.00 
 COOR>ATOM      2  HT2 THR     1      17.090  13.935   2.599  0.00  0.00 
 CNSsolve> 
 CNSsolve>do (q=1) ( all ) 
 SELRPN:    396 atoms have been selected out of    396
 CNSsolve> 
 CNSsolve>xray 
 XRAY>   declare name=fobs type=complex domain=reciprocal end 
 XDECLARE: Object FOBS has been declared.
 XRAY>   declare name=fpart domain=reciprocal type=complex end 
 XDECLARE: Object FPART has been declared.
 XRAY>   declare name=fcalc domain=reciprocal type=complex end 
 XDECLARE: Object FCALC has been declared.
 XRAY>   declare name=fom domain=reciprocal type=real end 
 XDECLARE: Object FOM has been declared.
 XRAY>   declare name=weight domain=reciprocal type=real end 
 XDECLARE: Object WEIGHT has been declared.
 XRAY>   declare name=sigma domain=reciprocal type=real end 
 XDECLARE: Object SIGMA has been declared.
 XRAY>   declare name=test domain=reciprocal type=integer end 
 XDECLARE: Object TEST has been declared.
 XRAY> 
 XRAY>   method=fft 
 XRAY>   a=40.96 b=18.65 c=22.52 alpha=90.0 beta=90.77 gamma=90.0 
 XRAY>   fft 
 XFFT>      grid=0.33333333 prime=5 avoid=2 ! sampling grid of Patterson 
 XFFT>   end 
 XRAY>   !! scattering tables, from SCATT input 
 XRAY>   !! 
 XRAY>   SCATter ( chemical C* ) 
 SELRPN:    202 atoms have been selected out of    396
 SCATTER_A1=   2.31000 20.8439 1.02000 10.2075 1.58860 .568700 .865000 51.6512 .215600 
 XRAY> 
 XRAY>   SCATter ( chemical N* ) 
 SELRPN:     55 atoms have been selected out of    396
 SCATTER_A1=   12.2126 .005700 3.13220 9.89330 2.01250 28.9975 1.16630 .582600 -11.529 
 XRAY> 
 XRAY>   SCATter ( chemical O* ) 
 SELRPN:     64 atoms have been selected out of    396
 SCATTER_A1=   3.04850 13.2771 2.28680 5.70110 1.54630 .323900 .867000 32.9089 .250800 
 XRAY> 
 XRAY>   SCATter ( chemical S* ) 
 SELRPN:      6 atoms have been selected out of    396
 SCATTER_A1=   6.90530 1.46790 5.20340 22.2151 1.43790 .253600 1.58630 56.1720 .866900 
 XRAY>   fp 0.0 fdp 0.5 
 XRAY> 
 XRAY>   symmetry=(x,y,z) 
 XRAY>   symmetry=(-x,y+1/2,-z) 
 XRAY> 
 XRAY>   anomalous=true 
 XRAY> 
 XRAY>   asymmetric=(0<=x<1 and 0<=y<1/2 and 0<=z<1) 
 XRAY> 
 XRAY>   evaluate ($lr=10.) 
 EVALUATE: symbol $LR set to    10.0000     (real)
 XRAY>   evaluate ($hr=5.) 
 EVALUATE: symbol $HR set to    5.00000     (real)
 XRAY> 
 XRAY>   binresolution $lr $hr 
 XRAY>   mapresolution $hr 
 XRAY>   tselection=( $hr <= d <= $lr ) 
 XRAY> 
 XRAY>   generate $hr $lr 
 XGENER: generating reflections to produce a full set
         for the specified resolution range.
 XGENE2:      255 new reflections have been generated.
 XRAY> 
 XRAY>   method=fft 
 XRAY> 
 XRAY>   predict 
 PREDict>      mode=reciprocal to=fcalc 
 PREDict>      selection=($hr <= d <= $lr ) 
 Total of       255 structure factor elements were selected.
 PREDict>      atomselection=( not hydrogen ) 
 SELRPN:    327 atoms have been selected out of    396
 PREDict>   end 
 FCALC: #scatt.=    327 #anomalous=   6 #special pos.=  0 occupancies=1
 XSFAL: allocating space for complex reciprocal space object.
 XFFT: using grid [  24,  12,  24] and sublattice [  24(  25),  12(  13),   4]
 XRAY> 
 XRAY>   do (fobs=fcalc*sin(d) ) ( all ) 
 XSFAL: allocating space for complex reciprocal space object.
 Total of       255 structure factor elements were selected.
 XRAY>   do (fpart=0) ( all ) 
 XSFAL: allocating space for complex reciprocal space object.
 Total of       255 structure factor elements were selected.
 XRAY> 
 XRAY>   statistics 
 STATistics>      (rvalue(fobs,fcalc+fpart)) 
 STATistics>      (rvalue[overall](fobs,fcalc+fpart)) 
 STATistics>      selection=( $hr <= d <= $lr ) 
 Total of       255 structure factor elements were selected.
 STATistics>      output=OUTPUT 
 STATistics>   end 
 #bin | resolution range | #refl | 
    1   8.11   10.00         39      0.2321    0.1878
    2   7.14    8.11         27      0.0880    0.1878
    3   6.51    7.14         38      0.0276    0.1878
    4   6.06    6.51         24      0.1140    0.1878
    5   5.71    6.06         34      0.1816    0.1878
    6   5.43    5.71         30      0.2521    0.1878
    7   5.20    5.43         39      0.3016    0.1878
    8   5.00    5.20         24      0.3635    0.1878
 XRAY> 
 XRAY>   associate fcalc (not hydrogen) 
 SELRPN:    327 atoms have been selected out of    396
 XRAY>   target=( resi(amplitude(fobs),fcalc,1)) 
 XRAY>   dtarget(fcalc)=( dresi(amplitude(fobs),fcalc,1)) 
 XRAY>   monitor=( rvalue[overall](fobs,fcalc)) 
 XRAY> 
 XRAY>   method=direct 
 XRAY> 
 XRAY>   wa=10000 
 XRAY> end 
 CNSsolve> 
 CNSsolve> flags exclude * include xref end 
 CNSsolve> 
 CNSsolve> energy end 
 XRTSELSET: number of selected reflections     255
 FCALC: #scatt.=    327 #anomalous=   6 #special pos.=  0 occupancies=1
 XTAREXPR:                 monitor=  0.211
 --------------- cycle=     1 --------------------------------------------------
 | Etotal =530.015    grad(E)=7.876      E(XREF)=530.015                       |
 -------------------------------------------------------------------------------
 CNSsolve> do (store1=dx) ( all ) 
 SELRPN:    396 atoms have been selected out of    396
 CNSsolve> do (store2=dy) ( all ) 
 SELRPN:    396 atoms have been selected out of    396
 CNSsolve> do (store3=dz) ( all ) 
 SELRPN:    396 atoms have been selected out of    396
 CNSsolve> 
 CNSsolve> 
 CNSsolve> xray 
 XRAY>   method=fft 
 XRAY> end 
 CNSsolve> 
 CNSsolve> energy end 
 FCALC: #scatt.=    327 #anomalous=   6 #special pos.=  0 occupancies=1
 XFFT: using grid [  24,  12,  24] and sublattice [  24(  25),  12(  13),   4]
 XTAREXPR:                 monitor=  0.188
 --------------- cycle=     2 --------------------------------------------------
 | Etotal =471.337    grad(E)=7.975      E(XREF)=471.337                       |
 -------------------------------------------------------------------------------
 CNSsolve> 
 CNSsolve> do (store4=dx) ( all ) 
 SELRPN:    396 atoms have been selected out of    396
 CNSsolve> do (store5=dy) ( all ) 
 SELRPN:    396 atoms have been selected out of    396
 CNSsolve> do (store6=dz) ( all ) 
 SELRPN:    396 atoms have been selected out of    396
 CNSsolve> 
 CNSsolve> 
 CNSsolve> xray 
 XRAY>   declare name=f1 type=complex domain=reciprocal end 
 XDECLARE: Object F1 has been declared.
 XRAY>   declare name=f2 type=complex domain=reciprocal end 
 XDECLARE: Object F2 has been declared.
 XRAY>   declare name=f3 type=complex domain=reciprocal end 
 XDECLARE: Object F3 has been declared.
 XRAY>   declare name=f4 type=complex domain=reciprocal end 
 XDECLARE: Object F4 has been declared.
 XRAY> 
 XRAY>   associate ? 
 The following ASSOciate definitions are present:
 FCALC               
 XRAY> 
 XRAY>   associate reset 
 XRAY>   associate f1 (not hydrogen and resid 1:10) 
 SELRPN:     70 atoms have been selected out of    396
 XRAY>   associate f2 (not hydrogen and resid 11:21) 
 SELRPN:     83 atoms have been selected out of    396
 XRAY>   associate f3 (not hydrogen and resid 22:32) 
 SELRPN:     76 atoms have been selected out of    396
 XRAY>   associate f4 (not hydrogen and resid 33:46) 
 SELRPN:     98 atoms have been selected out of    396
 XRAY> 
 XRAY>   associate ? 
 The following ASSOciate definitions are present:
 F1                  F2                  F3                  F4                  
 XRAY> 
 XRAY>   target=( resi(amplitude(fobs),f1+f2+f3+f4,1)) 
 XRAY>   dtarget(f1)=( dresi(amplitude(fobs),f1+f2+f3+f4,1)) 
 XRAY>   dtarget(f2)=( dresi(amplitude(fobs),f1+f2+f3+f4,1)) 
 XRAY>   dtarget(f3)=( dresi(amplitude(fobs),f1+f2+f3+f4,1)) 
 XRAY>   dtarget(f4)=( dresi(amplitude(fobs),f1+f2+f3+f4,1)) 
 XRAY>   monitor=( rvalue[overall](fobs,f1+f2+f3+f4)) 
 XRAY> 
 XRAY>   method=direct 
 XRAY> end 
 CNSsolve> 
 CNSsolve> energy end 
 F1: #scatt.=     70 #anomalous=   2 #special pos.=  0 occupancies=1
 F2: #scatt.=     83 #anomalous=   1 #special pos.=  0 occupancies=1
 F3: #scatt.=     76 #anomalous=   2 #special pos.=  0 occupancies=1
 F4: #scatt.=     98 #anomalous=   1 #special pos.=  0 occupancies=1
 XSFAL: allocating space for complex reciprocal space object.
 XSFAL: allocating space for complex reciprocal space object.
 XSFAL: allocating space for complex reciprocal space object.
 XSFAL: allocating space for complex reciprocal space object.
 XTAREXPR:                 monitor=  0.211
 --------------- cycle=     3 --------------------------------------------------
 | Etotal =530.015    grad(E)=7.876      E(XREF)=530.015                       |
 -------------------------------------------------------------------------------
 CNSsolve> show max (abs(store1-dx)) ( all ) 
 SELRPN:    396 atoms have been selected out of    396
 SHOW: maximum of selected elements =       0.000000
 CNSsolve> show max (abs(store2-dy)) ( all ) 
 SELRPN:    396 atoms have been selected out of    396
 SHOW: maximum of selected elements =       0.000000
 CNSsolve> show max (abs(store3-dz)) ( all ) 
 SELRPN:    396 atoms have been selected out of    396
 SHOW: maximum of selected elements =       0.000000
 CNSsolve> 
 CNSsolve> xray 
 XRAY>   method=fft 
 XRAY> end 
 CNSsolve> 
 CNSsolve> energy end 
 F1: #scatt.=     70 #anomalous=   2 #special pos.=  0 occupancies=1
 F2: #scatt.=     83 #anomalous=   1 #special pos.=  0 occupancies=1
 F3: #scatt.=     76 #anomalous=   2 #special pos.=  0 occupancies=1
 F4: #scatt.=     98 #anomalous=   1 #special pos.=  0 occupancies=1
 XFFT: using grid [  24,  12,  24] and sublattice [  24(  25),  12(  13),   4]
 XFFT: using grid [  24,  12,  24] and sublattice [  24(  25),  12(  13),   4]
 XFFT: using grid [  24,  12,  24] and sublattice [  24(  25),  12(  13),   4]
 XFFT: using grid [  24,  12,  24] and sublattice [  24(  25),  12(  13),   4]
 XTAREXPR:                 monitor=  0.188
 --------------- cycle=     4 --------------------------------------------------
 | Etotal =471.337    grad(E)=7.975      E(XREF)=471.337                       |
 -------------------------------------------------------------------------------
 CNSsolve> show max (abs(store4-dx)) ( all ) 
 SELRPN:    396 atoms have been selected out of    396
 SHOW: maximum of selected elements =       0.000000
 CNSsolve> show max (abs(store5-dy)) ( all ) 
 SELRPN:    396 atoms have been selected out of    396
 SHOW: maximum of selected elements =       0.000000
 CNSsolve> show max (abs(store6-dz)) ( all ) 
 SELRPN:    396 atoms have been selected out of    396
 SHOW: maximum of selected elements =       0.000000
 CNSsolve> 
 CNSsolve> 
 CNSsolve> 
 CNSsolve> 
 CNSsolve>stop 
          ============================================================
           Maximum dynamic memory allocation:    11402160 bytes
           Maximum dynamic memory overhead:          1552 bytes
           Program started at: 16:08:23 on 05-Jul-2018
           Program stopped at: 16:08:23 on 05-Jul-2018
           CPU time used:       3.3348 seconds
          ============================================================
