          ============================================================
          |                                                          |
          |            Crystallography & NMR System (CNS)            |
          |                         CNSsolve                         |
          |                                                          |
          ============================================================
           Version: 1.3
           Status: General release
          ============================================================
           Written by: A.T.Brunger, P.D.Adams, G.M.Clore, W.L.DeLano,
                       P.Gros, R.W.Grosse-Kunstleve,J.-S.Jiang,J.M.Krahn,
                       J.Kuszewski, M.Nilges, N.S.Pannu, R.J.Read,
                       L.M.Rice, G.F.Schroeder, T.Simonson, G.L.Warren.
           Copyright (c) 1997-2010 Yale University
          ============================================================
           Running on machine: lewis4-r710-login-node223 (x86_64/Linux,64-bit)
                               with 16 threads
           Program started by: oeow39
           Program started at: 16:08:30 on 05-Jul-2018
          ============================================================

 FFT3C: Using FFTPACK4.1

 CNSsolve>remarks  file XMREAD.INP -- test map read and write facility 
 CNSsolve>remarks  Author: Axel T. Brunger 
 CNSsolve> 
 CNSsolve>topology @CNS_TOPPAR:protein.top end 
 ASSFIL: file protein.top opened.
 RTFRDR>remarks file toppar/protein.top 
 RTFRDR>remarks   protein topology with polar hydrogens 
 RTFRDR> 
 RTFRDR>! 
 RTFRDR>! Please cite the following reference when using these parameters: 
 RTFRDR>! Engh, R.A. and  Huber, R. (1991). Accurate Bond and 
 RTFRDR>!  Angle Parameters for X-ray Protein-Structure Refinement, 
 RTFRDR>!  Acta Cryst. A47, 392-400. 
 RTFRDR>! 
 RTFRDR>! 
 RTFRDR> 
 RTFRDR>set message ? end eval ($old_message=$result) set echo ? end eval ($old_echo=$result) 
 MESSage=NORM
 EVALUATE: symbol $OLD_MESSAGE set to "NORM" (string)
 ECHO=TRUE {ON}
 EVALUATE: symbol $OLD_ECHO set to TRUE (logical)
 RTFRDR>set message=off echo=off end 
 RTFRDR> 
 RTFRDR> 
 RTFRDR> end 
 CNSsolve>param @CNS_TOPPAR:protein.param end 
 ASSFIL: file protein.param opened.
 PARRDR>remarks file toppar/protein.param 
 PARRDR>remarks   protein parameters with Lennard-Jones van der Waals parameters 
 PARRDR>remarks   for crystallographic structure determination 
 PARRDR> 
 PARRDR>! 
 PARRDR>! Please cite the following reference when using these parameters: 
 PARRDR>! Engh, R.A. and  Huber, R. (1991). Accurate Bond and 
 PARRDR>!  Angle Parameters for X-ray Protein-Structure Refinement, 
 PARRDR>!  Acta Cryst. A47, 392-400. 
 PARRDR>! 
 PARRDR>! 
 PARRDR> 
 PARRDR>set message ? end eval ($old_message=$result) set echo ? end eval ($old_echo=$result) 
 MESSage=NORM
 EVALUATE: symbol $OLD_MESSAGE set to "NORM" (string)
 ECHO=TRUE {ON}
 EVALUATE: symbol $OLD_ECHO set to TRUE (logical)
 PARRDR>set message=off echo=off end 
 PARRDR> 
 PARRDR> end 
 CNSsolve> 
 CNSsolve>segment 
 SEGMENT>   chain 
 CHAIN>      @CNS_TOPPAR:protein.link 
 ASSFIL: file protein.link opened.
 CHAIN>remarks file toppar/protein.link 
 CHAIN>remarks 
 CHAIN>remarks this is a macro to define standard protein peptide bonds 
 CHAIN>remarks and termini to generate a protein sequence. 
 CHAIN> 
 CHAIN>set message ? end eval ($old_message=$result) set echo ? end eval ($old_echo=$result) 
 MESSage=NORM
 EVALUATE: symbol $OLD_MESSAGE set to "NORM" (string)
 ECHO=TRUE {ON}
 EVALUATE: symbol $OLD_ECHO set to TRUE (logical)
 CHAIN>set message=off echo=off end 
 CHAIN>      sequence 
 SEQUENCE>       THR THR CYS CYS PRO SER ILE VAL ALA ARG SER ASN PHE ASN VAL CYS 
 SEQUence-element (terminate with END) =       ARG LEU PRO GLY THR PRO GLU ALA ILE CYS ALA THR TYR THR GLY CYS 
 SEQUence-element (terminate with END) =       ILE ILE ILE PRO GLY ALA THR CYS PRO GLY ASP TYR ALA ASN 
 SEQUence-element (terminate with END) =      end 
 SEGMNT:    46 residues were inserted into segment "    "
 CHAIN>   end 
 SEGMENT>end 
 Status of internal molecular topology database:
 -> NATOM=        396(MAXA=     1000000)  NBOND=        403(MAXB=     1000000)
 -> NTHETA=       581(MAXT=     2000000)  NGRP=          48(MAXGRP=   1000000)
 -> NPHI=         235(MAXP=     2000000)  NIMPHI=       190(MAXIMP=   1000000)
 -> NNB=            0(MAXNB=    1000000) 
 CNSsolve> 
 CNSsolve> 
 CNSsolve>coor 
 COOR>ATOM      1  HT1 THR     1      16.206  14.668   3.850  0.00  0.00 
 COOR>ATOM      2  HT2 THR     1      17.090  13.935   2.599  0.00  0.00 
 CNSsolve> 
 CNSsolve>do (q=1) ( all ) 
 SELRPN:    396 atoms have been selected out of    396
 CNSsolve> 
 CNSsolve> 
 CNSsolve>xray 
 XRAY>   declare name=fobs type=complex domain=reciprocal end 
 XDECLARE: Object FOBS has been declared.
 XRAY>   declare name=fpart domain=reciprocal type=complex end 
 XDECLARE: Object FPART has been declared.
 XRAY>   declare name=fcalc domain=reciprocal type=complex end 
 XDECLARE: Object FCALC has been declared.
 XRAY>   declare name=fom domain=reciprocal type=real end 
 XDECLARE: Object FOM has been declared.
 XRAY>   declare name=weight domain=reciprocal type=real end 
 XDECLARE: Object WEIGHT has been declared.
 XRAY>   declare name=sigma domain=reciprocal type=real end 
 XDECLARE: Object SIGMA has been declared.
 XRAY>   declare name=test domain=reciprocal type=integer end 
 XDECLARE: Object TEST has been declared.
 XRAY> 
 XRAY>   method=fft 
 XRAY>   a=40.96 b=18.65 c=22.52 alpha=90.0 beta=90.77 gamma=90.0 
 XRAY>   fft 
 XFFT>      grid=0.33333333 prime=5 avoid=2 ! sampling grid of Patterson 
 XFFT>   end 
 XRAY>   !! scattering tables, from SCATT input 
 XRAY>   !! 
 XRAY>   SCATter ( chemical C* ) 
 SELRPN:    202 atoms have been selected out of    396
 SCATTER_A1=   2.31000 20.8439 1.02000 10.2075 1.58860 .568700 .865000 51.6512 .215600 
 XRAY> 
 XRAY>   SCATter ( chemical N* ) 
 SELRPN:     55 atoms have been selected out of    396
 SCATTER_A1=   12.2126 .005700 3.13220 9.89330 2.01250 28.9975 1.16630 .582600 -11.529 
 XRAY> 
 XRAY>   SCATter ( chemical O* ) 
 SELRPN:     64 atoms have been selected out of    396
 SCATTER_A1=   3.04850 13.2771 2.28680 5.70110 1.54630 .323900 .867000 32.9089 .250800 
 XRAY> 
 XRAY>   SCATter ( chemical S* ) 
 SELRPN:      6 atoms have been selected out of    396
 SCATTER_A1=   6.90530 1.46790 5.20340 22.2151 1.43790 .253600 1.58630 56.1720 .866900 
 XRAY> 
 XRAY>   symmetry=(x,y,z) 
 XRAY>   symmetry=(-x,y+1/2,-z) 
 XRAY> 
 XRAY>   asymmetric=(0<=x<1 and 0<=y<1/2 and 0<=z<1) 
 XRAY> 
 XRAY>   evaluate ($lr=10.) 
 EVALUATE: symbol $LR set to    10.0000     (real)
 XRAY>   evaluate ($hr=5) 
 EVALUATE: symbol $HR set to    5.00000     (real)
 XRAY>   binresolution $lr $hr 
 XRAY>   mapresolution $hr 
 XRAY>   tselection=( $hr <= d <= $lr  ) 
 XRAY> 
 XRAY>   generate $hr $lr 
 XGENER: generating reflections to produce a full set
         for the specified resolution range.
 XGENE2:      150 new reflections have been generated.
 XRAY> 
 XRAY>   predict 
 PREDict>      mode=reciprocal 
 PREDict>      to=fcalc 
 PREDict>      selection=( $hr <= d <= $lr  ) 
 Total of       150 structure factor elements were selected.
 PREDict>      atomselection=( not hydrogen ) 
 SELRPN:    327 atoms have been selected out of    396
 PREDict>   end 
 FCALC: #scatt.=    327 #anomalous=   0 #special pos.=  0 occupancies=1
 XSFAL: allocating space for complex reciprocal space object.
 XFFT: using grid [  24,  12,  24] and sublattice [  24(  25),  12(  13),   4]
 XRAY>   do (fobs=fcalc) ( all ) 
 XSFAL: allocating space for complex reciprocal space object.
 Total of       150 structure factor elements were selected.
 XRAY>   do (fpart=0) ( all ) 
 XSFAL: allocating space for complex reciprocal space object.
 Total of       150 structure factor elements were selected.
 XRAY> 
 XRAY>   statistics 
 STATistics>      (rvalue(fobs,fcalc+fpart)) 
 STATistics>      (rvalue[overall](fobs,fcalc+fpart)) 
 STATistics>      selection=( $hr <= d <= $lr  ) 
 Total of       150 structure factor elements were selected.
 STATistics>      output=OUTPUT 
 STATistics>   end 
 #bin | resolution range | #refl | 
    1   8.11   10.00         23      0.0000    0.0000
    2   7.14    8.11         17      0.0000    0.0000
    3   6.51    7.14         23      0.0000    0.0000
    4   6.06    6.51         13      0.0000    0.0000
    5   5.71    6.06         19      0.0000    0.0000
    6   5.43    5.71         19      0.0000    0.0000
    7   5.20    5.43         21      0.0000    0.0000
    8   5.00    5.20         15      0.0000    0.0000
 XRAY> 
 XRAY>end 
 CNSsolve> 
 CNSsolve>do (b=b+20) ( all ) 
 SELRPN:    396 atoms have been selected out of    396
 CNSsolve> 
 CNSsolve>xray 
 XRAY>   declare name=map1  domain=real end 
 XRAY>   declare name=map2  domain=real end 
 XRAY>   declare name=map3  domain=real end 
 XRAY>   declare name=map4  domain=real end 
 XRAY> 
 XRAY>   declare name=map8  domain=real end 
 XRAY> 
 XRAY>   predict mode=real 
 PREDict>     to=map1 
 PREDict>     atomselection=( not hydrogen ) 
 SELRPN:    327 atoms have been selected out of    396
 PREDict>   end 
 FCALC: #scatt.=    327 #anomalous=   0 #special pos.=  0 occupancies=1
 XMAPASU: using grid [  24,  12,  16] and sublattice [  24,  12,  16]
 Minimum brick that covers asymmetric unit:
   A=     0,...,    23  B=     0,...,     5  C=     0,...,    15
 XMAPAL: allocating space for real space object.
 XRAY> 
 XRAY>   write map  extend=unit output=xmread.dat formatted=true end 
 ASSFIL: file xmread.dat opened.
 XMAPX: map will be scaled.
 XMAPX: extend NA=(  24   0  24) NB=(  12   0  12) NC=(  16   0  16) 
 XMAPX: ave. density (real) in unit cell=       0.25527 sigma=       0.38560 e/A^3
 XMAPX: real part of section #   0 ave. dens.=       0.16910 sigma=       0.31299 e/A^3
 XMAPX: real part of section #   1 ave. dens.=       0.16697 sigma=       0.32558 e/A^3
 XMAPX: real part of section #   2 ave. dens.=       0.22243 sigma=       0.37290 e/A^3
 XMAPX: real part of section #   3 ave. dens.=       0.22981 sigma=       0.33767 e/A^3
 XMAPX: real part of section #   4 ave. dens.=       0.28320 sigma=       0.39521 e/A^3
 XMAPX: real part of section #   5 ave. dens.=       0.29892 sigma=       0.38334 e/A^3
 XMAPX: real part of section #   6 ave. dens.=       0.32396 sigma=       0.44152 e/A^3
 XMAPX: real part of section #   7 ave. dens.=       0.24299 sigma=       0.38072 e/A^3
 XMAPX: real part of section #   8 ave. dens.=       0.25483 sigma=       0.42263 e/A^3
 XMAPX: real part of section #   9 ave. dens.=       0.24290 sigma=       0.37682 e/A^3
 XMAPX: real part of section #  10 ave. dens.=       0.32763 sigma=       0.44678 e/A^3
 XMAPX: real part of section #  11 ave. dens.=       0.29231 sigma=       0.38186 e/A^3
 XMAPX: real part of section #  12 ave. dens.=       0.28357 sigma=       0.39187 e/A^3
 XMAPX: real part of section #  13 ave. dens.=       0.22568 sigma=       0.33334 e/A^3
 XMAPX: real part of section #  14 ave. dens.=       0.20890 sigma=       0.35314 e/A^3
 XMAPX: real part of section #  15 ave. dens.=       0.17490 sigma=       0.34703 e/A^3
 XMAPX: real part of section #  16 ave. dens.=       0.16910 sigma=       0.31299 e/A^3
 XRAY> 
 XRAY>   read map input=xmread.dat formatted=true to=map2 end 
 XMAPAL: allocating space for real space object.
 ASSFIL: file xmread.dat opened.
 REMARKS FILENAME="xmread.dat"
 REMARKS file toppar/protein.link
 REMARKS
 REMARKS this is a macro to define standard protein peptide bonds
 REMARKS and termini to generate a protein sequence.
 REMARKS DATE:05-Jul-2018  16:08:30       created by user: oeow39
 REMARKS VERSION:1.3
 XREADX: extend NA=(  24   0  24) NB=(  12   0  12) NC=(  16   0  16) 
 XRAY> 
 XRAY>   show max (abs(map1-map2)) ( all ) 
 Maximum of      2304 elements =                 0.0001
 XRAY> 
 XRAY> 
 XRAY>   write map  extend=unit output=xmread.dat formatted=false end 
 ASSFIL: file xmread.dat opened.
 XMAPX: map will be scaled.
 XMAPX: extend NA=(  24   0  24) NB=(  12   0  12) NC=(  16   0  16) 
 XMAPX: ave. density (real) in unit cell=       0.25527 sigma=       0.38560 e/A^3
 XMAPX: real part of section #   0 ave. dens.=       0.16910 sigma=       0.31299 e/A^3
 XMAPX: real part of section #   1 ave. dens.=       0.16697 sigma=       0.32558 e/A^3
 XMAPX: real part of section #   2 ave. dens.=       0.22243 sigma=       0.37290 e/A^3
 XMAPX: real part of section #   3 ave. dens.=       0.22981 sigma=       0.33767 e/A^3
 XMAPX: real part of section #   4 ave. dens.=       0.28320 sigma=       0.39521 e/A^3
 XMAPX: real part of section #   5 ave. dens.=       0.29892 sigma=       0.38334 e/A^3
 XMAPX: real part of section #   6 ave. dens.=       0.32396 sigma=       0.44152 e/A^3
 XMAPX: real part of section #   7 ave. dens.=       0.24299 sigma=       0.38072 e/A^3
 XMAPX: real part of section #   8 ave. dens.=       0.25483 sigma=       0.42263 e/A^3
 XMAPX: real part of section #   9 ave. dens.=       0.24290 sigma=       0.37682 e/A^3
 XMAPX: real part of section #  10 ave. dens.=       0.32763 sigma=       0.44678 e/A^3
 XMAPX: real part of section #  11 ave. dens.=       0.29231 sigma=       0.38186 e/A^3
 XMAPX: real part of section #  12 ave. dens.=       0.28357 sigma=       0.39187 e/A^3
 XMAPX: real part of section #  13 ave. dens.=       0.22568 sigma=       0.33334 e/A^3
 XMAPX: real part of section #  14 ave. dens.=       0.20890 sigma=       0.35314 e/A^3
 XMAPX: real part of section #  15 ave. dens.=       0.17490 sigma=       0.34703 e/A^3
 XMAPX: real part of section #  16 ave. dens.=       0.16910 sigma=       0.31299 e/A^3
 XRAY> 
 XRAY>   read map input=xmread.dat formatted=false to=map8 end 
 XMAPAL: allocating space for real space object.
 ASSFIL: file xmread.dat opened.
 REMARKS FILENAME="xmread.dat"
 REMARKS file toppar/protein.link
 REMARKS
 REMARKS this is a macro to define standard protein peptide bonds
 REMARKS and termini to generate a protein sequence.
 REMARKS DATE:05-Jul-2018  16:08:30       created by user: oeow39
 REMARKS VERSION:1.3
 XREADX: extend NA=(  24   0  24) NB=(  12   0  12) NC=(  16   0  16) 
 XRAY> 
 XRAY>   show max (abs(map1-map8)) ( all ) 
 Maximum of      2304 elements =                 0.0000
 XRAY> 
 XRAY> 
 XRAY>   write map  extend=asymmetric output=xmread.dat formatted=false end 
 ASSFIL: file xmread.dat opened.
 XMAPX: map will be scaled.
 XMAPX: extend NA=(  24   0  23) NB=(  12   0   5) NC=(  16   0  15) 
 XMAPX: ave. density (real) in unit cell=       0.25527 sigma=       0.38560 e/A^3
 XMAPX: real part of section #   0 ave. dens.=       0.17884 sigma=       0.32764 e/A^3
 XMAPX: real part of section #   1 ave. dens.=       0.14527 sigma=       0.30227 e/A^3
 XMAPX: real part of section #   2 ave. dens.=       0.26124 sigma=       0.40560 e/A^3
 XMAPX: real part of section #   3 ave. dens.=       0.24477 sigma=       0.36460 e/A^3
 XMAPX: real part of section #   4 ave. dens.=       0.22943 sigma=       0.37561 e/A^3
 XMAPX: real part of section #   5 ave. dens.=       0.25793 sigma=       0.35023 e/A^3
 XMAPX: real part of section #   6 ave. dens.=       0.28743 sigma=       0.43624 e/A^3
 XMAPX: real part of section #   7 ave. dens.=       0.18969 sigma=       0.31081 e/A^3
 XMAPX: real part of section #   8 ave. dens.=       0.27199 sigma=       0.42875 e/A^3
 XMAPX: real part of section #   9 ave. dens.=       0.32492 sigma=       0.44600 e/A^3
 XMAPX: real part of section #  10 ave. dens.=       0.37594 sigma=       0.44383 e/A^3
 XMAPX: real part of section #  11 ave. dens.=       0.36303 sigma=       0.42740 e/A^3
 XMAPX: real part of section #  12 ave. dens.=       0.34397 sigma=       0.40090 e/A^3
 XMAPX: real part of section #  13 ave. dens.=       0.22257 sigma=       0.31838 e/A^3
 XMAPX: real part of section #  14 ave. dens.=       0.18568 sigma=       0.32100 e/A^3
 XMAPX: real part of section #  15 ave. dens.=       0.20167 sigma=       0.36410 e/A^3
 XRAY> 
 XRAY>   read map input=xmread.dat formatted=false to=map8 end 
 ASSFIL: file xmread.dat opened.
 REMARKS FILENAME="xmread.dat"
 REMARKS file toppar/protein.link
 REMARKS
 REMARKS this is a macro to define standard protein peptide bonds
 REMARKS and termini to generate a protein sequence.
 REMARKS DATE:05-Jul-2018  16:08:30       created by user: oeow39
 REMARKS VERSION:1.3
 XREADX: extend NA=(  24   0  23) NB=(  12   0   5) NC=(  16   0  15) 
 XRAY> 
 XRAY>   show max (abs(map1-map8)) ( all ) 
 Maximum of      2304 elements =                 0.0000
 XRAY> 
 XRAY> 
 XRAY>   write map  extend=molecule selection=( all ) cushion=5. 
 SELRPN:    396 atoms have been selected out of    396
 WRITe MAP>              output=xmread.dat formatted=false end 
 ASSFIL: file xmread.dat opened.
 XMAPX: map will be scaled.
 XMAPX: extend NA=(  24  -5  18) NB=(  12  -4  17) NC=(  16  -9  17) 
 XMAPX: ave. density (real) in unit cell=       0.25527 sigma=       0.38560 e/A^3
 XMAPX: real part of section #   0 ave. dens.=       0.24551 sigma=       0.37089 e/A^3
 XMAPX: real part of section #   1 ave. dens.=       0.27637 sigma=       0.43326 e/A^3
 XMAPX: real part of section #   2 ave. dens.=       0.26816 sigma=       0.39900 e/A^3
 XMAPX: real part of section #   3 ave. dens.=       0.33912 sigma=       0.44743 e/A^3
 XMAPX: real part of section #   4 ave. dens.=       0.31360 sigma=       0.39825 e/A^3
 XMAPX: real part of section #   5 ave. dens.=       0.28363 sigma=       0.38244 e/A^3
 XMAPX: real part of section #   6 ave. dens.=       0.22776 sigma=       0.33892 e/A^3
 XMAPX: real part of section #   7 ave. dens.=       0.21170 sigma=       0.35578 e/A^3
 XMAPX: real part of section #   8 ave. dens.=       0.17609 sigma=       0.34242 e/A^3
 XMAPX: real part of section #   9 ave. dens.=       0.18712 sigma=       0.33645 e/A^3
 XMAPX: real part of section #  10 ave. dens.=       0.17318 sigma=       0.33000 e/A^3
 XMAPX: real part of section #  11 ave. dens.=       0.22991 sigma=       0.37531 e/A^3
 XMAPX: real part of section #  12 ave. dens.=       0.23986 sigma=       0.34948 e/A^3
 XMAPX: real part of section #  13 ave. dens.=       0.29023 sigma=       0.39544 e/A^3
 XMAPX: real part of section #  14 ave. dens.=       0.32066 sigma=       0.40213 e/A^3
 XMAPX: real part of section #  15 ave. dens.=       0.32251 sigma=       0.43312 e/A^3
 XMAPX: real part of section #  16 ave. dens.=       0.24551 sigma=       0.37089 e/A^3
 XMAPX: real part of section #  17 ave. dens.=       0.27637 sigma=       0.43326 e/A^3
 XMAPX: real part of section #  18 ave. dens.=       0.26816 sigma=       0.39900 e/A^3
 XMAPX: real part of section #  19 ave. dens.=       0.33912 sigma=       0.44743 e/A^3
 XMAPX: real part of section #  20 ave. dens.=       0.31360 sigma=       0.39825 e/A^3
 XMAPX: real part of section #  21 ave. dens.=       0.28363 sigma=       0.38244 e/A^3
 XMAPX: real part of section #  22 ave. dens.=       0.22776 sigma=       0.33892 e/A^3
 XMAPX: real part of section #  23 ave. dens.=       0.21170 sigma=       0.35578 e/A^3
 XMAPX: real part of section #  24 ave. dens.=       0.17609 sigma=       0.34242 e/A^3
 XMAPX: real part of section #  25 ave. dens.=       0.18712 sigma=       0.33645 e/A^3
 XMAPX: real part of section #  26 ave. dens.=       0.17318 sigma=       0.33000 e/A^3
 XRAY> 
 XRAY>   read map input=xmread.dat formatted=false to=map8 end 
 ASSFIL: file xmread.dat opened.
 REMARKS FILENAME="xmread.dat"
 REMARKS file toppar/protein.link
 REMARKS
 REMARKS this is a macro to define standard protein peptide bonds
 REMARKS and termini to generate a protein sequence.
 REMARKS DATE:05-Jul-2018  16:08:30       created by user: oeow39
 REMARKS VERSION:1.3
 XREADX: extend NA=(  24  -5  18) NB=(  12  -4  17) NC=(  16  -9  17) 
 XRAY> 
 XRAY>   show max (abs(map1-map8)) ( all ) 
 Maximum of      2304 elements =                 0.0000
 XRAY> 
 XRAY>end 
 CNSsolve> 
 CNSsolve> 
 CNSsolve>stop 
          ============================================================
           Maximum dynamic memory allocation:     8534128 bytes
           Maximum dynamic memory overhead:          1056 bytes
           Program started at: 16:08:30 on 05-Jul-2018
           Program stopped at: 16:08:30 on 05-Jul-2018
           CPU time used:       1.0933 seconds
          ============================================================
