          ============================================================
          |                                                          |
          |            Crystallography & NMR System (CNS)            |
          |                         CNSsolve                         |
          |                                                          |
          ============================================================
           Version: 1.3
           Status: General release
          ============================================================
           Written by: A.T.Brunger, P.D.Adams, G.M.Clore, W.L.DeLano,
                       P.Gros, R.W.Grosse-Kunstleve,J.-S.Jiang,J.M.Krahn,
                       J.Kuszewski, M.Nilges, N.S.Pannu, R.J.Read,
                       L.M.Rice, G.F.Schroeder, T.Simonson, G.L.Warren.
           Copyright (c) 1997-2010 Yale University
          ============================================================
           Running on machine: lewis4-r710-login-node223 (x86_64/Linux,64-bit)
                               with 16 threads
           Program started by: oeow39
           Program started at: 16:08:31 on 05-Jul-2018
          ============================================================

 FFT3C: Using FFTPACK4.1

 CNSsolve>remarks   file xprobab.inp  -- test phase probability functions 
 CNSsolve> 
 CNSsolve> 
 CNSsolve>xray 
 XRAY> 
 XRAY>   reflection 
 REFLection> DECLare NAME=pa      DOMAin=RECIprocal   TYPE=REAL END 
 XDECLARE: Object PA has been declared.
 REFLection> DECLare NAME=pb      DOMAin=RECIprocal   TYPE=REAL END 
 XDECLARE: Object PB has been declared.
 REFLection> DECLare NAME=pc      DOMAin=RECIprocal   TYPE=REAL END 
 XDECLARE: Object PC has been declared.
 REFLection> DECLare NAME=pd      DOMAin=RECIprocal   TYPE=REAL END 
 XDECLARE: Object PD has been declared.
 REFLection> DECLare NAME=fph     DOMAin=RECIprocal   TYPE=REAL END 
 XDECLARE: Object FPH has been declared.
 REFLection> DECLare NAME=fp      DOMAin=RECIprocal   TYPE=REAL END 
 XDECLARE: Object FP has been declared.
 REFLection> DECLare NAME=fh      DOMAin=RECIprocal   TYPE=COMPLEX END 
 XDECLARE: Object FH has been declared.
 REFLection> DECLare NAME=var     DOMAin=RECIprocal   TYPE=REAL END 
 XDECLARE: Object VAR has been declared.
 REFLection> INDE     8    0    0 pa=     6.223 pb=     0.000 pc=     0.000 pd=     0.000 fph 3. fp 4. fh 3.5 90.  var 11. 
 XSFAL: allocating space for real reciprocal space object.
 XSFAL: allocating space for real reciprocal space object.
 XSFAL: allocating space for real reciprocal space object.
 XSFAL: allocating space for real reciprocal space object.
 XSFAL: allocating space for real reciprocal space object.
 XSFAL: allocating space for real reciprocal space object.
 XSFAL: allocating space for complex reciprocal space object.
 XSFAL: allocating space for real reciprocal space object.
 XRRR2:        8 new h,k,l indices have been added.
 XRAY> 
 XRAY>  symmetry=( X,Y,Z ) 
 XRAY>  symmetry=( 1/2-X,-Y,1/2+Z ) 
 XRAY>  symmetry=( -X,1/2+Y,1/2-Z ) 
 XRAY>  symmetry=( 1/2+X,1/2-Y,-Z ) 
 XRAY> 
 XRAY> 
 XRAY> 
 XRAY>declare domain=reci type=real name=work end 	{work array} 
 XDECLARE: Object WORK has been declared.
 XRAY>declare domain=reci type=real name=pk end 	{pk array} 
 XDECLARE: Object PK has been declared.
 XRAY>declare domain=reci type=real name=pk2 end 	{pk array} 
 XDECLARE: Object PK2 has been declared.
 XRAY>declare domain=reci type=complex name=m end 	{m array} 
 XDECLARE: Object M has been declared.
 XRAY>declare domain=reci type=complex name=m2 end 	{m array} 
 XDECLARE: Object M2 has been declared.
 XRAY> 
 XRAY> 
 XRAY>do (work=0) (all)				{avoid numerical overflow} 
 XSFAL: allocating space for real reciprocal space object.
 Total of         8 structure factor elements were selected.
 XRAY>do (work= 
 DO>    max 
 DO>    ( 
 DO>     (pa*cos(centric_phase)+pb*sin(centric_phase)), 
 DO>     (-pa*cos(centric_phase)-pb*sin(centric_phase)) 
 DO>    ) 
 DO>   ) (centric) 
 Total of         3 structure factor elements were selected.
 XRAY>do (work= 
 DO>    maximize[_phi,0,360,0.1] 
 DO>    ( 
 DO>     pa*cos(_phi)+pb*sin(_phi)+pc*cos(2*_phi)+pd*sin(2*_phi) 
 DO>    ) 
 DO>   ) (acentric) 
 Total of         5 structure factor elements were selected.
 XRAY> 
 XRAY>do (pk=					{normalize} 
 DO>    exp 
 DO>    ( 
 DO>     pa*cos(centric_phase)+pb*sin(centric_phase) 
 DO>     -work 
 DO>    ) 
 DO>    +exp 
 DO>    ( 
 DO>     -pa*cos(centric_phase)-pb*sin(centric_phase) 
 DO>     -work 
 DO>    ) 
 DO>   )   (centric) 
 XSFAL: allocating space for real reciprocal space object.
 Total of         3 structure factor elements were selected.
 XRAY>do (pk= 
 DO>    integrate[_phi,0,360,0.1] 
 DO>    (exp 
 DO>     ( 
 DO>      pa*cos(_phi)+pb*sin(_phi)+pc*cos(2*_phi)+pd*sin(2*_phi)-work 
 DO>     ) 
 DO>    ) 
 DO>   )   (acentric) 
 Total of         5 structure factor elements were selected.
 XRAY> 
 XRAY>do (pk=-log(pk)-work) (all)			{correct by work} 
 Total of         8 structure factor elements were selected.
 XRAY> 
 XRAY>show (pk) ( all ) 
 [H=    8 K=    0 L=    0]       -6.2230
 [H=    4 K=    1 L=    0]       -0.7482
 [H=    4 K=   10 L=    2]       -6.3888
 [H=    6 K=   10 L=    2]      -48.0817
 [H=    7 K=   10 L=    2]      -44.8110
 [H=    0 K=   11 L=    2]      -75.5080
 [H=    1 K=   11 L=    2]      -21.6872
 [H=    2 K=   11 L=    2]      -28.6978
 Total of         8 elements were selected.
 XRAY> 
 XRAY>do (pk2=get_norm[phistep=0.1,CEN360=TRUE](pa,pb,pc,pd) ) ( all ) 
 XSFAL: allocating space for real reciprocal space object.
 Total of         8 structure factor elements were selected.
 XRAY> 
 XRAY>show (pk2) ( all ) 
 [H=    8 K=    0 L=    0]      -10.2981
 [H=    4 K=    1 L=    0]       -5.9140
 [H=    4 K=   10 L=    2]       -6.3888
 [H=    6 K=   10 L=    2]      -48.0817
 [H=    7 K=   10 L=    2]      -44.8110
 [H=    0 K=   11 L=    2]      -78.3147
 [H=    1 K=   11 L=    2]      -21.6872
 [H=    2 K=   11 L=    2]      -28.6978
 Total of         8 elements were selected.
 XRAY> 
 XRAY>do (pk2=get_norm[phistep=0.1,CEN360=FALSE](pa,pb,pc,pd) ) ( all ) 
 Total of         8 structure factor elements were selected.
 XRAY> 
 XRAY>show (pk2) ( all ) 
 [H=    8 K=    0 L=    0]       -6.2230
 [H=    4 K=    1 L=    0]       -0.7482
 [H=    4 K=   10 L=    2]       -6.3888
 [H=    6 K=   10 L=    2]      -48.0817
 [H=    7 K=   10 L=    2]      -44.8110
 [H=    0 K=   11 L=    2]      -75.5080
 [H=    1 K=   11 L=    2]      -21.6872
 [H=    2 K=   11 L=    2]      -28.6978
 Total of         8 elements were selected.
 XRAY> 
 XRAY> 
 XRAY>do (m= 
 DO>    (combine(1,centric_phase)* 
 DO>     ( 
 DO>      exp 
 DO>      ( 
 DO>       pk+pa*cos(centric_phase)+pb*sin(centric_phase) 
 DO>      ) 
 DO>      -exp 
 DO>      ( 
 DO>       pk-pa*cos(centric_phase)-pb*sin(centric_phase) 
 DO>      ) 
 DO>     ) 
 DO>    ) 
 DO>   )   (centric) 
 XSFAL: allocating space for complex reciprocal space object.
 Total of         3 structure factor elements were selected.
 XRAY> 
 XRAY>do (m= 
 DO>    (integrate[_phi,0,360,0.1] 
 DO>     (combine(1,_phi)* 
 DO>      exp 
 DO>      ( 
 DO>       pk+pa*cos(_phi)+pb*sin(_phi)+pc*cos(2*_phi)+pd*sin(2*_phi) 
 DO>      ) 
 DO>     ) 
 DO>    ) 
 DO>   )   (acentric) 
 Total of         5 structure factor elements were selected.
 XRAY> 
 XRAY> 
 XRAY>show (m) ( all ) 
 [H=    8 K=    0 L=    0]  Amplitude=       1.0000  Phase=       0.0000
 [H=    4 K=    1 L=    0]  Amplitude=       0.3230  Phase=       0.0000
 [H=    4 K=   10 L=    2]  Amplitude=       0.2599  Phase=     127.7409
 [H=    6 K=   10 L=    2]  Amplitude=       0.9438  Phase=     111.2539
 [H=    7 K=   10 L=    2]  Amplitude=       0.8901  Phase=     166.0991
 [H=    0 K=   11 L=    2]  Amplitude=       1.0000  Phase=      90.0000
 [H=    1 K=   11 L=    2]  Amplitude=       0.8867  Phase=     170.3905
 [H=    2 K=   11 L=    2]  Amplitude=       0.7064  Phase=     277.0951
 Total of         8 elements were selected.
 XRAY> 
 XRAY>do (m2=get_fom[phistep=0.1,CEN360=TRUE](pa,pb,pc,pd) ) ( all ) 
 XSFAL: allocating space for complex reciprocal space object.
 Total of         8 structure factor elements were selected.
 XRAY> 
 XRAY>show (m2) ( all ) 
 [H=    8 K=    0 L=    0]  Amplitude=       0.9157  Phase=       0.0000
 [H=    4 K=    1 L=    0]  Amplitude=       0.1652  Phase=       0.0000
 [H=    4 K=   10 L=    2]  Amplitude=       0.2599  Phase=     127.7409
 [H=    6 K=   10 L=    2]  Amplitude=       0.9438  Phase=     111.2539
 [H=    7 K=   10 L=    2]  Amplitude=       0.8901  Phase=     166.0991
 [H=    0 K=   11 L=    2]  Amplitude=       0.9934  Phase=      90.0000
 [H=    1 K=   11 L=    2]  Amplitude=       0.8867  Phase=     170.3905
 [H=    2 K=   11 L=    2]  Amplitude=       0.7064  Phase=     277.0951
 Total of         8 elements were selected.
 XRAY> 
 XRAY>do (m2=get_fom[phistep=0.1,cen360=FALSE](pa,pb,pc,pd) ) ( all ) 
 Total of         8 structure factor elements were selected.
 XRAY> 
 XRAY>show (m2) ( all ) 
 [H=    8 K=    0 L=    0]  Amplitude=       1.0000  Phase=       0.0000
 [H=    4 K=    1 L=    0]  Amplitude=       0.3230  Phase=       0.0000
 [H=    4 K=   10 L=    2]  Amplitude=       0.2599  Phase=     127.7409
 [H=    6 K=   10 L=    2]  Amplitude=       0.9438  Phase=     111.2539
 [H=    7 K=   10 L=    2]  Amplitude=       0.8901  Phase=     166.0991
 [H=    0 K=   11 L=    2]  Amplitude=       1.0000  Phase=      90.0000
 [H=    1 K=   11 L=    2]  Amplitude=       0.8867  Phase=     170.3905
 [H=    2 K=   11 L=    2]  Amplitude=       0.7064  Phase=     277.0951
 Total of         8 elements were selected.
 XRAY> 
 XRAY>end 
 CNSsolve> 
 CNSsolve> 
 CNSsolve>xray 
 XRAY> 
 XRAY>do (m2=GET_ML[phistep=5.,cen360=TRUE](FP,FH,FPH,1/(2*var),PK,PA,PB,PC,PD)) ( all ) 
 Total of         8 structure factor elements were selected.
 XRAY>show (m2) ( all ) 
 [H=    8 K=    0 L=    0]  Amplitude=      16.1513  Phase=       0.0000
 [H=    4 K=    1 L=    0]  Amplitude=      69.4235  Phase=       0.0000
 [H=    4 K=   10 L=    2]  Amplitude=       1.1522  Phase=       0.0000
 [H=    6 K=   10 L=    2]  Amplitude=       0.9668  Phase=       0.0000
 [H=    7 K=   10 L=    2]  Amplitude=       0.0697  Phase=       0.0000
 [H=    0 K=   11 L=    2]  Amplitude=      18.7735  Phase=       0.0000
 [H=    1 K=   11 L=    2]  Amplitude=       0.2240  Phase=       0.0000
 [H=    2 K=   11 L=    2]  Amplitude=       0.4995  Phase=       0.0000
 Total of         8 elements were selected.
 XRAY> 
 XRAY>do (m2=GET_ML[phistep=5.,cen360=FALSE](FP,FH,FPH,1/(2*var),PK,PA,PB,PC,PD)) ( all ) 
 Total of         8 structure factor elements were selected.
 XRAY>show (m2) ( all ) 
 [H=    8 K=    0 L=    0]  Amplitude=       0.2436  Phase=       0.0000
 [H=    4 K=    1 L=    0]  Amplitude=       0.3685  Phase=       0.0000
 [H=    4 K=   10 L=    2]  Amplitude=       1.1522  Phase=       0.0000
 [H=    6 K=   10 L=    2]  Amplitude=       0.9668  Phase=       0.0000
 [H=    7 K=   10 L=    2]  Amplitude=       0.0697  Phase=       0.0000
 [H=    0 K=   11 L=    2]  Amplitude=       1.1383  Phase=       0.0000
 [H=    1 K=   11 L=    2]  Amplitude=       0.2240  Phase=       0.0000
 [H=    2 K=   11 L=    2]  Amplitude=       0.4995  Phase=       0.0000
 Total of         8 elements were selected.
 XRAY> 
 XRAY>do (m=1/(2*var)* 
 DO>                     integrate[_phi,0,360,5.] 
 DO>                     ( 
 DO>                      (abs(fh+combine(abs(fp),_phi))-abs(fph))^2 
 DO>                      *exp 
 DO>                      (pk+pa*cos(_phi)+pb*sin(_phi) 
 DO>                       +pc*cos(2*_phi)+pd*sin(2*_phi) 
 DO>                      )))  ( acentric) 
 Total of         5 structure factor elements were selected.
 XRAY>do (m=1/(2*var)* 
 DO>                     ( 
 DO>                      (abs(fh+combine(abs(fp),centric_phase))-abs(fph))^2 
 DO>                      *exp 
 DO>                      (pk+pa*cos(centric_phase)+pb*sin(centric_phase)) 
 DO>                      +(abs(fh-combine(abs(fp),centric_phase))-abs(fph))^2 
 DO>                      *exp 
 DO>                      (pk-pa*cos(centric_phase)-pb*sin(centric_phase) 
 DO>                      ))) ( centric ) 
 Total of         3 structure factor elements were selected.
 XRAY> 
 XRAY>show ( m) ( all ) 
 [H=    8 K=    0 L=    0]  Amplitude=       0.2436  Phase=       0.0000
 [H=    4 K=    1 L=    0]  Amplitude=       0.3685  Phase=       0.0000
 [H=    4 K=   10 L=    2]  Amplitude=       1.1522  Phase=       0.0000
 [H=    6 K=   10 L=    2]  Amplitude=       0.9668  Phase=       0.0000
 [H=    7 K=   10 L=    2]  Amplitude=       0.0697  Phase=       0.0000
 [H=    0 K=   11 L=    2]  Amplitude=       1.1383  Phase=       0.0000
 [H=    1 K=   11 L=    2]  Amplitude=       0.2240  Phase=       0.0000
 [H=    2 K=   11 L=    2]  Amplitude=       0.4995  Phase=       0.0000
 Total of         8 elements were selected.
 XRAY> 
 XRAY>do (m2=GET_DML[phistep=5.,CEN360=TRUE](FP,FH,FPH,1/(2*var),PK,PA,PB,PC,PD)) ( all ) 
 Total of         8 structure factor elements were selected.
 XRAY>show (m2) ( all ) 
 [H=    8 K=    0 L=    0]  Amplitude=      11.5941  Phase=      47.5980
 [H=    4 K=    1 L=    0]  Amplitude=      31.7861  Phase=      63.7503
 [H=    4 K=   10 L=    2]  Amplitude=       0.2813  Phase=     102.8794
 [H=    6 K=   10 L=    2]  Amplitude=       0.4100  Phase=     105.6924
 [H=    7 K=   10 L=    2]  Amplitude=       0.0590  Phase=     109.4994
 [H=    0 K=   11 L=    2]  Amplitude=       7.8642  Phase=      72.2148
 [H=    1 K=   11 L=    2]  Amplitude=       0.1408  Phase=     123.7314
 [H=    2 K=   11 L=    2]  Amplitude=       0.0446  Phase=     314.7863
 Total of         8 elements were selected.
 XRAY> 
 XRAY>do (m2=GET_DML[phistep=5.,CEN360=FALSE](FP,FH,FPH,1/(2*var),PK,PA,PB,PC,PD)) ( all ) 
 Total of         8 structure factor elements were selected.
 XRAY>show (m2) ( all ) 
 [H=    8 K=    0 L=    0]  Amplitude=       0.2105  Phase=      41.1861
 [H=    4 K=    1 L=    0]  Amplitude=       0.2045  Phase=      52.8868
 [H=    4 K=   10 L=    2]  Amplitude=       0.2813  Phase=     102.8794
 [H=    6 K=   10 L=    2]  Amplitude=       0.4100  Phase=     105.6924
 [H=    7 K=   10 L=    2]  Amplitude=       0.0590  Phase=     109.4994
 [H=    0 K=   11 L=    2]  Amplitude=       0.4771  Phase=      72.3158
 [H=    1 K=   11 L=    2]  Amplitude=       0.1408  Phase=     123.7314
 [H=    2 K=   11 L=    2]  Amplitude=       0.0446  Phase=     314.7863
 Total of         8 elements were selected.
 XRAY> 
 XRAY>do (m=1/(2*var)* 
 DO>                     integrate[_phi,0,360,5.] 
 DO>                     ( 
 DO>                      2*(abs(fh+combine(abs(fp),_phi))-abs(fph)) 
 DO>                       *(fh+combine(abs(fp),_phi)) 
 DO>                       /abs(fh+combine(abs(fp),_phi)) 
 DO>                      *exp 
 DO>                      (pk+pa*cos(_phi)+pb*sin(_phi) 
 DO>                       +pc*cos(2*_phi)+pd*sin(2*_phi) 
 DO>                      )))  ( acentric) 
 Total of         5 structure factor elements were selected.
 XRAY>do (m=1/(2*var)* 
 DO>                     ( 
 DO>                       2*(abs(fh+combine(abs(fp),centric_phase))-abs(fph)) 
 DO>                       *(fh+combine(abs(fp),centric_phase)) 
 DO>                       /abs(fh+combine(abs(fp),centric_phase)) 
 DO>                      *exp 
 DO>                      (pk+pa*cos(centric_phase)+pb*sin(centric_phase)) 
 DO>                      + 
 DO>                       2*(abs(fh-combine(abs(fp),centric_phase))-abs(fph)) 
 DO>                       *(fh-combine(abs(fp),centric_phase)) 
 DO>                       /abs(fh-combine(abs(fp),centric_phase)) 
 DO>                      *exp 
 DO>                      (pk-pa*cos(centric_phase)-pb*sin(centric_phase) 
 DO>                      ))) ( centric ) 
 Total of         3 structure factor elements were selected.
 XRAY> 
 XRAY>show ( m) ( all ) 
 [H=    8 K=    0 L=    0]  Amplitude=       0.2105  Phase=      41.1861
 [H=    4 K=    1 L=    0]  Amplitude=       0.2045  Phase=      52.8868
 [H=    4 K=   10 L=    2]  Amplitude=       0.2813  Phase=     102.8794
 [H=    6 K=   10 L=    2]  Amplitude=       0.4100  Phase=     105.6924
 [H=    7 K=   10 L=    2]  Amplitude=       0.0590  Phase=     109.4994
 [H=    0 K=   11 L=    2]  Amplitude=       0.4771  Phase=      72.3158
 [H=    1 K=   11 L=    2]  Amplitude=       0.1408  Phase=     123.7314
 [H=    2 K=   11 L=    2]  Amplitude=       0.0446  Phase=     314.7863
 Total of         8 elements were selected.
 XRAY> 
 XRAY>do (m2=GET_DSML[phistep=5.,CEN360=TRUE](FP,FH,FPH,1/(2*var),PK,PA,PB,PC,PD)) ( all ) 
 Total of         8 structure factor elements were selected.
 XRAY>show (m2) ( all ) 
 [H=    8 K=    0 L=    0]  Amplitude=      11.7830  Phase=       0.0000
 [H=    4 K=    1 L=    0]  Amplitude=      35.2825  Phase=       0.0000
 [H=    4 K=   10 L=    2]  Amplitude=       0.3861  Phase=       0.0000
 [H=    6 K=   10 L=    2]  Amplitude=       0.4187  Phase=       0.0000
 [H=    7 K=   10 L=    2]  Amplitude=       0.0534  Phase=       0.0000
 [H=    0 K=   11 L=    2]  Amplitude=       7.8807  Phase=       0.0000
 [H=    1 K=   11 L=    2]  Amplitude=       0.1426  Phase=       0.0000
 [H=    2 K=   11 L=    2]  Amplitude=       0.2907  Phase=     180.0000
 Total of         8 elements were selected.
 XRAY> 
 XRAY>do (m2=GET_DSML[phistep=5.,CEN360=FALSE](FP,FH,FPH,1/(2*var),PK,PA,PB,PC,PD)) ( all ) 
 Total of         8 structure factor elements were selected.
 XRAY>show (m2) ( all ) 
 [H=    8 K=    0 L=    0]  Amplitude=       0.2105  Phase=       0.0000
 [H=    4 K=    1 L=    0]  Amplitude=       0.2396  Phase=       0.0000
 [H=    4 K=   10 L=    2]  Amplitude=       0.3861  Phase=       0.0000
 [H=    6 K=   10 L=    2]  Amplitude=       0.4187  Phase=       0.0000
 [H=    7 K=   10 L=    2]  Amplitude=       0.0534  Phase=       0.0000
 [H=    0 K=   11 L=    2]  Amplitude=       0.4771  Phase=       0.0000
 [H=    1 K=   11 L=    2]  Amplitude=       0.1426  Phase=       0.0000
 [H=    2 K=   11 L=    2]  Amplitude=       0.2907  Phase=     180.0000
 Total of         8 elements were selected.
 XRAY> 
 XRAY>evaluate ($cen360=false) 
 EVALUATE: symbol $CEN360 set to FALSE (logical)
 XRAY>do (m2=GET_DSML[phistep=5.,CEN360=$cen360](FP,FH,FPH,1/(2*var),PK,PA,PB,PC,PD)) ( all ) 
 Total of         8 structure factor elements were selected.
 XRAY>show (m2) ( all ) 
 [H=    8 K=    0 L=    0]  Amplitude=       0.2105  Phase=       0.0000
 [H=    4 K=    1 L=    0]  Amplitude=       0.2396  Phase=       0.0000
 [H=    4 K=   10 L=    2]  Amplitude=       0.3861  Phase=       0.0000
 [H=    6 K=   10 L=    2]  Amplitude=       0.4187  Phase=       0.0000
 [H=    7 K=   10 L=    2]  Amplitude=       0.0534  Phase=       0.0000
 [H=    0 K=   11 L=    2]  Amplitude=       0.4771  Phase=       0.0000
 [H=    1 K=   11 L=    2]  Amplitude=       0.1426  Phase=       0.0000
 [H=    2 K=   11 L=    2]  Amplitude=       0.2907  Phase=     180.0000
 Total of         8 elements were selected.
 XRAY> 
 XRAY>declare domain=reci type=comp name=fdummy end   {work array for phase shifts} 
 XDECLARE: Object FDUMMY has been declared.
 XRAY>declare domain=reci type=comp name=fdummy2 end  {work array for inversion} 
 XDECLARE: Object FDUMMY2 has been declared.
 XRAY>declare domain=reci type=real name=dummy1 end {work HL coefficient A} 
 XDECLARE: Object DUMMY1 has been declared.
 XRAY>declare domain=reci type=real name=dummy2 end {work HL coefficient B} 
 XDECLARE: Object DUMMY2 has been declared.
 XRAY>declare domain=reci type=real name=dummy3 end  {work HL coefficient C} 
 XDECLARE: Object DUMMY3 has been declared.
 XRAY>declare domain=reci type=real name=dummy4 end {work HL coefficient D} 
 XDECLARE: Object DUMMY4 has been declared.
 XRAY> 
 XRAY>                {*set up for phase shifts calculation*} 
 XRAY> 
 XRAY>do (fdummy=combine(1.,0.)) (all)		 
 XSFAL: allocating space for complex reciprocal space object.
 Total of         8 structure factor elements were selected.
 XRAY> 
 XRAY>                {*set up for inversion calculation*} 
 XRAY> 
 XRAY>do (fdummy2=combine(1.,33.)) (all)		 
 XSFAL: allocating space for complex reciprocal space object.
 Total of         8 structure factor elements were selected.
 XRAY> 
 XRAY>                {*expand data structure*} 
 XRAY> 
 XRAY>expand 
 XEXPA2:       17 new reflections have been generated.
 XREDUC: some reflection(s) converted to CNS standard asymm. unit.
 XRAY: data expanded and symmetry reset to P1.
 XRAY>anomalous=true 
 XPARSE: expanding data set (h,k,l)->{(h,k,l),(-h,-k,-l)}
 XEXPFR2:       25 new reflections have been generated.
 XRAY>  symmetry=( X,Y,Z ) 
 XRAY>  symmetry=( 1/2-X,-Y,1/2+Z ) 
 XRAY>  symmetry=( -X,1/2+Y,1/2-Z ) 
 XRAY>  symmetry=( 1/2+X,1/2-Y,-Z ) 
 XRAY> 
 XRAY>                {*copy probability coefficients*} 
 XRAY> 
 XRAY>do (dummy1=pa) (all) 
 XREDUC: some reflection(s) converted to CNS standard asymm. unit.
 XREDU2: multiple instances found for some reflections.
 XREDU2: deleting redundant reflections.
 XREDU2:       37 reflections have been deleted.
 XREDU2: sorting all reflections.
 XSFAL: allocating space for real reciprocal space object.
 Total of        13 structure factor elements were selected.
 XRAY>do (dummy2=pb) (all) 
 XSFAL: allocating space for real reciprocal space object.
 Total of        13 structure factor elements were selected.
 XRAY>do (dummy3=pc) (all) 
 XSFAL: allocating space for real reciprocal space object.
 Total of        13 structure factor elements were selected.
 XRAY>do (dummy4=pd) (all) 
 XSFAL: allocating space for real reciprocal space object.
 Total of        13 structure factor elements were selected.
 XRAY> 
 XRAY>		{*shift phase probabilities*} 
 XRAY> 
 XRAY>do (pa=dummy1*cos(phase(fdummy))-dummy2*sin(phase(fdummy))) (all) 
 Total of        13 structure factor elements were selected.
 XRAY>do (pb=dummy1*sin(phase(fdummy))+dummy2*cos(phase(fdummy))) (all) 
 Total of        13 structure factor elements were selected.
 XRAY>do (pc=dummy3*cos(2*phase(fdummy))-dummy4*sin(2*phase(fdummy))) (all) 
 Total of        13 structure factor elements were selected.
 XRAY>do (pd=dummy3*sin(2*phase(fdummy))+dummy4*cos(2*phase(fdummy))) (all) 
 Total of        13 structure factor elements were selected.
 XRAY> 
 XRAY>                {*apply inversion*} 
 XRAY> 
 XRAY>do (pb=-pb)  (phase(fdummy2*fdummy)#33.) 
 Total of         8 structure factor elements were selected.
 XRAY>do (pd=-pd)  (phase(fdummy2*fdummy)#33.) 
 Total of         8 structure factor elements were selected.
 XRAY> 
 XRAY>do (fp=fp+1. ) ( l > 0 ) 
 Total of         5 structure factor elements were selected.
 XRAY>do (fph=fph+2. ) ( l > 0 ) 
 Total of         5 structure factor elements were selected.
 XRAY>do (fh=fh+5. ) ( l > 0 ) 
 Total of         5 structure factor elements were selected.
 XRAY>do (pa=pa+2. ) ( l > 0 ) 
 Total of         5 structure factor elements were selected.
 XRAY>do (pb=pb+3. ) ( l > 0 ) 
 Total of         5 structure factor elements were selected.
 XRAY>do (pc=pc+4. ) ( l > 0 ) 
 Total of         5 structure factor elements were selected.
 XRAY>do (pd=pd+6. ) ( l > 0 ) 
 Total of         5 structure factor elements were selected.
 XRAY>do (pk=pk+2. ) ( l > 0 ) 
 Total of         5 structure factor elements were selected.
 XRAY>do (var=var+1. ) ( l > 0 ) 
 Total of         5 structure factor elements were selected.
 XRAY> 
 XRAY> 
 XRAY>do (m2=GET_AML[phistep=5.](FP,FH,FPH,1/(2*var),PK,PA,PB,PC,PD)) ( all ) 
 Total of        13 structure factor elements were selected.
 XRAY>show (m2) ( all ) 
 [H=    4 K=   10 L=   -2]  Amplitude=       0.4698  Phase=       0.0000
 [H=    6 K=   10 L=   -2]  Amplitude=       0.1262  Phase=       0.0000
 [H=    7 K=   10 L=   -2]  Amplitude=       0.6946  Phase=       0.0000
 [H=    0 K=   11 L=   -2]  Amplitude=       0.0000  Phase=       0.0000
 [H=    1 K=   11 L=   -2]  Amplitude=       0.1077  Phase=       0.0000
 [H=    2 K=   11 L=   -2]  Amplitude=       0.4702  Phase=       0.0000
 [H=    8 K=    0 L=    0]  Amplitude=       0.0000  Phase=       0.0000
 [H=    4 K=    1 L=    0]  Amplitude=       0.0000  Phase=       0.0000
 [H=    4 K=   10 L=    2]  Amplitude=    6589.6460  Phase=       0.0000
 [H=    6 K=   10 L=    2]  Amplitude=       1.4095  Phase=       0.0000
 [H=    7 K=   10 L=    2]  Amplitude=     125.2348  Phase=       0.0000
 [H=    1 K=   11 L=    2]  Amplitude=      16.5548  Phase=       0.0000
 [H=    2 K=   11 L=    2]  Amplitude=      22.6695  Phase=       0.0000
 Total of        13 elements were selected.
 XRAY> 
 XRAY>do (m=1/(2*var)* 
 DO>                     integrate[_phi,0,360,5.] 
 DO>                     ( 
 DO>                   ( 
 DO>                    abs(fh+combine(abs(fp),_phi)) 
 DO>                    -abs(friedel(fh)+combine(abs(friedel(fp)),-_phi)) 
 DO>                    -abs(fph)+abs(friedel(fph)) 
 DO>                   )^2 
 DO>                      *exp 
 DO>                      (pk+pa*cos(_phi)+pb*sin(_phi) 
 DO>                       +pc*cos(2*_phi)+pd*sin(2*_phi) 
 DO>                      ))) ( acentric) 
 Total of        10 structure factor elements were selected.
 XRAY>do (m=0) ( centric ) 
 Total of         3 structure factor elements were selected.
 XRAY> 
 XRAY>show ( m) ( all ) 
 [H=    4 K=   10 L=   -2]  Amplitude=       0.4698  Phase=       0.0000
 [H=    6 K=   10 L=   -2]  Amplitude=       0.1262  Phase=       0.0000
 [H=    7 K=   10 L=   -2]  Amplitude=       0.6946  Phase=       0.0000
 [H=    0 K=   11 L=   -2]  Amplitude=       0.0000  Phase=       0.0000
 [H=    1 K=   11 L=   -2]  Amplitude=       0.1077  Phase=       0.0000
 [H=    2 K=   11 L=   -2]  Amplitude=       0.4702  Phase=       0.0000
 [H=    8 K=    0 L=    0]  Amplitude=       0.0000  Phase=       0.0000
 [H=    4 K=    1 L=    0]  Amplitude=       0.0000  Phase=       0.0000
 [H=    4 K=   10 L=    2]  Amplitude=    6589.6460  Phase=       0.0000
 [H=    6 K=   10 L=    2]  Amplitude=       1.4095  Phase=       0.0000
 [H=    7 K=   10 L=    2]  Amplitude=     125.2348  Phase=       0.0000
 [H=    1 K=   11 L=    2]  Amplitude=      16.5548  Phase=       0.0000
 [H=    2 K=   11 L=    2]  Amplitude=      22.6695  Phase=       0.0000
 Total of        13 elements were selected.
 XRAY> 
 XRAY> 
 XRAY>do (m2=GET_DAML[phistep=5.](FP,FH,FPH,1/(2*var),PK,PA,PB,PC,PD)) ( all ) 
 Total of        13 structure factor elements were selected.
 XRAY>show (m2) ( all ) 
 [H=    4 K=   10 L=   -2]  Amplitude=       0.1744  Phase=     181.5565
 [H=    6 K=   10 L=   -2]  Amplitude=       0.1160  Phase=     244.0142
 [H=    7 K=   10 L=   -2]  Amplitude=       0.3057  Phase=      35.0081
 [H=    0 K=   11 L=   -2]  Amplitude=       0.0000  Phase=       0.0000
 [H=    1 K=   11 L=   -2]  Amplitude=       0.0958  Phase=      51.6444
 [H=    2 K=   11 L=   -2]  Amplitude=       0.2546  Phase=     176.0272
 [H=    8 K=    0 L=    0]  Amplitude=       0.0000  Phase=       0.0000
 [H=    4 K=    1 L=    0]  Amplitude=       0.0000  Phase=       0.0000
 [H=    4 K=   10 L=    2]  Amplitude=    5145.3474  Phase=      34.1023
 [H=    6 K=   10 L=    2]  Amplitude=       2.2837  Phase=      52.3947
 [H=    7 K=   10 L=    2]  Amplitude=      42.6990  Phase=     303.6329
 [H=    1 K=   11 L=    2]  Amplitude=      12.5555  Phase=     227.2708
 [H=    2 K=   11 L=    2]  Amplitude=       9.7453  Phase=     203.4549
 Total of        13 elements were selected.
 XRAY> 
 XRAY>do (m=1/(var)* 
 DO>                     integrate[_phi,0,360,5.] 
 DO>                     ( 
 DO>                   ( 
 DO>                    abs(fh+combine(abs(fp),_phi)) 
 DO>                    -abs(friedel(fh)+combine(abs(friedel(fp)),-_phi)) 
 DO>                    -abs(fph)+abs(friedel(fph)) 
 DO>                   ) 
 DO>                       *(fh+combine(abs(fp),_phi)) 
 DO>                       /abs(fh+combine(abs(fp),_phi)) 
 DO>                      *exp 
 DO>                      (pk+pa*cos(_phi)+pb*sin(_phi) 
 DO>                       +pc*cos(2*_phi)+pd*sin(2*_phi) 
 DO>                      ))) ( acentric) 
 Total of        10 structure factor elements were selected.
 XRAY>do (m=0) ( centric ) 
 Total of         3 structure factor elements were selected.
 XRAY> 
 XRAY>show ( m) ( all ) 
 [H=    4 K=   10 L=   -2]  Amplitude=       0.1744  Phase=     181.5565
 [H=    6 K=   10 L=   -2]  Amplitude=       0.1160  Phase=     244.0142
 [H=    7 K=   10 L=   -2]  Amplitude=       0.3057  Phase=      35.0081
 [H=    0 K=   11 L=   -2]  Amplitude=       0.0000  Phase=       0.0000
 [H=    1 K=   11 L=   -2]  Amplitude=       0.0958  Phase=      51.6444
 [H=    2 K=   11 L=   -2]  Amplitude=       0.2546  Phase=     176.0272
 [H=    8 K=    0 L=    0]  Amplitude=       0.0000  Phase=       0.0000
 [H=    4 K=    1 L=    0]  Amplitude=       0.0000  Phase=       0.0000
 [H=    4 K=   10 L=    2]  Amplitude=    5145.3474  Phase=      34.1023
 [H=    6 K=   10 L=    2]  Amplitude=       2.2837  Phase=      52.3947
 [H=    7 K=   10 L=    2]  Amplitude=      42.6990  Phase=     303.6329
 [H=    1 K=   11 L=    2]  Amplitude=      12.5555  Phase=     227.2708
 [H=    2 K=   11 L=    2]  Amplitude=       9.7453  Phase=     203.4549
 Total of        13 elements were selected.
 XRAY> 
 XRAY>do (m2=GET_DSAML[phistep=5.](FP,FH,FPH,1/(2*var),PK,PA,PB,PC,PD)) ( all ) 
 Total of        13 structure factor elements were selected.
 XRAY>show (m2) ( all ) 
 [H=    4 K=   10 L=   -2]  Amplitude=       0.1012  Phase=       0.0000
 [H=    6 K=   10 L=   -2]  Amplitude=       0.1169  Phase=       0.0000
 [H=    7 K=   10 L=   -2]  Amplitude=       0.3193  Phase=       0.0000
 [H=    0 K=   11 L=   -2]  Amplitude=       0.0000  Phase=       0.0000
 [H=    1 K=   11 L=   -2]  Amplitude=       0.0967  Phase=       0.0000
 [H=    2 K=   11 L=   -2]  Amplitude=       0.0648  Phase=     180.0000
 [H=    8 K=    0 L=    0]  Amplitude=       0.0000  Phase=       0.0000
 [H=    4 K=    1 L=    0]  Amplitude=       0.0000  Phase=       0.0000
 [H=    4 K=   10 L=    2]  Amplitude=    5128.1074  Phase=       0.0000
 [H=    6 K=   10 L=    2]  Amplitude=       2.2863  Phase=       0.0000
 [H=    7 K=   10 L=    2]  Amplitude=      45.2803  Phase=     180.0000
 [H=    1 K=   11 L=    2]  Amplitude=      12.7310  Phase=     180.0000
 [H=    2 K=   11 L=    2]  Amplitude=      10.6268  Phase=     180.0000
 Total of        13 elements were selected.
 XRAY> 
 XRAY>end 
 CNSsolve> 
 CNSsolve>stop 
          ============================================================
           Maximum dynamic memory allocation:     8428544 bytes
           Maximum dynamic memory overhead:           688 bytes
           Program started at: 16:08:31 on 05-Jul-2018
           Program stopped at: 16:08:31 on 05-Jul-2018
           CPU time used:       3.4767 seconds
          ============================================================
