          ============================================================
          |                                                          |
          |            Crystallography & NMR System (CNS)            |
          |                         CNSsolve                         |
          |                                                          |
          ============================================================
           Version: 1.3
           Status: General release
          ============================================================
           Written by: A.T.Brunger, P.D.Adams, G.M.Clore, W.L.DeLano,
                       P.Gros, R.W.Grosse-Kunstleve,J.-S.Jiang,J.M.Krahn,
                       J.Kuszewski, M.Nilges, N.S.Pannu, R.J.Read,
                       L.M.Rice, G.F.Schroeder, T.Simonson, G.L.Warren.
           Copyright (c) 1997-2010 Yale University
          ============================================================
           Running on machine: lewis4-r710-login-node223 (x86_64/Linux,64-bit)
                               with 16 threads
           Program started by: oeow39
           Program started at: 16:08:32 on 05-Jul-2018
          ============================================================

 FFT3C: Using FFTPACK4.1

 CNSsolve>remarks  file: xreduce.inp 
 CNSsolve>remarks   test merging/reducing/expanding reflections 
 CNSsolve> 
 CNSsolve>{* test merging of reflections *} 
 CNSsolve>xray 
 XRAY>   reset 
 XRAY: whole xray database erased and reset
 XRAY>   declare name=fobs type=complex domain=reciprocal end 
 XDECLARE: Object FOBS has been declared.
 XRAY>   declare name=fpart domain=reciprocal type=complex end 
 XDECLARE: Object FPART has been declared.
 XRAY>   declare name=fcalc domain=reciprocal type=complex end 
 XDECLARE: Object FCALC has been declared.
 XRAY>   declare name=fom domain=reciprocal type=real end 
 XDECLARE: Object FOM has been declared.
 XRAY>   declare name=weight domain=reciprocal type=real end 
 XDECLARE: Object WEIGHT has been declared.
 XRAY>   declare name=sigma domain=reciprocal type=real end 
 XDECLARE: Object SIGMA has been declared.
 XRAY>   declare name=test domain=reciprocal type=integer end 
 XDECLARE: Object TEST has been declared.
 XRAY> 
 XRAY>   evaluate ($lr=30.) 
 EVALUATE: symbol $LR set to    30.0000     (real)
 XRAY>   evaluate ($hr=0.1) 
 EVALUATE: symbol $HR set to   0.100000     (real)
 XRAY>   binresolution $lr $hr 
 XRAY>   mapresolution $hr 
 XRAY>   tselection=( $hr <= d <= $lr and 100000. >= amplitude(fobs)>=0.0 ) 
 XRAY> 
 XRAY>   hermitian=false 
 XRAY>   reflection 
 REFLection>     index 1 2 3 fobs 40.  90. fom 0.5 
 XSFAL: allocating space for complex reciprocal space object.
 XSFAL: allocating space for real reciprocal space object.
 XSFAL: allocating space for real reciprocal space object.
 XSFAL: allocating space for real reciprocal space object.
 XRRR2:        6 new h,k,l indices have been added.
 XRAY>   do (fcalc=0) ( all ) 
 XSFAL: allocating space for complex reciprocal space object.
 Total of         6 structure factor elements were selected.
 XRAY>   do (fpart=0) ( all ) 
 XSFAL: allocating space for complex reciprocal space object.
 Total of         6 structure factor elements were selected.
 XRAY> 
 XRAY>   write reflection fobs fcalc fpart fom weight sigma  sele=( all ) end 
 Total of         6 structure factor elements were selected.
 NREFlection=         6
 ANOMalous=TRUE { equiv. to HERMitian=FALSe}
 DECLare NAME=FOBS                   DOMAin=RECIprocal   TYPE=COMP END
 DECLare NAME=FCALC                  DOMAin=RECIprocal   TYPE=COMP END
 DECLare NAME=FPART                  DOMAin=RECIprocal   TYPE=COMP END
 DECLare NAME=FOM                    DOMAin=RECIprocal   TYPE=REAL END
 DECLare NAME=WEIGHT                 DOMAin=RECIprocal   TYPE=REAL END
 DECLare NAME=SIGMA                  DOMAin=RECIprocal   TYPE=REAL END
 INDE     1    2    3 FOBS=    40.000    90.000 FCALC=     0.000     0.000
                   FPART=     0.000     0.000 FOM=     0.500 WEIGHT=     0.000
                   SIGMA=     0.000
 INDE     2    3    4 FOBS=    30.000    60.000 FCALC=     0.000     0.000
                   FPART=     0.000     0.000 FOM=     0.400 WEIGHT=     1.400
                   SIGMA=     0.000
 INDE     3    4    5 FOBS=    20.000    50.000 FCALC=     0.000     0.000
                   FPART=     0.000     0.000 FOM=     0.300 WEIGHT=     0.000
                   SIGMA=     0.000
 INDE    -1   -2   -3 FOBS=    40.000    90.000 FCALC=     0.000     0.000
                   FPART=     0.000     0.000 FOM=     0.500 WEIGHT=     0.000
                   SIGMA=     4.000
 INDE    -2   -3   -4 FOBS=    30.000    60.000 FCALC=     0.000     0.000
                   FPART=     0.000     0.000 FOM=     0.400 WEIGHT=     0.000
                   SIGMA=     0.000
 INDE    -3   -4   -5 FOBS=    20.000    50.000 FCALC=     0.000     0.000
                   FPART=     0.000     0.000 FOM=     0.300 WEIGHT=     0.000
                   SIGMA=     0.000
 XRAY>   reflection 
 REFLection>     index 1 2 3   fcalc 3. 3.5 fpart 4. 4.5 sigma 3.0 
 REFLection: data will be merged with existing data.
 XRRR2:        1 new h,k,l indices have been added.
 XRAY>   write reflection fobs fcalc fpart fom weight sigma  sele=( all ) end 
 Total of         7 structure factor elements were selected.
 NREFlection=         7
 ANOMalous=TRUE { equiv. to HERMitian=FALSe}
 DECLare NAME=FOBS                   DOMAin=RECIprocal   TYPE=COMP END
 DECLare NAME=FCALC                  DOMAin=RECIprocal   TYPE=COMP END
 DECLare NAME=FPART                  DOMAin=RECIprocal   TYPE=COMP END
 DECLare NAME=FOM                    DOMAin=RECIprocal   TYPE=REAL END
 DECLare NAME=WEIGHT                 DOMAin=RECIprocal   TYPE=REAL END
 DECLare NAME=SIGMA                  DOMAin=RECIprocal   TYPE=REAL END
 INDE     1    2    3 FOBS=    40.000    90.000 FCALC=     3.000     3.500
                   FPART=     4.000     4.500 FOM=     0.500 WEIGHT=     0.000
                   SIGMA=     3.000
 INDE     2    3    4 FOBS=    30.000    60.000 FCALC=     0.000     0.000
                   FPART=     0.000     0.000 FOM=     0.400 WEIGHT=     1.400
                   SIGMA=     0.000
 INDE     3    4    5 FOBS=    20.000    50.000 FCALC=     0.000     0.000
                   FPART=     0.000     0.000 FOM=     0.300 WEIGHT=     0.000
                   SIGMA=     0.000
 INDE    -1   -2   -3 FOBS=    40.000    90.000 FCALC=     0.000     0.000
                   FPART=     0.000     0.000 FOM=     0.500 WEIGHT=     0.000
                   SIGMA=     4.000
 INDE    -2   -3   -4 FOBS=    30.000    60.000 FCALC=     0.000     0.000
                   FPART=     0.000     0.000 FOM=     0.400 WEIGHT=     0.000
                   SIGMA=     0.000
 INDE    -3   -4   -5 FOBS=    20.000    50.000 FCALC=     0.000     0.000
                   FPART=     0.000     0.000 FOM=     0.300 WEIGHT=     0.000
                   SIGMA=     0.000
 INDE    -1    2   -5 FOBS=    20.000     0.000 FCALC=     4.000     4.500
                   FPART=     0.000     0.000 FOM=     0.000 WEIGHT=     3.000
                   SIGMA=     0.000
 XRAY>end 
 CNSsolve> 
 CNSsolve>{* test expand / reduce  *} 
 CNSsolve> 
 CNSsolve>xray 
 XRAY>   reset 
 XRAY: whole xray database erased and reset
 XRAY>   declare name=fobs type=complex domain=reciprocal end 
 XDECLARE: Object FOBS has been declared.
 XRAY>   declare name=fpart domain=reciprocal type=complex end 
 XDECLARE: Object FPART has been declared.
 XRAY>   declare name=fcalc domain=reciprocal type=complex end 
 XDECLARE: Object FCALC has been declared.
 XRAY>   declare name=fom domain=reciprocal type=real end 
 XDECLARE: Object FOM has been declared.
 XRAY>   declare name=weight domain=reciprocal type=real end 
 XDECLARE: Object WEIGHT has been declared.
 XRAY>   declare name=sigma domain=reciprocal type=real end 
 XDECLARE: Object SIGMA has been declared.
 XRAY>   declare name=test domain=reciprocal type=integer end 
 XDECLARE: Object TEST has been declared.
 XRAY>   evaluate ($lr=30.) 
 EVALUATE: symbol $LR set to    30.0000     (real)
 XRAY>   evaluate ($hr=1.) 
 EVALUATE: symbol $HR set to    1.00000     (real)
 XRAY>   binresolution $lr $hr 
 XRAY>   mapresolution $hr 
 XRAY>   tselection=( $hr <= d <= $lr and 100000. >= amplitude(fobs)>=0.0 ) 
 XRAY> 
 XRAY>   a=40. b=40. c=40. 
 XRAY>   hermitian=true 
 XRAY>   reflection 
 REFLection>     index 1 2 3 fobs 40.  90. fom 0.5 
 XSFAL: allocating space for complex reciprocal space object.
 XSFAL: allocating space for real reciprocal space object.
 XSFAL: allocating space for real reciprocal space object.
 XSFAL: allocating space for real reciprocal space object.
 XRRR2:        9 new h,k,l indices have been added.
 XRAY>   do (fpart=0)  ( all ) 
 XREDUC: some reflection(s) converted to CNS standard asymm. unit.
 XREDU2: multiple instances found for some reflections.
 XREDU2: deleting redundant reflections.
 XREDU2:        6 reflections have been deleted.
 XREDU2: sorting all reflections.
 XSFAL: allocating space for complex reciprocal space object.
 Total of         3 structure factor elements were selected.
 XRAY>   do (fcalc=0) ( all ) 
 XSFAL: allocating space for complex reciprocal space object.
 Total of         3 structure factor elements were selected.
 XRAY> 
 XRAY>   write reflection fobs fcalc fpart fom weight sigma  sele=( all ) end 
 Total of         3 structure factor elements were selected.
 NREFlection=         3
 ANOMalous=FALSe { equiv. to HERMitian=TRUE}
 DECLare NAME=FOBS                   DOMAin=RECIprocal   TYPE=COMP END
 DECLare NAME=FCALC                  DOMAin=RECIprocal   TYPE=COMP END
 DECLare NAME=FPART                  DOMAin=RECIprocal   TYPE=COMP END
 DECLare NAME=FOM                    DOMAin=RECIprocal   TYPE=REAL END
 DECLare NAME=WEIGHT                 DOMAin=RECIprocal   TYPE=REAL END
 DECLare NAME=SIGMA                  DOMAin=RECIprocal   TYPE=REAL END
 INDE     1    2    3 FOBS=    40.000   270.000 FCALC=     0.000     0.000
                   FPART=     0.000     0.000 FOM=     0.500 WEIGHT=     0.000
                   SIGMA=     4.000
 INDE     2    3    4 FOBS=    30.000   300.000 FCALC=     0.000     0.000
                   FPART=     0.000     0.000 FOM=     0.400 WEIGHT=     1.400
                   SIGMA=     0.000
 INDE     3    4    5 FOBS=    20.000   310.000 FCALC=     0.000     0.000
                   FPART=     0.000     0.000 FOM=     0.300 WEIGHT=     0.000
                   SIGMA=     0.000
 XRAY>   reset 
 XRAY: whole xray database erased and reset
 XRAY> 
 XRAY>   declare name=fobs type=complex domain=reciprocal end 
 XDECLARE: Object FOBS has been declared.
 XRAY>   declare name=fpart domain=reciprocal type=complex end 
 XDECLARE: Object FPART has been declared.
 XRAY>   declare name=fcalc domain=reciprocal type=complex end 
 XDECLARE: Object FCALC has been declared.
 XRAY>   declare name=fom domain=reciprocal type=real end 
 XDECLARE: Object FOM has been declared.
 XRAY>   declare name=weight domain=reciprocal type=real end 
 XDECLARE: Object WEIGHT has been declared.
 XRAY>   declare name=sigma domain=reciprocal type=real end 
 XDECLARE: Object SIGMA has been declared.
 XRAY>   declare name=test domain=reciprocal type=integer end 
 XDECLARE: Object TEST has been declared.
 XRAY> 
 XRAY>   evaluate ($lr=30.) 
 EVALUATE: symbol $LR set to    30.0000     (real)
 XRAY>   evaluate ($hr=1.) 
 EVALUATE: symbol $HR set to    1.00000     (real)
 XRAY>   binresolution $lr $hr 
 XRAY>   mapresolution $hr 
 XRAY>   tselection=( $hr <= d <= $lr and 100000. >= amplitude(fobs)>=0.0 ) 
 XRAY> 
 XRAY>   a=40. b=40. c=40. 
 XRAY>   symmetry (-x,y+1/2,-z) 
 XRAY>   reflection 
 REFLection>     index 1 2 3 fobs 40.  90. fom 0.5        fpart 1. 2. 
 XSFAL: allocating space for complex reciprocal space object.
 XSFAL: allocating space for real reciprocal space object.
 XSFAL: allocating space for complex reciprocal space object.
 XSFAL: allocating space for real reciprocal space object.
 XSFAL: allocating space for complex reciprocal space object.
 XRRR2:        8 new h,k,l indices have been added.
 XRAY> 
 XRAY>   do (sigma=0) ( all  ) 
 XREDUC: some reflection(s) converted to CNS standard asymm. unit.
 XREDU2: multiple instances found for some reflections.
 XREDU2: deleting redundant reflections.
 XREDU2:        5 reflections have been deleted.
 XREDU2: sorting all reflections.
 XSFAL: allocating space for real reciprocal space object.
 Total of         3 structure factor elements were selected.
 XRAY> 
 XRAY>   write reflection fobs fcalc fpart fom weight sigma  sele=( all ) end 
 Total of         3 structure factor elements were selected.
 NREFlection=         3
 ANOMalous=FALSe { equiv. to HERMitian=TRUE}
 DECLare NAME=FOBS                   DOMAin=RECIprocal   TYPE=COMP END
 DECLare NAME=FCALC                  DOMAin=RECIprocal   TYPE=COMP END
 DECLare NAME=FPART                  DOMAin=RECIprocal   TYPE=COMP END
 DECLare NAME=FOM                    DOMAin=RECIprocal   TYPE=REAL END
 DECLare NAME=WEIGHT                 DOMAin=RECIprocal   TYPE=REAL END
 DECLare NAME=SIGMA                  DOMAin=RECIprocal   TYPE=REAL END
 INDE     1    2    3 FOBS=    40.000   270.000 FCALC=     3.000   356.000
                   FPART=     1.000     2.000 FOM=     0.500 WEIGHT=     0.000
                   SIGMA=     0.000
 INDE     2    3    4 FOBS=    30.000   120.000 FCALC=     0.000     0.000
                   FPART=     5.000   174.000 FOM=     0.400 WEIGHT=     1.400
                   SIGMA=     0.000
 INDE     3    4    5 FOBS=    20.000    50.000 FCALC=     2.000     3.000
                   FPART=     0.000     0.000 FOM=     0.300 WEIGHT=     0.000
                   SIGMA=     0.000
 XRAY> 
 XRAY>   herm=false 
 XPARSE: expanding data set (h,k,l)->{(h,k,l),(-h,-k,-l)}
 XEXPFR2:        3 new reflections have been generated.
 XREDUC: some reflection(s) converted to CNS standard asymm. unit.
 XRAY>   expand 
 XEXPA2:        6 new reflections have been generated.
 XRAY: data expanded and symmetry reset to P1.
 XRAY>   hermitian=true 
 XPARSE: data will be reduced to hemisphere.          Anomalous signal will be lost.
 XAVEFRIED: Friedel mates of all recipr. space obj. will be averaged.
    (also operates on phases and HL coefficients)
 XREDUC: some reflection(s) converted to CNS standard asymm. unit.
 XREDU2: multiple instances found for some reflections.
 XREDU2: deleting redundant reflections.
 XREDU2:        6 reflections have been deleted.
 XREDU2: sorting all reflections.
 XRAY> 
 XRAY>   do (sigma=1/s) ( all ) 
 Total of         6 structure factor elements were selected.
 XRAY>   write reflection fobs fcalc fpart fom weight sigma sele=( all ) end 
 Total of         6 structure factor elements were selected.
 NREFlection=         6
 ANOMalous=FALSe { equiv. to HERMitian=TRUE}
 DECLare NAME=FOBS                   DOMAin=RECIprocal   TYPE=COMP END
 DECLare NAME=FCALC                  DOMAin=RECIprocal   TYPE=COMP END
 DECLare NAME=FPART                  DOMAin=RECIprocal   TYPE=COMP END
 DECLare NAME=FOM                    DOMAin=RECIprocal   TYPE=REAL END
 DECLare NAME=WEIGHT                 DOMAin=RECIprocal   TYPE=REAL END
 DECLare NAME=SIGMA                  DOMAin=RECIprocal   TYPE=REAL END
 INDE     1   -2    3 FOBS=    40.000    90.000 FCALC=     3.000     4.000
                   FPART=     1.000   358.000 FOM=     0.500 WEIGHT=     0.000
                   SIGMA=    10.690
 INDE     1    2    3 FOBS=    40.000   270.000 FCALC=     3.000   356.000
                   FPART=     1.000     2.000 FOM=     0.500 WEIGHT=     0.000
                   SIGMA=    10.690
 INDE     2   -3    4 FOBS=    30.000    60.000 FCALC=     0.000     0.000
                   FPART=     5.000     6.000 FOM=     0.400 WEIGHT=     1.400
                   SIGMA=     7.428
 INDE     2    3    4 FOBS=    30.000   120.000 FCALC=     0.000     0.000
                   FPART=     5.000   174.000 FOM=     0.400 WEIGHT=     1.400
                   SIGMA=     7.428
 INDE     3   -4    5 FOBS=    20.000   310.000 FCALC=     2.000   357.000
                   FPART=     0.000     0.000 FOM=     0.300 WEIGHT=     0.000
                   SIGMA=     5.657
 INDE     3    4    5 FOBS=    20.000    50.000 FCALC=     2.000     3.000
                   FPART=     0.000     0.000 FOM=     0.300 WEIGHT=     0.000
                   SIGMA=     5.657
 XRAY> 
 XRAY> 
 XRAY> 
 XRAY>   { test fast unexpand/expand } 
 XRAY>   symmetry (-x,y+1/2,-z) 
 XRAY>   write reflection fobs fcalc fpart fom weight sigma sele=( all ) end 
 XREDUC: some reflection(s) converted to CNS standard asymm. unit.
 XREDU2: multiple instances found for some reflections.
 XREDU2: deleting redundant reflections.
 XREDU2:        3 reflections have been deleted.
 XREDU2: sorting all reflections.
 Total of         3 structure factor elements were selected.
 NREFlection=         3
 ANOMalous=FALSe { equiv. to HERMitian=TRUE}
 DECLare NAME=FOBS                   DOMAin=RECIprocal   TYPE=COMP END
 DECLare NAME=FCALC                  DOMAin=RECIprocal   TYPE=COMP END
 DECLare NAME=FPART                  DOMAin=RECIprocal   TYPE=COMP END
 DECLare NAME=FOM                    DOMAin=RECIprocal   TYPE=REAL END
 DECLare NAME=WEIGHT                 DOMAin=RECIprocal   TYPE=REAL END
 DECLare NAME=SIGMA                  DOMAin=RECIprocal   TYPE=REAL END
 INDE     1    2    3 FOBS=    40.000   270.000 FCALC=     3.000   356.000
                   FPART=     1.000     2.000 FOM=     0.500 WEIGHT=     0.000
                   SIGMA=    10.690
 INDE     2    3    4 FOBS=    30.000   120.000 FCALC=     0.000     0.000
                   FPART=     5.000   174.000 FOM=     0.400 WEIGHT=     1.400
                   SIGMA=     7.428
 INDE     3    4    5 FOBS=    20.000    50.000 FCALC=     2.000     3.000
                   FPART=     0.000     0.000 FOM=     0.300 WEIGHT=     0.000
                   SIGMA=     5.657
 XRAY>   expand 
 XEXPA2:        3 new reflections have been generated.
 XREDUC: some reflection(s) converted to CNS standard asymm. unit.
 XRAY: data expanded and symmetry reset to P1.
 XRAY>   symmetry ? 
 | Symmetry operators:
 | -------------------
 | SYMMetry=(X,Y,Z)
 XRAY>   anomalous ? 
 ANOMalous=FALSe {OFF}
 XRAY> 
 XRAY>   write reflection fobs fcalc fpart fom weight sigma sele=( all ) end 
 Total of         6 structure factor elements were selected.
 NREFlection=         6
 ANOMalous=FALSe { equiv. to HERMitian=TRUE}
 DECLare NAME=FOBS                   DOMAin=RECIprocal   TYPE=COMP END
 DECLare NAME=FCALC                  DOMAin=RECIprocal   TYPE=COMP END
 DECLare NAME=FPART                  DOMAin=RECIprocal   TYPE=COMP END
 DECLare NAME=FOM                    DOMAin=RECIprocal   TYPE=REAL END
 DECLare NAME=WEIGHT                 DOMAin=RECIprocal   TYPE=REAL END
 DECLare NAME=SIGMA                  DOMAin=RECIprocal   TYPE=REAL END
 INDE     1    2    3 FOBS=    40.000   270.000 FCALC=     3.000   356.000
                   FPART=     1.000     2.000 FOM=     0.500 WEIGHT=     0.000
                   SIGMA=    10.690
 INDE     2    3    4 FOBS=    30.000   120.000 FCALC=     0.000     0.000
                   FPART=     5.000   174.000 FOM=     0.400 WEIGHT=     1.400
                   SIGMA=     7.428
 INDE     3    4    5 FOBS=    20.000    50.000 FCALC=     2.000     3.000
                   FPART=     0.000     0.000 FOM=     0.300 WEIGHT=     0.000
                   SIGMA=     5.657
 INDE     1   -2    3 FOBS=    40.000    90.000 FCALC=     3.000     4.000
                   FPART=     1.000   358.000 FOM=     0.500 WEIGHT=     0.000
                   SIGMA=    10.690
 INDE     2   -3    4 FOBS=    30.000    60.000 FCALC=     0.000     0.000
                   FPART=     5.000     6.000 FOM=     0.400 WEIGHT=     1.400
                   SIGMA=     7.428
 INDE     3   -4    5 FOBS=    20.000   310.000 FCALC=     2.000   357.000
                   FPART=     0.000     0.000 FOM=     0.300 WEIGHT=     0.000
                   SIGMA=     5.657
 XRAY>   unexpand 
 XRAY: performing quick unexpansion. 
 XRAY: data reduced and symmetry restored.
 XRAY>   symmetry ? 
 | Symmetry operators:
 | -------------------
 | SYMMetry=(X,Y,Z)
 | SYMMetry=(-X,Y+1/2,-Z)
 XRAY>   anomalous ? 
 ANOMalous=FALSe {OFF}
 XRAY> 
 XRAY>   write reflection fobs fcalc fpart fom weight sigma sele=( all ) end 
 Total of         3 structure factor elements were selected.
 NREFlection=         3
 ANOMalous=FALSe { equiv. to HERMitian=TRUE}
 DECLare NAME=FOBS                   DOMAin=RECIprocal   TYPE=COMP END
 DECLare NAME=FCALC                  DOMAin=RECIprocal   TYPE=COMP END
 DECLare NAME=FPART                  DOMAin=RECIprocal   TYPE=COMP END
 DECLare NAME=FOM                    DOMAin=RECIprocal   TYPE=REAL END
 DECLare NAME=WEIGHT                 DOMAin=RECIprocal   TYPE=REAL END
 DECLare NAME=SIGMA                  DOMAin=RECIprocal   TYPE=REAL END
 INDE     1    2    3 FOBS=    40.000   270.000 FCALC=     3.000   356.000
                   FPART=     1.000     2.000 FOM=     0.500 WEIGHT=     0.000
                   SIGMA=    10.690
 INDE     2    3    4 FOBS=    30.000   120.000 FCALC=     0.000     0.000
                   FPART=     5.000   174.000 FOM=     0.400 WEIGHT=     1.400
                   SIGMA=     7.428
 INDE     3    4    5 FOBS=    20.000    50.000 FCALC=     2.000     3.000
                   FPART=     0.000     0.000 FOM=     0.300 WEIGHT=     0.000
                   SIGMA=     5.657
 XRAY>   expand 
 XEXPA2:        3 new reflections have been generated.
 XREDUC: some reflection(s) converted to CNS standard asymm. unit.
 XRAY: data expanded and symmetry reset to P1.
 XRAY>   symmetry ? 
 | Symmetry operators:
 | -------------------
 | SYMMetry=(X,Y,Z)
 XRAY>   anomalous ? 
 ANOMalous=FALSe {OFF}
 XRAY> 
 XRAY>   write reflection fobs fcalc fpart fom weight sigma sele=( all ) end 
 Total of         6 structure factor elements were selected.
 NREFlection=         6
 ANOMalous=FALSe { equiv. to HERMitian=TRUE}
 DECLare NAME=FOBS                   DOMAin=RECIprocal   TYPE=COMP END
 DECLare NAME=FCALC                  DOMAin=RECIprocal   TYPE=COMP END
 DECLare NAME=FPART                  DOMAin=RECIprocal   TYPE=COMP END
 DECLare NAME=FOM                    DOMAin=RECIprocal   TYPE=REAL END
 DECLare NAME=WEIGHT                 DOMAin=RECIprocal   TYPE=REAL END
 DECLare NAME=SIGMA                  DOMAin=RECIprocal   TYPE=REAL END
 INDE     1    2    3 FOBS=    40.000   270.000 FCALC=     3.000   356.000
                   FPART=     1.000     2.000 FOM=     0.500 WEIGHT=     0.000
                   SIGMA=    10.690
 INDE     2    3    4 FOBS=    30.000   120.000 FCALC=     0.000     0.000
                   FPART=     5.000   174.000 FOM=     0.400 WEIGHT=     1.400
                   SIGMA=     7.428
 INDE     3    4    5 FOBS=    20.000    50.000 FCALC=     2.000     3.000
                   FPART=     0.000     0.000 FOM=     0.300 WEIGHT=     0.000
                   SIGMA=     5.657
 INDE     1   -2    3 FOBS=    40.000    90.000 FCALC=     3.000     4.000
                   FPART=     1.000   358.000 FOM=     0.500 WEIGHT=     0.000
                   SIGMA=    10.690
 INDE     2   -3    4 FOBS=    30.000    60.000 FCALC=     0.000     0.000
                   FPART=     5.000     6.000 FOM=     0.400 WEIGHT=     1.400
                   SIGMA=     7.428
 INDE     3   -4    5 FOBS=    20.000   310.000 FCALC=     2.000   357.000
                   FPART=     0.000     0.000 FOM=     0.300 WEIGHT=     0.000
                   SIGMA=     5.657
 XRAY> 
 XRAY>   { test delete } 
 XRAY> 
 XRAY>   delete selection=( d > 10 ) end 
 Total of         2 structure factor elements were selected.
 XREFDE2:        2 reflections have been deleted.
 XRAY> 
 XRAY>   write reflection fobs fcalc fpart fom weight sigma sele=( all ) end 
 Total of         4 structure factor elements were selected.
 NREFlection=         4
 ANOMalous=FALSe { equiv. to HERMitian=TRUE}
 DECLare NAME=FOBS                   DOMAin=RECIprocal   TYPE=COMP END
 DECLare NAME=FCALC                  DOMAin=RECIprocal   TYPE=COMP END
 DECLare NAME=FPART                  DOMAin=RECIprocal   TYPE=COMP END
 DECLare NAME=FOM                    DOMAin=RECIprocal   TYPE=REAL END
 DECLare NAME=WEIGHT                 DOMAin=RECIprocal   TYPE=REAL END
 DECLare NAME=SIGMA                  DOMAin=RECIprocal   TYPE=REAL END
 INDE     2    3    4 FOBS=    30.000   120.000 FCALC=     0.000     0.000
                   FPART=     5.000   174.000 FOM=     0.400 WEIGHT=     1.400
                   SIGMA=     7.428
 INDE     3    4    5 FOBS=    20.000    50.000 FCALC=     2.000     3.000
                   FPART=     0.000     0.000 FOM=     0.300 WEIGHT=     0.000
                   SIGMA=     5.657
 INDE     2   -3    4 FOBS=    30.000    60.000 FCALC=     0.000     0.000
                   FPART=     5.000     6.000 FOM=     0.400 WEIGHT=     1.400
                   SIGMA=     7.428
 INDE     3   -4    5 FOBS=    20.000   310.000 FCALC=     2.000   357.000
                   FPART=     0.000     0.000 FOM=     0.300 WEIGHT=     0.000
                   SIGMA=     5.657
 XRAY> 
 XRAY> 
 XRAY> 
 XRAY>end 
 CNSsolve> 
 CNSsolve> 
 CNSsolve>stop 
          ============================================================
           Maximum dynamic memory allocation:     8213824 bytes
           Maximum dynamic memory overhead:           496 bytes
           Program started at: 16:08:32 on 05-Jul-2018
           Program stopped at: 16:08:32 on 05-Jul-2018
           CPU time used:       0.0086 seconds
          ============================================================
