          ============================================================
          |                                                          |
          |            Crystallography & NMR System (CNS)            |
          |                         CNSsolve                         |
          |                                                          |
          ============================================================
           Version: 1.3
           Status: General release
          ============================================================
           Written by: A.T.Brunger, P.D.Adams, G.M.Clore, W.L.DeLano,
                       P.Gros, R.W.Grosse-Kunstleve,J.-S.Jiang,J.M.Krahn,
                       J.Kuszewski, M.Nilges, N.S.Pannu, R.J.Read,
                       L.M.Rice, G.F.Schroeder, T.Simonson, G.L.Warren.
           Copyright (c) 1997-2010 Yale University
          ============================================================
           Running on machine: lewis4-r710-login-node223 (x86_64/Linux,64-bit)
                               with 16 threads
           Program started by: oeow39
           Program started at: 16:08:33 on 05-Jul-2018
          ============================================================

 FFT3C: Using FFTPACK4.1

 CNSsolve>remarks   XRAY 
 CNSsolve>remarks   test for remapping function 
 CNSsolve> 
 CNSsolve>{* ============================================================= *} 
 CNSsolve>{* ============================================================= *} 
 CNSsolve> 
 CNSsolve>evaluate ($low_res=17.0) 
 EVALUATE: symbol $LOW_RES set to    17.0000     (real)
 CNSsolve>evaluate ($high_res=3.0) 
 EVALUATE: symbol $HIGH_RES set to    3.00000     (real)
 CNSsolve> 
 CNSsolve>xray 
 XRAY> 
 XRAY>   a=61.76 b=40.73 c=26.74 alpha=90.0 beta=90.0 gamma=90.0 
 XRAY>   symmetry=( X,Y,Z ) 
 XRAY>   symmetry=( 1/2-X,-Y,1/2+Z ) 
 XRAY>   symmetry=( -X,1/2+Y,1/2-Z ) 
 XRAY>   symmetry=( 1/2+X,1/2-Y,-Z ) 
 XRAY> 
 XRAY>   binresolution $low_res $high_res 
 XRAY>   mapresolution $high_res 
 XRAY> 
 XRAY>   SCATter ( chemical C* ) 
 SELRPN:      0 atoms have been selected out of      0
 SCATTER_A1=   2.31000 20.8439 1.02000 10.2075 1.58860 .568700 .865000 51.6512 .215600 
 XRAY> 
 XRAY>   SCATter ( chemical N* ) 
 SELRPN:      0 atoms have been selected out of      0
 SCATTER_A1=   12.2126 .005700 3.13220 9.89330 2.01250 28.9975 1.16630 .582600 -11.529 
 XRAY> 
 XRAY>   SCATter ( chemical O* ) 
 SELRPN:      0 atoms have been selected out of      0
 SCATTER_A1=   3.04850 13.2771 2.28680 5.70110 1.54630 .323900 .867000 32.9089 .250800 
 XRAY> 
 XRAY>   SCATter ( chemical S* ) 
 SELRPN:      0 atoms have been selected out of      0
 SCATTER_A1=   6.90530 1.46790 5.20340 22.2151 1.43790 .253600 1.58630 56.1720 .866900 
 XRAY> 
 XRAY> reflections 
 REFLection> NREFlection=      1076 
 XRAY: increasing space allocation for up to    1076 reflections.
 REFLection> ANOMalous=FALSe { equiv. to HERMitian=TRUE} 
 REFLection> DECLare NAME=FOBS         DOMAin=RECIprocal   TYPE=COMP END 
 XDECLARE: Object FOBS has been declared.
 REFLection> DECLare NAME=SIGMA        DOMAin=RECIprocal   TYPE=REAL END 
 XDECLARE: Object SIGMA has been declared.
 REFLection> DECLare NAME=TEST         DOMAin=RECIprocal   TYPE=INTE END 
 XDECLARE: Object TEST has been declared.
 REFLection> INDE     8    0    0 FOBS=    69.300     0.000 SIGMA=     0.100 
 XSFAL: allocating space for complex reciprocal space object.
 XSFAL: allocating space for real reciprocal space object.
 XSFAL: allocating space for integer reciprocal space object.
 XRRR2:     1076 new h,k,l indices have been added.
 XRAY> 
 XRAY>   method=fft 
 XRAY>   FFT memory=300000 end 
 XRAY> 
 XRAY>   declare name=fobs_prime domain=reciprocal type=real end 
 XDECLARE: Object FOBS_PRIME has been declared.
 XRAY> 
 XRAY>   do (fobs_prime=remap[h,-h-k,-l](abs(fobs))^2) (all) 
 XSFAL: allocating space for real reciprocal space object.
 Total of      1076 structure factor elements were selected.
 XRAY> 
 XRAY>end 
 CNSsolve> 
 CNSsolve>stop 
          ============================================================
           Maximum dynamic memory allocation:     8427264 bytes
           Maximum dynamic memory overhead:           448 bytes
           Program started at: 16:08:33 on 05-Jul-2018
           Program stopped at: 16:08:33 on 05-Jul-2018
           CPU time used:       0.0307 seconds
          ============================================================
