          ============================================================
          |                                                          |
          |            Crystallography & NMR System (CNS)            |
          |                         CNSsolve                         |
          |                                                          |
          ============================================================
           Version: 1.3
           Status: General release
          ============================================================
           Written by: A.T.Brunger, P.D.Adams, G.M.Clore, W.L.DeLano,
                       P.Gros, R.W.Grosse-Kunstleve,J.-S.Jiang,J.M.Krahn,
                       J.Kuszewski, M.Nilges, N.S.Pannu, R.J.Read,
                       L.M.Rice, G.F.Schroeder, T.Simonson, G.L.Warren.
           Copyright (c) 1997-2010 Yale University
          ============================================================
           Running on machine: lewis4-r710-login-node223 (x86_64/Linux,64-bit)
                               with 16 threads
           Program started by: oeow39
           Program started at: 16:08:34 on 05-Jul-2018
          ============================================================

 FFT3C: Using FFTPACK4.1

 CNSsolve>remarks   XRAY 
 CNSsolve>remarks   test for RMS map function 
 CNSsolve> 
 CNSsolve>structure 
 STRUcture>data_cns_mtf 
 REMARKS FILENAME="/data/rwgk/test/tmp.mtf"
 REMARKS  TOPH19.pep -MACRO for protein sequence
 REMARKS DATE:18-Nov-98  14:17:57       created by user: rwgk
 REMARKS VERSION:0.4a
 Status of internal molecular topology database:
 -> NATOM=        681(MAXA=     1000000)  NBOND=        695(MAXB=     1000000)
 -> NTHETA=      1002(MAXT=     2000000)  NGRP=          80(MAXGRP=   1000000)
 -> NPHI=         390(MAXP=     2000000)  NIMPHI=       336(MAXIMP=   1000000)
 -> NNB=            0(MAXNB=    1000000) 
 STRUcture> 
 STRUcture>end 
 CNSsolve> 
 CNSsolve>coor 
 COOR>REMARK FILENAME="" 
 COOR>REMARK  TOPH19.pep -MACRO for protein sequence 
 COOR>REMARK DATE:11-Nov-93  11:27: 5       created by user: luke 
 COOR>ATOM      1  CB  ASP     1       4.722  41.951  12.585  1.00 57.69 
 COOR>ATOM      2  CG  ASP     1       5.404  40.926  13.500  1.00 60.30 
 CNSsolve> 
 CNSsolve>parameter 
 PARRDR> 
 PARRDR>set echo=false end 
 PARRDR> 
 PARRDR>end 
 CNSsolve>{* ============================================================= *} 
 CNSsolve>{* ============================================================= *} 
 CNSsolve> 
 CNSsolve>evaluate ($low_res=17.0) 
 EVALUATE: symbol $LOW_RES set to    17.0000     (real)
 CNSsolve>evaluate ($high_res=3.0) 
 EVALUATE: symbol $HIGH_RES set to    3.00000     (real)
 CNSsolve> 
 CNSsolve>xray 
 XRAY> 
 XRAY>   a=61.76 b=40.73 c=26.74 alpha=90.0 beta=90.0 gamma=90.0 
 XRAY> 
 XRAY>   evaluate ($sg="P2(1)2(1)2(1)") 
 EVALUATE: symbol $SG set to "P2(1)2(1)2(1)" (string)
 XRAY> 
 XRAY>   @CNS_XTALLIB:spacegroup.lib  (sg=$sg) 
 ASSFIL: file spacegroup.lib opened.
 XRAY>! file  libraries/xtal/spacegroup.lib 
 XRAY>! library of symmetry operators for CNS 
 XRAY>! Automatically generated with SgInfo Version 2.00a13 
 XRAY> 
 XRAY>module 
 MODULE-DECLARATION>( 
 MODULE-DECLARATION>  &sg=$sg; 
 MODULE-DECLARATION>  &sgparam=$sgparam; 
 MODULE-DECLARATION>) 
 &_2_SG set to $_1_SG 
 XRAY> 
 XRAY>set message ? end 
 MESSage=NORM
 XRAY>evaluate ($message_old=$result) 
 EVALUATE: symbol $MESSAGE_OLD set to "NORM" (string)
 XRAY>set echo ? end 
 ECHO=TRUE {ON}
 XRAY>evaluate ($echo_old=$result) 
 EVALUATE: symbol $ECHO_OLD set to TRUE (logical)
 XRAY>set echo=off message=off end 
SYMMETRY: found symmetry operators for space group P2(1)2(1)2(1) in library
 XRAY> 
 XRAY> 
 XRAY>   binresolution $low_res $high_res 
 XRAY>   mapresolution $high_res 
 XRAY> 
 XRAY>   SCATter ( chemical C* ) 
 SELRPN:    345 atoms have been selected out of    681
 SCATTER_A1=   2.31000 20.8439 1.02000 10.2075 1.58860 .568700 .865000 51.6512 .215600 
 XRAY> 
 XRAY>   SCATter ( chemical N* ) 
 SELRPN:     93 atoms have been selected out of    681
 SCATTER_A1=   12.2126 .005700 3.13220 9.89330 2.01250 28.9975 1.16630 .582600 -11.529 
 XRAY> 
 XRAY>   SCATter ( chemical O* ) 
 SELRPN:    116 atoms have been selected out of    681
 SCATTER_A1=   3.04850 13.2771 2.28680 5.70110 1.54630 .323900 .867000 32.9089 .250800 
 XRAY> 
 XRAY>   SCATter ( chemical S* ) 
 SELRPN:      4 atoms have been selected out of    681
 SCATTER_A1=   6.90530 1.46790 5.20340 22.2151 1.43790 .253600 1.58630 56.1720 .866900 
 XRAY> 
 XRAY> reflections 
 REFLection> NREFlection=      1076 
 XRAY: increasing space allocation for up to    1076 reflections.
 REFLection> ANOMalous=FALSe { equiv. to HERMitian=TRUE} 
 REFLection> DECLare NAME=FOBS         DOMAin=RECIprocal   TYPE=COMP END 
 XDECLARE: Object FOBS has been declared.
 REFLection> DECLare NAME=FOM          DOMAin=RECIprocal   TYPE=REAL END 
 XDECLARE: Object FOM has been declared.
 REFLection> DECLare NAME=SIGMA        DOMAin=RECIprocal   TYPE=REAL END 
 XDECLARE: Object SIGMA has been declared.
 REFLection> DECLare NAME=TEST         DOMAin=RECIprocal   TYPE=INTE END 
 XDECLARE: Object TEST has been declared.
 REFLection> DECLare NAME=PA           DOMAin=RECIprocal   TYPE=REAL END 
 XDECLARE: Object PA has been declared.
 REFLection> DECLare NAME=PB           DOMAin=RECIprocal   TYPE=REAL END 
 XDECLARE: Object PB has been declared.
 REFLection> DECLare NAME=PC           DOMAin=RECIprocal   TYPE=REAL END 
 XDECLARE: Object PC has been declared.
 REFLection> DECLare NAME=PD           DOMAin=RECIprocal   TYPE=REAL END 
 XDECLARE: Object PD has been declared.
 REFLection> INDE     8    0    0 FOBS=    69.300     0.000 FOM=     1.000 SIGMA=     0.100 
 XSFAL: allocating space for complex reciprocal space object.
 XSFAL: allocating space for real reciprocal space object.
 XSFAL: allocating space for real reciprocal space object.
 XSFAL: allocating space for integer reciprocal space object.
 XSFAL: allocating space for real reciprocal space object.
 XSFAL: allocating space for real reciprocal space object.
 XSFAL: allocating space for real reciprocal space object.
 XSFAL: allocating space for real reciprocal space object.
 XRRR2:     1076 new h,k,l indices have been added.
 XRAY> 
 XRAY>   tselection=( $high_res <= d <= $low_res ) 
 XRAY> 
 XRAY>   associate fcalc (known and not(hydrogen)) 
 SELRPN:    558 atoms have been selected out of    681
 XRAY> 
 XRAY>   cvselection=( test=1 ) 
 XRAY> 
 XRAY>   method=fft 
 XRAY> 
 XRAY>   FFT memory=300000 grid=0.2 end 
 XRAY> 
 XRAY>   declare name=fcalc domain=reciprocal type=complex end 
 XDECLARE: Object FCALC has been declared.
 XRAY>   declare name=fpart domain=reciprocal type=complex end 
 XDECLARE: Object FPART has been declared.
 XRAY>   do (fpart=0) ( all ) 
 XSFAL: allocating space for complex reciprocal space object.
 Total of      1076 structure factor elements were selected.
 XRAY> 
 XRAY>   predict 
 PREDict>      mode=reciprocal 
 PREDict>      to=fcalc 
 PREDict>      selection=( $high_res <= d <= $low_res ) 
 Total of      1076 structure factor elements were selected.
 PREDict>      atomselection=( not hydrogen ) 
 SELRPN:    558 atoms have been selected out of    681
 PREDict>   end 
 FCALC: #scatt.=    558 #anomalous=   0 #special pos.=  0 occupancies=1
 XSFAL: allocating space for complex reciprocal space object.
 XFFT: using grid [ 108,  72,  64] and sublattice [ 108( 109),  72(  73),   4]
 XRAY> 
 XRAY>   declare name=map  domain=real end 
 XRAY>   declare name=mask domain=real end 
 XRAY> 
 XRAY>   do (map=ft(fcalc)) ( $high_res <= d <= $low_res ) 
 XSFAL: allocating space for complex reciprocal space object.
 Total of      1076 structure factor elements were selected.
 XMAPASU: using grid [ 108,  72,  48] and sublattice [ 108,  72,  24]
 Minimum brick that covers asymmetric unit:
   A=     0,...,    54  B=     0,...,    36  C=     0,...,    48
 XMAPAL: allocating space for real space object.
 XRAY> 
 XRAY>   do (mask=sdev[radius=3.0](map)) (all) 
 XMAPAL: allocating space for real space object.
 Total of     93312 map elements were selected.
 XRAY> 
 XRAY>   write map 
 WRITe MAP>     extend=molecule 
 WRITe MAP>     cushion=5 
 WRITe MAP>     from=mask 
 WRITe MAP>     output=xsdev.dat 
 WRITe MAP>   end 
 ASSFIL: file xsdev.dat opened.
 XMAPX: map will be scaled.
 XMAPX: extend NA=( 108 -19  57) NB=(  72   9  85) NC=(  48  -7  53) 
 XMAPX: ave. density (real) in unit cell=       0.27173 sigma=       0.08062 e/A^3
 XMAPX: real part of section #   0 ave. dens.=       0.27344 sigma=       0.07874 e/A^3
 XMAPX: real part of section #   1 ave. dens.=       0.27110 sigma=       0.07895 e/A^3
 XMAPX: real part of section #   2 ave. dens.=       0.26894 sigma=       0.07889 e/A^3
 XMAPX: real part of section #   3 ave. dens.=       0.26689 sigma=       0.07872 e/A^3
 XMAPX: real part of section #   4 ave. dens.=       0.26467 sigma=       0.07867 e/A^3
 XMAPX: real part of section #   5 ave. dens.=       0.26219 sigma=       0.07900 e/A^3
 XMAPX: real part of section #   6 ave. dens.=       0.26013 sigma=       0.07933 e/A^3
 XMAPX: real part of section #   7 ave. dens.=       0.25967 sigma=       0.07886 e/A^3
 XMAPX: real part of section #   8 ave. dens.=       0.26129 sigma=       0.07746 e/A^3
 XMAPX: real part of section #   9 ave. dens.=       0.26439 sigma=       0.07568 e/A^3
 XMAPX: real part of section #  10 ave. dens.=       0.26817 sigma=       0.07404 e/A^3
 XMAPX: real part of section #  11 ave. dens.=       0.27233 sigma=       0.07271 e/A^3
 XMAPX: real part of section #  12 ave. dens.=       0.27677 sigma=       0.07221 e/A^3
 XMAPX: real part of section #  13 ave. dens.=       0.28130 sigma=       0.07299 e/A^3
 XMAPX: real part of section #  14 ave. dens.=       0.28555 sigma=       0.07441 e/A^3
 XMAPX: real part of section #  15 ave. dens.=       0.28900 sigma=       0.07554 e/A^3
 XMAPX: real part of section #  16 ave. dens.=       0.29120 sigma=       0.07665 e/A^3
 XMAPX: real part of section #  17 ave. dens.=       0.29202 sigma=       0.07813 e/A^3
 XMAPX: real part of section #  18 ave. dens.=       0.29161 sigma=       0.07951 e/A^3
 XMAPX: real part of section #  19 ave. dens.=       0.29026 sigma=       0.08062 e/A^3
 XMAPX: real part of section #  20 ave. dens.=       0.28833 sigma=       0.08172 e/A^3
 XMAPX: real part of section #  21 ave. dens.=       0.28584 sigma=       0.08243 e/A^3
 XMAPX: real part of section #  22 ave. dens.=       0.28243 sigma=       0.08236 e/A^3
 XMAPX: real part of section #  23 ave. dens.=       0.27799 sigma=       0.08183 e/A^3
 XMAPX: real part of section #  24 ave. dens.=       0.27290 sigma=       0.08099 e/A^3
 XMAPX: real part of section #  25 ave. dens.=       0.26748 sigma=       0.07973 e/A^3
 XMAPX: real part of section #  26 ave. dens.=       0.26187 sigma=       0.07857 e/A^3
 XMAPX: real part of section #  27 ave. dens.=       0.25648 sigma=       0.07844 e/A^3
 XMAPX: real part of section #  28 ave. dens.=       0.25189 sigma=       0.07971 e/A^3
 XMAPX: real part of section #  29 ave. dens.=       0.24847 sigma=       0.08157 e/A^3
 XMAPX: real part of section #  30 ave. dens.=       0.24646 sigma=       0.08290 e/A^3
 XMAPX: real part of section #  31 ave. dens.=       0.24642 sigma=       0.08300 e/A^3
 XMAPX: real part of section #  32 ave. dens.=       0.24860 sigma=       0.08167 e/A^3
 XMAPX: real part of section #  33 ave. dens.=       0.25234 sigma=       0.07902 e/A^3
 XMAPX: real part of section #  34 ave. dens.=       0.25677 sigma=       0.07569 e/A^3
 XMAPX: real part of section #  35 ave. dens.=       0.26160 sigma=       0.07283 e/A^3
 XMAPX: real part of section #  36 ave. dens.=       0.26682 sigma=       0.07155 e/A^3
 XMAPX: real part of section #  37 ave. dens.=       0.27216 sigma=       0.07222 e/A^3
 XMAPX: real part of section #  38 ave. dens.=       0.27714 sigma=       0.07411 e/A^3
 XMAPX: real part of section #  39 ave. dens.=       0.28131 sigma=       0.07606 e/A^3
 XMAPX: real part of section #  40 ave. dens.=       0.28417 sigma=       0.07763 e/A^3
 XMAPX: real part of section #  41 ave. dens.=       0.28536 sigma=       0.07867 e/A^3
 XMAPX: real part of section #  42 ave. dens.=       0.28514 sigma=       0.07872 e/A^3
 XMAPX: real part of section #  43 ave. dens.=       0.28414 sigma=       0.07815 e/A^3
 XMAPX: real part of section #  44 ave. dens.=       0.28273 sigma=       0.07787 e/A^3
 XMAPX: real part of section #  45 ave. dens.=       0.28087 sigma=       0.07784 e/A^3
 XMAPX: real part of section #  46 ave. dens.=       0.27854 sigma=       0.07784 e/A^3
 XMAPX: real part of section #  47 ave. dens.=       0.27596 sigma=       0.07821 e/A^3
 XMAPX: real part of section #  48 ave. dens.=       0.27344 sigma=       0.07874 e/A^3
 XMAPX: real part of section #  49 ave. dens.=       0.27110 sigma=       0.07895 e/A^3
 XMAPX: real part of section #  50 ave. dens.=       0.26894 sigma=       0.07889 e/A^3
 XMAPX: real part of section #  51 ave. dens.=       0.26689 sigma=       0.07872 e/A^3
 XMAPX: real part of section #  52 ave. dens.=       0.26467 sigma=       0.07867 e/A^3
 XMAPX: real part of section #  53 ave. dens.=       0.26219 sigma=       0.07900 e/A^3
 XMAPX: real part of section #  54 ave. dens.=       0.26013 sigma=       0.07933 e/A^3
 XMAPX: real part of section #  55 ave. dens.=       0.25967 sigma=       0.07886 e/A^3
 XMAPX: real part of section #  56 ave. dens.=       0.26129 sigma=       0.07746 e/A^3
 XMAPX: real part of section #  57 ave. dens.=       0.26439 sigma=       0.07568 e/A^3
 XMAPX: real part of section #  58 ave. dens.=       0.26817 sigma=       0.07404 e/A^3
 XMAPX: real part of section #  59 ave. dens.=       0.27233 sigma=       0.07271 e/A^3
 XMAPX: real part of section #  60 ave. dens.=       0.27677 sigma=       0.07221 e/A^3
 XRAY> 
 XRAY>end 
 CNSsolve> 
 CNSsolve>stop 
          ============================================================
           Maximum dynamic memory allocation:    21162328 bytes
           Maximum dynamic memory overhead:          2080 bytes
           Program started at: 16:08:34 on 05-Jul-2018
           Program stopped at: 16:08:35 on 05-Jul-2018
           CPU time used:       3.4430 seconds
          ============================================================
