          ============================================================
          |                                                          |
          |            Crystallography & NMR System (CNS)            |
          |                         CNSsolve                         |
          |                                                          |
          ============================================================
           Version: 1.3
           Status: General release
          ============================================================
           Written by: A.T.Brunger, P.D.Adams, G.M.Clore, W.L.DeLano,
                       P.Gros, R.W.Grosse-Kunstleve,J.-S.Jiang,J.M.Krahn,
                       J.Kuszewski, M.Nilges, N.S.Pannu, R.J.Read,
                       L.M.Rice, G.F.Schroeder, T.Simonson, G.L.Warren.
           Copyright (c) 1997-2010 Yale University
          ============================================================
           Running on machine: lewis4-r710-login-node223 (x86_64/Linux,64-bit)
                               with 16 threads
           Program started by: oeow39
           Program started at: 16:08:42 on 05-Jul-2018
          ============================================================

 FFT3C: Using FFTPACK4.1

 CNSsolve>remarks   file xstats.inp 
 CNSsolve> 
 CNSsolve>structure 
 STRUcture>data_cns_mtf 
 REMARKS FILENAME="/data/rwgk/test/tmp.mtf"
 REMARKS HBUILD.INP
 REMARKS build hydrogens for GAL11 structure
 REMARKS DATE:18-Nov-98  14:17:59       created by user: rwgk
 REMARKS VERSION:0.4a
 Status of internal molecular topology database:
 -> NATOM=        648(MAXA=     1000000)  NBOND=        655(MAXB=     1000000)
 -> NTHETA=      1183(MAXT=     2000000)  NGRP=         264(MAXGRP=   1000000)
 -> NPHI=         317(MAXP=     2000000)  NIMPHI=       143(MAXIMP=   1000000)
 -> NNB=            9(MAXNB=    1000000) 
 STRUcture> 
 STRUcture>end 
 CNSsolve> 
 CNSsolve> 
 CNSsolve>coor 
 COOR>REMARK FILENAME="" 
 COOR>REMARK HBUILD.INP The crystal structure with protons built on 
 COOR>REMARK build hydrogens 
 COOR>REMARK DATE: 8-OCT-85  13:41:30       created by user: CLORE 
 COOR>ATOM      1  N   THR     1      17.047  14.099   3.625  0.00 13.79 
 COOR>ATOM      2  HT1 THR     1      16.206  14.668   3.850  0.00  0.00 
 CNSsolve> 
 CNSsolve>do (q=1) ( all ) 
 SELRPN:    648 atoms have been selected out of    648
 CNSsolve> 
 CNSsolve>{* ============================================================= *} 
 CNSsolve>{* ============================================================= *} 
 CNSsolve> 
 CNSsolve>xray 
 XRAY>   declare name=fobs type=complex domain=reciprocal end 
 XDECLARE: Object FOBS has been declared.
 XRAY>   declare name=fpart domain=reciprocal type=complex end 
 XDECLARE: Object FPART has been declared.
 XRAY>   declare name=fcalc domain=reciprocal type=complex end 
 XDECLARE: Object FCALC has been declared.
 XRAY>   declare name=fom domain=reciprocal type=real end 
 XDECLARE: Object FOM has been declared.
 XRAY>   declare name=weight domain=reciprocal type=real end 
 XDECLARE: Object WEIGHT has been declared.
 XRAY>   declare name=sigma domain=reciprocal type=real end 
 XDECLARE: Object SIGMA has been declared.
 XRAY>   declare name=test domain=reciprocal type=integer end 
 XDECLARE: Object TEST has been declared.
 XRAY> 
 XRAY>   SCATter ( chemical C* ) 
 SELRPN:    202 atoms have been selected out of    648
 SCATTER_A1=   2.31000 20.8439 1.02000 10.2075 1.58860 .568700 .865000 51.6512 .215600 
 XRAY> 
 XRAY>   SCATter ( chemical N* ) 
 SELRPN:     55 atoms have been selected out of    648
 SCATTER_A1=   12.2126 .005700 3.13220 9.89330 2.01250 28.9975 1.16630 .582600 -11.529 
 XRAY> 
 XRAY>   SCATter ( chemical O* ) 
 SELRPN:     64 atoms have been selected out of    648
 SCATTER_A1=   3.04850 13.2771 2.28680 5.70110 1.54630 .323900 .867000 32.9089 .250800 
 XRAY> 
 XRAY>   SCATter ( chemical S* ) 
 SELRPN:      6 atoms have been selected out of    648
 SCATTER_A1=   6.90530 1.46790 5.20340 22.2151 1.43790 .253600 1.58630 56.1720 .866900 
 XRAY> 
 XRAY>   nreflections=10000 
 XRAY: allocating space for   10000 reflections.
 XRAY>   ? 
 ---------------------------diffraction-data-----------------------------------
 | a=  1.00, b=  1.00, c=  1.00, alpha= 90.00, beta= 90.00, gamma= 90.00
 | ANOMalous=FALSe
 | Number or unique reflections read=     0
 | resolution range covered by these reflections:       0.00 to       0.00
 | Hmax=    0 Kmax=    0 Lmax=    0 Hmin=    0 Kmin=    0 Lmin=    0
 ------------------------------------------------------------------------------
 XRAY> 
 XRAY>  reflection reset end 
 XRRR: all existing reciprocal data will be scratched.
 XRRR2:        0 new h,k,l indices have been added.
 XRAY>  symmetry reset 
 XRAY> 
 XRAY>  a=20. b=20. c=20. alpha=90.0 beta=90.00 gamma=90.0 
 XRAY> 
 XRAY>  symmetry=( X,Y,Z )      {* test with orthorhombic space group Fddd *} 
 XRAY>  symmetry=( -X,-Y,Z ) 
 XRAY>  symmetry=( -X,Y,-Z ) 
 XRAY>  symmetry=( X,-Y,-Z ) 
 XRAY>  symmetry=( 1/4-X,1/4-Y,1/4-Z ) 
 XRAY>  symmetry=( 1/4+X,1/4+Y,1/4-Z ) 
 XRAY>  symmetry=( 1/4+X,1/4-Y,1/4+Z ) 
 XRAY>  symmetry=( 1/4-X,1/4+Y,1/4+Z ) 
 XRAY>  symmetry=( X,1/2+Y,1/2+Z ) 
 XRAY>  symmetry=( -X,1/2-Y,1/2+Z ) 
 XRAY>  symmetry=( -X,1/2+Y,1/2-Z ) 
 XRAY>  symmetry=( X,1/2-Y,1/2-Z ) 
 XRAY>  symmetry=( 1/4-X,3/4-Y,3/4-Z ) 
 XRAY>  symmetry=( 1/4+X,3/4+Y,3/4-Z ) 
 XRAY>  symmetry=( 1/4+X,3/4-Y,3/4+Z ) 
 XRAY>  symmetry=( 1/4-X,3/4+Y,3/4+Z ) 
 XRAY>  symmetry=( 1/2+X,Y,1/2+Z ) 
 XRAY>  symmetry=( 1/2-X,-Y,1/2+Z ) 
 XRAY>  symmetry=( 1/2-X,Y,1/2-Z ) 
 XRAY>  symmetry=( 1/2+X,-Y,1/2-Z ) 
 XRAY>  symmetry=( 3/4-X,1/4-Y,3/4-Z ) 
 XRAY>  symmetry=( 3/4+X,1/4+Y,3/4-Z ) 
 XRAY>  symmetry=( 3/4+X,1/4-Y,3/4+Z ) 
 XRAY>  symmetry=( 3/4-X,1/4+Y,3/4+Z ) 
 XRAY>  symmetry=( 1/2+X,1/2+Y,Z ) 
 XRAY>  symmetry=( 1/2-X,1/2-Y,Z ) 
 XRAY>  symmetry=( 1/2-X,1/2+Y,-Z ) 
 XRAY>  symmetry=( 1/2+X,1/2-Y,-Z ) 
 XRAY>  symmetry=( 3/4-X,3/4-Y,1/4-Z ) 
 XRAY>  symmetry=( 3/4+X,3/4+Y,1/4-Z ) 
 XRAY>  symmetry=( 3/4+X,3/4-Y,1/4+Z ) 
 XRAY>  symmetry=( 3/4-X,3/4+Y,1/4+Z ) 
 XRAY>  hermitian=true 
 XRAY> 
 XRAY>  evaluate ($lr=10.) 
 EVALUATE: symbol $LR set to    10.0000     (real)
 XRAY>  evaluate ($hr=1.5) 
 EVALUATE: symbol $HR set to    1.50000     (real)
 XRAY>  binresolution $lr $hr 
 XRAY>  mapresolution $hr 
 XRAY>  tselection=( $hr <= d <= $lr ) 
 XRAY>  generate 10. 1.5 
 XGENER: generating reflections to produce a full set
         for the specified resolution range.
 XGENE2:      309 new reflections have been generated.
 XRAY> 
 XRAY>  predict 
 PREDict>     mode=reciprocal 
 PREDict>     to=fcalc 
 PREDict>     selection=( $hr <= d <= $lr ) 
 Total of       309 structure factor elements were selected.
 PREDict>     atomselection=( not hydrogen ) 
 SELRPN:    327 atoms have been selected out of    648
 PREDict>  end 
 FCALC: #scatt.=    327 #anomalous=   0 #special pos.=  0 occupancies=1
 XSFAL: allocating space for complex reciprocal space object.
 XFFT: using grid [  40,  40,  64] and sublattice [  40(  41),  40(  41),   4]
 XRAY> 
 XRAY>  do (fobs=fcalc) ( all ) 
 XSFAL: allocating space for complex reciprocal space object.
 Total of       309 structure factor elements were selected.
 XRAY>  do (fpart=0) ( all ) 
 XSFAL: allocating space for complex reciprocal space object.
 Total of       309 structure factor elements were selected.
 XRAY> 
 XRAY>end 
 CNSsolve> 
 CNSsolve>do (x=x+random() ) ( all ) 
 SELRPN:    648 atoms have been selected out of    648
 CNSsolve> 
 CNSsolve>xray 
 XRAY>   predict 
 PREDict>     mode=reciprocal 
 PREDict>     to=fcalc 
 PREDict>     selection=( $hr <= d <= $lr ) 
 Total of       309 structure factor elements were selected.
 PREDict>     atomselection=( not hydrogen ) 
 SELRPN:    327 atoms have been selected out of    648
 PREDict>   end 
 FCALC: #scatt.=    327 #anomalous=   0 #special pos.=  0 occupancies=1
 XFFT: using grid [  40,  40,  64] and sublattice [  40(  41),  40(  41),   4]
 XRAY> 
 XRAY>   evaluate ($hr=1.5) 
 EVALUATE: symbol $HR set to    1.50000     (real)
 XRAY>   evaluate ($lr=10.) 
 EVALUATE: symbol $LR set to    10.0000     (real)
 XRAY>   binresolution $lr $hr 
 XRAY>   mapresolution $hr 
 XRAY>   tselection=( 1.51 <= d <= 7.07 ) 
 XRAY> 
 XRAY>   bins=8 
 XRAY> 
 XRAY>   statistics 
 STATistics>      (rvalue(fobs,fcalc+fpart)) 
 STATistics>      (rvalue[overall](fobs,fcalc+fpart)) 
 STATistics>      selection=( 1.51 <= d <= 7.07 ) 
 Total of       303 structure factor elements were selected.
 STATistics>      output=OUTPUT 
 STATistics>   end 
 #bin | resolution range | #refl | 
    1   2.98   10.00         41      0.3486    0.4994
    2   2.37    2.98         31      0.3674    0.4994
    3   2.08    2.37         46      0.6187    0.4994
    4   1.89    2.08         37      0.5397    0.4994
    5   1.75    1.89         27      0.6404    0.4994
    6   1.65    1.75         51      0.5300    0.4994
    7   1.57    1.65         34      0.6297    0.4994
    8   1.50    1.57         36      0.6919    0.4994
 XRAY> 
 XRAY>  evaluate ($k=0.895275) 
 EVALUATE: symbol $K set to   0.895275     (real)
 XRAY> 
 XRAY>  target=( resi[k=$k](amplitude(fobs),fcalc+fpart,1)) 
 XRAY>  dtarget=( dresi[k=$k](amplitude(fobs),fcalc+fpart,1)) 
 XRAY>  monitor=( rvalue[overall,k=$k](fobs,fcalc+fpart)) 
 XRAY> 
 XRAY>  statistics 
 STATistics>        (ave(d)) 
 STATistics> 
 STATistics>         (sum(abs(amplitude(fobs)-$k amplitude(fcalc)))/sum(amplitude(fobs))) 
 STATistics> 
 STATistics>         selection=( 10 >= d >= 1.5 and amplitude(fobs)>0) 
 Total of       309 structure factor elements were selected.
 STATistics> 
 STATistics>         output=OUTPUT 
 STATistics>  end 
 #bin | resolution range | #refl | 
    1   2.98   10.00         44      4.0806    0.3435
    2   2.37    2.98         31      2.6215    0.3674
    3   2.08    2.37         46      2.2268    0.6187
    4   1.89    2.08         37      1.9689    0.5397
    5   1.75    1.89         27      1.8300    0.6404
    6   1.65    1.75         51      1.7157    0.5300
    7   1.57    1.65         34      1.6150    0.6297
    8   1.50    1.57         39      1.5398    0.7089
 XRAY> 
 XRAY>   evaluate ($hr=1.89) 
 EVALUATE: symbol $HR set to    1.89000     (real)
 XRAY>   evaluate ($lr=2.08) 
 EVALUATE: symbol $LR set to    2.08000     (real)
 XRAY>   binresolution $lr $hr 
 XRAY>   mapresolution $hr 
 XRAY>   tselection=( $hr <= d <= $lr ) 
 XRAY> 
 XRAY>end 
 CNSsolve>flags exclude * include xref end 
 CNSsolve>energy end 
 XRTSELSET: number of selected reflections      37
 FCALC: #scatt.=    327 #anomalous=   0 #special pos.=  0 occupancies=1
 XFFT: using grid [  32,  32,  60] and sublattice [  32(  33),  32(  33),   4]
 XTAREXPR:                 monitor=  0.540
 --------------- cycle=     1 --------------------------------------------------
 | Etotal =0.351      grad(E)=0.013      E(XREF)=0.351                         |
 -------------------------------------------------------------------------------
 CNSsolve> 
 CNSsolve>xray 
 XRAY>   evaluate ($lr=10.) 
 EVALUATE: symbol $LR set to    10.0000     (real)
 XRAY>   evaluate ($hr=1.5) 
 EVALUATE: symbol $HR set to    1.50000     (real)
 XRAY>   binresolution $lr $hr 
 XRAY>   mapresolution $hr 
 XRAY>   tselection=( $hr <= d <= $lr ) 
 XRAY> 
 XRAY>   predict 
 PREDict>     mode=reciprocal 
 PREDict>     to=fcalc 
 PREDict>     selection=( $hr <= d <= $lr ) 
 Total of       309 structure factor elements were selected.
 PREDict>     atomselection=( not hydrogen ) 
 SELRPN:    327 atoms have been selected out of    648
 PREDict>   end 
 FCALC: #scatt.=    327 #anomalous=   0 #special pos.=  0 occupancies=1
 XFFT: using grid [  40,  40,  64] and sublattice [  40(  41),  40(  41),   4]
 XRAY> 
 XRAY>   wa=0.0001 
 XRAY> 
 XRAY>   evaluate ($lr=7.08) 
 EVALUATE: symbol $LR set to    7.08000     (real)
 XRAY>   evaluate ($hr=5.0) 
 EVALUATE: symbol $HR set to    5.00000     (real)
 XRAY>   binresolution $lr $hr 
 XRAY>   tselection=( $hr <= d <= $lr ) 
 XRAY> 
 XRAY>   target= ( ( amplitude(fobs) - 
 TARGet-expression>                     sum(amplitude(fobs)*amplitude(fcalc))/sum(amplitude(fcalc)^2) 
 TARGet-expression>                     *  amplitude(fcalc) )^2 ) 
 XRAY> 
 XRAY>  bins=8 
 XRAY>  print target 
 XRTSELSET: number of selected reflections      10
 XTAREXPR:                 monitor=  0.180
 TARGET value (working set)=       45.94260
 XRAY> 
 XRAY>   statistics 
 STATistics>      (ave(d)) 
 STATistics>     ( sum (0.0001 ( amplitude(fobs) - 
 STATistics>                     sum(amplitude(fobs)*amplitude(fcalc))/sum(amplitude(fcalc)^2) 
 STATistics>                                   * amplitude(fcalc) )^2)   ) 
 STATistics>     (ave(d)) 
 STATistics>      (log(s^2)) 
 STATistics>      (ave(amplitude(fobs))) 
 STATistics>      (ave(amplitude(fcalc))) 
 STATistics> 
 STATistics>      selection=( 7.08 >= d >= 5.0 and amplitude(fobs)>0) 
 Total of        10 structure factor elements were selected.
 STATistics>      output=OUTPUT 
 STATistics>   end 
 #bin | resolution range | #refl | 
    1   6.61    7.08          3      7.0711   11.2349    7.0711   -3.9120  880.8831 1193.9473
    2   6.24    6.61          0      0.0000    0.0000    0.0000    0.0000    0.0000    0.0000
    3   5.94    6.24          3      6.0302    4.9606    6.0302   -3.5936  855.3718  944.1949
    4   5.70    5.94          1      5.7735    0.0000    5.7735   -3.5066 1655.9625 1892.6215
    5   5.49    5.70          0      0.0000    0.0000    0.0000    0.0000    0.0000    0.0000
    6   5.30    5.49          0      0.0000    0.0000    0.0000    0.0000    0.0000    0.0000
    7   5.14    5.30          0      0.0000    0.0000    0.0000    0.0000    0.0000    0.0000
    8   5.00    5.14          3      5.0000   29.7472    5.0000   -3.2189 2367.7675 2153.4473
 XRAY>   display  $expression1 $expression2 $expression3 $expression4 \ 
              $expression4 $expression5 $expression6 
 5 29.7472 5 -3.21888             -3.21888 2367.77 2153.45
 XRAY> 
 XRAY>   display $statistics.nbins 
8
 XRAY> 
 XRAY>   eval ($1=1) 
 EVALUATE: symbol $1 set to    1.00000     (real)
 XRAY>   while ($1 <= $statistics.nbins) loop stat 
 NEXTCD: condition evaluated as true
 XRAY> 
 XRAY>      display $1 $statistics.$1.high[f4.2] $statistics.$1.low[f4.2] $statistics.$1.nref  $statistics.$1.value[f8.4] 
1 5.00 5.14 3    5.0000
 XRAY> 
 XRAY>      eval ($1=$1+1) 
 EVALUATE: symbol $1 set to    2.00000     (real)
 XRAY>   end loop stat 
 XRAY>   while ($1 <= $statistics.nbins) loop stat 
 NEXTCD: condition evaluated as true
 XRAY> 
 XRAY>      display $1 $statistics.$1.high[f4.2] $statistics.$1.low[f4.2] $statistics.$1.nref  $statistics.$1.value[f8.4] 
2 5.14 5.30 0    0.0000
 XRAY> 
 XRAY>      eval ($1=$1+1) 
 EVALUATE: symbol $1 set to    3.00000     (real)
 XRAY>   end loop stat 
 XRAY>   while ($1 <= $statistics.nbins) loop stat 
 NEXTCD: condition evaluated as true
 XRAY> 
 XRAY>      display $1 $statistics.$1.high[f4.2] $statistics.$1.low[f4.2] $statistics.$1.nref  $statistics.$1.value[f8.4] 
3 5.30 5.49 0    0.0000
 XRAY> 
 XRAY>      eval ($1=$1+1) 
 EVALUATE: symbol $1 set to    4.00000     (real)
 XRAY>   end loop stat 
 XRAY>   while ($1 <= $statistics.nbins) loop stat 
 NEXTCD: condition evaluated as true
 XRAY> 
 XRAY>      display $1 $statistics.$1.high[f4.2] $statistics.$1.low[f4.2] $statistics.$1.nref  $statistics.$1.value[f8.4] 
4 5.49 5.70 0    0.0000
 XRAY> 
 XRAY>      eval ($1=$1+1) 
 EVALUATE: symbol $1 set to    5.00000     (real)
 XRAY>   end loop stat 
 XRAY>   while ($1 <= $statistics.nbins) loop stat 
 NEXTCD: condition evaluated as true
 XRAY> 
 XRAY>      display $1 $statistics.$1.high[f4.2] $statistics.$1.low[f4.2] $statistics.$1.nref  $statistics.$1.value[f8.4] 
5 5.70 5.94 1    5.7735
 XRAY> 
 XRAY>      eval ($1=$1+1) 
 EVALUATE: symbol $1 set to    6.00000     (real)
 XRAY>   end loop stat 
 XRAY>   while ($1 <= $statistics.nbins) loop stat 
 NEXTCD: condition evaluated as true
 XRAY> 
 XRAY>      display $1 $statistics.$1.high[f4.2] $statistics.$1.low[f4.2] $statistics.$1.nref  $statistics.$1.value[f8.4] 
6 5.94 6.24 3    6.0302
 XRAY> 
 XRAY>      eval ($1=$1+1) 
 EVALUATE: symbol $1 set to    7.00000     (real)
 XRAY>   end loop stat 
 XRAY>   while ($1 <= $statistics.nbins) loop stat 
 NEXTCD: condition evaluated as true
 XRAY> 
 XRAY>      display $1 $statistics.$1.high[f4.2] $statistics.$1.low[f4.2] $statistics.$1.nref  $statistics.$1.value[f8.4] 
7 6.24 6.61 0    0.0000
 XRAY> 
 XRAY>      eval ($1=$1+1) 
 EVALUATE: symbol $1 set to    8.00000     (real)
 XRAY>   end loop stat 
 XRAY>   while ($1 <= $statistics.nbins) loop stat 
 NEXTCD: condition evaluated as true
 XRAY> 
 XRAY>      display $1 $statistics.$1.high[f4.2] $statistics.$1.low[f4.2] $statistics.$1.nref  $statistics.$1.value[f8.4] 
8 6.61 7.08 3    7.0711
 XRAY> 
 XRAY>      eval ($1=$1+1) 
 EVALUATE: symbol $1 set to    9.00000     (real)
 XRAY>   end loop stat 
 XRAY>   while ($1 <= $statistics.nbins) loop stat 
 NEXTCD: condition evaluated as false
 XRAY> 
 XRAY>      display $1 $statistics.$1.high[f4.2] $statistics.$1.low[f4.2] $statistics.$1.nref  $statistics.$1.value[f8.4] 
 XRAY> 
 XRAY>      eval ($1=$1+1) 
 XRAY>   end loop stat 
 XRAY> 
 XRAY>   print target 
 XTAREXPR:                 monitor=  0.180
 TARGET value (working set)=       45.94260
 XRAY>end 
 CNSsolve> 
 CNSsolve>xray 
 XRAY> 
 XRAY>   mapresolution 2 
 XRAY>   predict 
 PREDict>     mode=reciprocal 
 PREDict>     to=fcalc 
 PREDict>     selection=( $hr <= d <= $lr ) 
 Total of        10 structure factor elements were selected.
 PREDict>     atomselection=( not hydrogen ) 
 SELRPN:    327 atoms have been selected out of    648
 PREDict>   end 
 FCALC: #scatt.=    327 #anomalous=   0 #special pos.=  0 occupancies=1
 XFFT: using grid [  30,  30,  30] and sublattice [  30(  31),  30(  31),   2]
 XRAY>   eval ($k2= .8842) 
 EVALUATE: symbol $K2 set to   0.884200     (real)
 XRAY>   target=( resi[k=$k2](amplitude(fobs),fcalc+fpart,1)) 
 XRAY>   dtarget=( dresi[k=$k2](amplitude(fobs),fcalc+fpart,1)) 
 XRAY>  monitor=( rvalue[overall,k=$k2](fobs,fcalc+fpart)) 
 XRAY> 
 XRAY>   wa=10000 
 XRAY> 
 XRAY>   statistics overall 
 STATistics>       completeness 
 STATistics>      ( 10000* sum (  ( amplitude(fobs) - $k2 amplitude(fcalc) )^2) / 
 STATistics>				  sum (amplitude(fobs)^2)   ) 
 STATistics>       (10000* sum(amplitude( - (2.* $k2 /sum (amplitude(fobs)^2) ) * 
 STATistics>	( amplitude(fobs) - $k2 amplitude(fcalc) ) * fcalc / amplitude(fcalc) )) ) 
 STATistics>      selection=( 7.08 >= d >= 5.0 and amplitude(fobs)>0) 
 Total of        10 structure factor elements were selected.
 STATistics>      output=OUTPUT 
 STATistics>  end 
 #bin | resolution range | #refl | 
    1   5.00    7.08         10      1.0000  447.6622    1.6136
 XRAY> 
 XRAY>display $reflections $expression1 $expression2 $expression3 $expression4 $expression5 
10 1 447.662 1.61356 -3.21888 2367.77
 XRAY> 
 XRAY>   statistics 
 STATistics>       completeness 
 STATistics>      ( 10000* sum (  ( amplitude(fobs) - $k2 amplitude(fcalc) )^2) / 
 STATistics>				   sum (amplitude(fobs)^2)   ) 
 STATistics>       (10000* sum(amplitude( - (2.* $k2 /sum (amplitude(fobs)^2) ) * 
 STATistics>	 ( amplitude(fobs) - $k2 amplitude(fcalc) ) * fcalc / amplitude(fcalc) )) ) 
 STATistics>      selection=( 7.08 >= d >= 5.0 and amplitude(fobs)>0) 
 Total of        10 structure factor elements were selected.
 STATistics>      output=OUTPUT 
 STATistics>  end 
 #bin | resolution range | #refl | 
    1   6.61    7.08          3      1.0000  951.6129    5.0924
    2   6.24    6.61          0      0.0000    0.0000    0.0000
    3   5.94    6.24          3      1.0000  199.5315    1.9607
    4   5.70    5.94          1      1.0000    1.1198    0.1130
    5   5.49    5.70          0      0.0000    0.0000    0.0000
    6   5.30    5.49          0      0.0000    0.0000    0.0000
    7   5.14    5.30          0      0.0000    0.0000    0.0000
    8   5.00    5.14          3      1.0000  497.6060    1.3050
 XRAY> 
 XRAY>display $reflections $expression1 $expression2 $expression3 $expression4 $expression5 
3 1 497.606 1.30504 -3.21888 2367.77
 XRAY> 
 XRAY> 
 XRAY> 
 XRAY>   bins=1 
 XRAY>   statistics 
 STATistics>       completeness 
 STATistics>      ( 10000* sum (  ( amplitude(fobs) - $k2 amplitude(fcalc) )^2) / 
 STATistics>				   sum (amplitude(fobs)^2)   ) 
 STATistics>       (10000* sum(amplitude( - (2.* $k2 /sum (amplitude(fobs)^2) ) * 
 STATistics>	 ( amplitude(fobs) - $k2 amplitude(fcalc) ) * fcalc / amplitude(fcalc) )) ) 
 STATistics>      selection=( 7.08 >= d >= 5.0 and amplitude(fobs)>0) 
 Total of        10 structure factor elements were selected.
 STATistics>      output=OUTPUT 
 STATistics>  end 
 #bin | resolution range | #refl | 
    1   5.00    7.08         10      1.0000  447.6622    1.6136
 XRAY> 
 XRAY>display $reflections $expression1 $expression2 $expression3 $expression4 $expression5 
10 1 447.662 1.61356 -3.21888 2367.77
 XRAY> 
 XRAY>end 
 CNSsolve> 
 CNSsolve> 
 CNSsolve>stop 
          ============================================================
           Maximum dynamic memory allocation:    12565088 bytes
           Maximum dynamic memory overhead:          2000 bytes
           Program started at: 16:08:42 on 05-Jul-2018
           Program stopped at: 16:08:42 on 05-Jul-2018
           CPU time used:       0.7651 seconds
          ============================================================
